Archive member included to satisfy reference by file (symbol)

.\CortexM3\ARM_GCC_541\Debug\RTOS_UART_Project_Psoc1.a(CyLib.o)
                              .\CortexM3\ARM_GCC_541\Debug\Cm3Start.o (CyHalt)
.\CortexM3\ARM_GCC_541\Debug\RTOS_UART_Project_Psoc1.a(cyPm.o)
                              .\CortexM3\ARM_GCC_541\Debug\RTOS_UART_Project_Psoc1.a(CyLib.o) (CyPmReadStatus)
.\CortexM3\ARM_GCC_541\Debug\RTOS_UART_Project_Psoc1.a(LED.o)
                              .\CortexM3\ARM_GCC_541\Debug\main.o (LED_Write)
.\CortexM3\ARM_GCC_541\Debug\RTOS_UART_Project_Psoc1.a(ISR_UART.o)
                              .\CortexM3\ARM_GCC_541\Debug\main.o (ISR_UART_StartEx)
.\CortexM3\ARM_GCC_541\Debug\RTOS_UART_Project_Psoc1.a(UART.o)
                              .\CortexM3\ARM_GCC_541\Debug\main.o (UART_Start)
.\CortexM3\ARM_GCC_541\Debug\RTOS_UART_Project_Psoc1.a(UART_INT.o)
                              .\CortexM3\ARM_GCC_541\Debug\RTOS_UART_Project_Psoc1.a(UART.o) (UART_TXISR)
.\CortexM3\ARM_GCC_541\Debug\RTOS_UART_Project_Psoc1.a(UART_IntClock.o)
                              .\CortexM3\ARM_GCC_541\Debug\RTOS_UART_Project_Psoc1.a(UART.o) (UART_IntClock_Start)
.\CortexM3\ARM_GCC_541\Debug\RTOS_UART_Project_Psoc1.a(Timer.o)
                              .\CortexM3\ARM_GCC_541\Debug\main.o (Timer_Stop)
.\CortexM3\ARM_GCC_541\Debug\RTOS_UART_Project_Psoc1.a(Echo.o)
                              .\CortexM3\ARM_GCC_541\Debug\main.o (Echo_Read)
.\CortexM3\ARM_GCC_541\Debug\RTOS_UART_Project_Psoc1.a(Trigger.o)
                              .\CortexM3\ARM_GCC_541\Debug\main.o (Trigger_Write)
.\CortexM3\ARM_GCC_541\Debug\RTOS_UART_Project_Psoc1.a(PWM_Servo.o)
                              .\CortexM3\ARM_GCC_541\Debug\main.o (PWM_Servo_WriteCompare)
.\CortexM3\ARM_GCC_541\Debug\RTOS_UART_Project_Psoc1.a(PWM_Music.o)
                              .\CortexM3\ARM_GCC_541\Debug\main.o (PWM_Music_WriteCompare)
.\CortexM3\ARM_GCC_541\Debug\RTOS_UART_Project_Psoc1.a(UART_USB.o)
                              .\CortexM3\ARM_GCC_541\Debug\main.o (UART_USB_Start)
.\CortexM3\ARM_GCC_541\Debug\RTOS_UART_Project_Psoc1.a(UART_USB_IntClock.o)
                              .\CortexM3\ARM_GCC_541\Debug\RTOS_UART_Project_Psoc1.a(UART_USB.o) (UART_USB_IntClock_Start)
.\CortexM3\ARM_GCC_541\Debug\RTOS_UART_Project_Psoc1.a(CyBootAsmGnu.o)
                              .\CortexM3\ARM_GCC_541\Debug\cyfitter_cfg.o (CyDelayCycles)
.\CortexM3\ARM_GCC_541\Debug\RTOS_UART_Project_Psoc1.a(CyFlash.o)
                              .\CortexM3\ARM_GCC_541\Debug\RTOS_UART_Project_Psoc1.a(cyPm.o) (CyFlash_SetWaitCycles)
.\CortexM3\ARM_GCC_541\Debug\RTOS_UART_Project_Psoc1.a(CySpc.o)
                              .\CortexM3\ARM_GCC_541\Debug\RTOS_UART_Project_Psoc1.a(CyFlash.o) (CySpcStart)
c:/program files (x86)/cypress/psoc creator/4.2/psoc creator/import/gnu/arm/5.4.1/bin/../lib/gcc/arm-none-eabi/5.4.1/armv7-m\libgcc.a(_arm_addsubdf3.o)
                              .\CortexM3\ARM_GCC_541\Debug\main.o (__aeabi_i2d)
c:/program files (x86)/cypress/psoc creator/4.2/psoc creator/import/gnu/arm/5.4.1/bin/../lib/gcc/arm-none-eabi/5.4.1/armv7-m\libgcc.a(_arm_muldivdf3.o)
                              .\CortexM3\ARM_GCC_541\Debug\main.o (__aeabi_dmul)
c:/program files (x86)/cypress/psoc creator/4.2/psoc creator/import/gnu/arm/5.4.1/bin/../lib/gcc/arm-none-eabi/5.4.1/armv7-m\libgcc.a(_arm_fixdfsi.o)
                              .\CortexM3\ARM_GCC_541\Debug\main.o (__aeabi_d2iz)
c:/program files (x86)/cypress/psoc creator/4.2/psoc creator/import/gnu/arm/5.4.1/bin/../lib/gcc/arm-none-eabi/5.4.1/../../../../arm-none-eabi/lib/armv7-m\libg_nano.a(lib_a-errno.o)
                              .\CortexM3\ARM_GCC_541\Debug\Cm3Start.o (__errno)
c:/program files (x86)/cypress/psoc creator/4.2/psoc creator/import/gnu/arm/5.4.1/bin/../lib/gcc/arm-none-eabi/5.4.1/../../../../arm-none-eabi/lib/armv7-m\libg_nano.a(lib_a-exit.o)
                              c:/program files (x86)/cypress/psoc creator/4.2/psoc creator/import/gnu/arm/5.4.1/bin/../lib/gcc/arm-none-eabi/5.4.1/../../../../arm-none-eabi/lib/armv7-m/crt0.o (exit)
c:/program files (x86)/cypress/psoc creator/4.2/psoc creator/import/gnu/arm/5.4.1/bin/../lib/gcc/arm-none-eabi/5.4.1/../../../../arm-none-eabi/lib/armv7-m\libg_nano.a(lib_a-impure.o)
                              c:/program files (x86)/cypress/psoc creator/4.2/psoc creator/import/gnu/arm/5.4.1/bin/../lib/gcc/arm-none-eabi/5.4.1/../../../../arm-none-eabi/lib/armv7-m\libg_nano.a(lib_a-exit.o) (_global_impure_ptr)
c:/program files (x86)/cypress/psoc creator/4.2/psoc creator/import/gnu/arm/5.4.1/bin/../lib/gcc/arm-none-eabi/5.4.1/../../../../arm-none-eabi/lib/armv7-m\libg_nano.a(lib_a-init.o)
                              c:/program files (x86)/cypress/psoc creator/4.2/psoc creator/import/gnu/arm/5.4.1/bin/../lib/gcc/arm-none-eabi/5.4.1/../../../../arm-none-eabi/lib/armv7-m/crt0.o (__libc_init_array)
[...]
Memory Configuration

Name             Origin             Length             Attributes
rom              0x00000000         0x00040000         xr
ram              0x1fff8000         0x00010000         xrw
*default*        0x00000000         0xffffffff

Linker script and memory map

LOAD c:/program files (x86)/cypress/psoc creator/4.2/psoc creator/import/gnu/arm/5.4.1/bin/../lib/gcc/arm-none-eabi/5.4.1/armv7-m/crti.o
LOAD c:/program files (x86)/cypress/psoc creator/4.2/psoc creator/import/gnu/arm/5.4.1/bin/../lib/gcc/arm-none-eabi/5.4.1/armv7-m/crtbegin.o
LOAD c:/program files (x86)/cypress/psoc creator/4.2/psoc creator/import/gnu/arm/5.4.1/bin/../lib/gcc/arm-none-eabi/5.4.1/../../../../arm-none-eabi/lib/armv7-m/crt0.o
START GROUP
LOAD .\CortexM3\ARM_GCC_541\Debug\main.o
LOAD .\CortexM3\ARM_GCC_541\Debug\heap_1.o
LOAD .\CortexM3\ARM_GCC_541\Debug\port.o
LOAD .\CortexM3\ARM_GCC_541\Debug\croutine.o
LOAD .\CortexM3\ARM_GCC_541\Debug\event_groups.o
LOAD .\CortexM3\ARM_GCC_541\Debug\FreeRTOS_PSoC.o
LOAD .\CortexM3\ARM_GCC_541\Debug\list.o
LOAD .\CortexM3\ARM_GCC_541\Debug\queue.o
LOAD .\CortexM3\ARM_GCC_541\Debug\stream_buffer.o
LOAD .\CortexM3\ARM_GCC_541\Debug\tasks.o
LOAD .\CortexM3\ARM_GCC_541\Debug\timers.o
LOAD .\CortexM3\ARM_GCC_541\Debug\cyfitter_cfg.o
LOAD .\CortexM3\ARM_GCC_541\Debug\cymetadata.o
LOAD .\CortexM3\ARM_GCC_541\Debug\Cm3Start.o
LOAD .\CortexM3\ARM_GCC_541\Debug\RTOS_UART_Project_Psoc1.a
LOAD C:\Program Files (x86)\Cypress\PSoC Creator\4.2\PSoC Creator\psoc\content\cycomponentlibrary\CyComponentLibrary.cylib\CortexM3\ARM_GCC_541\Debug\CyComponentLibrary.a
END GROUP
START GROUP
LOAD c:/program files (x86)/cypress/psoc creator/4.2/psoc creator/import/gnu/arm/5.4.1/bin/../lib/gcc/arm-none-eabi/5.4.1/armv7-m\libgcc.a
LOAD c:/program files (x86)/cypress/psoc creator/4.2/psoc creator/import/gnu/arm/5.4.1/bin/../lib/gcc/arm-none-eabi/5.4.1/../../../../arm-none-eabi/lib/armv7-m\libg_nano.a
LOAD c:/program files (x86)/cypress/psoc creator/4.2/psoc creator/import/gnu/arm/5.4.1/bin/../lib/gcc/arm-none-eabi/5.4.1/../../../../arm-none-eabi/lib/armv7-m\libc_nano.a
END GROUP
START GROUP
LOAD c:/program files (x86)/cypress/psoc creator/4.2/psoc creator/import/gnu/arm/5.4.1/bin/../lib/gcc/arm-none-eabi/5.4.1/armv7-m\libgcc.a
LOAD c:/program files (x86)/cypress/psoc creator/4.2/psoc creator/import/gnu/arm/5.4.1/bin/../lib/gcc/arm-none-eabi/5.4.1/../../../../arm-none-eabi/lib/armv7-m\libc_nano.a
END GROUP
LOAD c:/program files (x86)/cypress/psoc creator/4.2/psoc creator/import/gnu/arm/5.4.1/bin/../lib/gcc/arm-none-eabi/5.4.1/armv7-m/crtend.o
LOAD c:/program files (x86)/cypress/psoc creator/4.2/psoc creator/import/gnu/arm/5.4.1/bin/../lib/gcc/arm-none-eabi/5.4.1/armv7-m/crtn.o
START GROUP
LOAD c:/program files (x86)/cypress/psoc creator/4.2/psoc creator/import/gnu/arm/5.4.1/bin/../lib/gcc/arm-none-eabi/5.4.1/armv7-m\libgcc.a
LOAD c:/program files (x86)/cypress/psoc creator/4.2/psoc creator/import/gnu/arm/5.4.1/bin/../lib/gcc/arm-none-eabi/5.4.1/../../../../arm-none-eabi/lib/armv7-m\libc.a
LOAD c:/program files (x86)/cypress/psoc creator/4.2/psoc creator/import/gnu/arm/5.4.1/bin/../lib/gcc/arm-none-eabi/5.4.1/../../../../arm-none-eabi/lib/armv7-m\libnosys.a
END GROUP
                0x00000000                CY_APPL_ORIGIN = 0x0
                0x00000100                CY_FLASH_ROW_SIZE = 0x100
                0x00000020                CY_ECC_ROW_SIZE = 0x20
                0x00000000                CY_EE_IN_BTLDR = 0x0
                0x00000000                CY_APPL_LOADABLE = 0x0
                0x00000800                CY_EE_SIZE = 0x800
                0x00000001                CY_APPL_NUM = 0x1
                0x00000001                CY_APPL_MAX = 0x1
                0x00000040                CY_METADATA_SIZE = 0x40
                0x00000000                CY_APPL_LOADABLE = 0x0
                0x00000000                CY_CHECKSUM_EXCLUDE_SIZE = ALIGN (0x0, CY_FLASH_ROW_SIZE)
                [!provide]                PROVIDE (__cy_heap_start, _end)
                0x00000001                PROVIDE (__cy_region_num, ((__cy_regions_end - __cy_regions) / 0x10))
                0x20008000                PROVIDE (__cy_stack, (ORIGIN (ram) + LENGTH (ram)))
                [!provide]                PROVIDE (__cy_heap_end, (__cy_stack - 0x800))

.cybootloader   0x00000000        0x0
 *(.cybootloader)
                0x00000000                appl1_start = CY_APPL_ORIGIN?CY_APPL_ORIGIN:ALIGN (CY_FLASH_ROW_SIZE)
                0x0001ff00                appl2_start = (appl1_start + ALIGN ((((LENGTH (rom) - appl1_start) - (0x2 * CY_FLASH_ROW_SIZE)) / 0x2), CY_FLASH_ROW_SIZE))
                0x00000000                appl_start = (CY_APPL_NUM == 0x1)?appl1_start:appl2_start
                0x00000000                ecc_offset = ((appl_start / CY_FLASH_ROW_SIZE) * CY_ECC_ROW_SIZE)
                0x00000000                ee_offset = (CY_APPL_LOADABLE && ! (CY_EE_IN_BTLDR))?((CY_EE_SIZE / CY_APPL_MAX) * (CY_APPL_NUM - 0x1)):0x0
                0x00000800                ee_size = (CY_APPL_LOADABLE && ! (CY_EE_IN_BTLDR))?(CY_EE_SIZE / CY_APPL_MAX):CY_EE_SIZE
                [!provide]                PROVIDE (CY_ECC_OFFSET, ecc_offset)

.text           0x00000000     0x279a
 CREATE_OBJECT_SYMBOLS
                0x00000000                PROVIDE (__cy_interrupt_vector, RomVectors)
 *(.romvectors)
 .romvectors    0x00000000       0x10 .\CortexM3\ARM_GCC_541\Debug\Cm3Start.o
                0x00000000                RomVectors
                0x00000001                ASSERT ((. != __cy_interrupt_vector), No interrupt vector)
                0x00000001                ASSERT (CY_APPL_ORIGIN?(SIZEOF (.cybootloader) <= CY_APPL_ORIGIN):0x1, Wrong image location)
                0x00000010                PROVIDE (__cy_reset, Reset)
 *(.text.Reset)
 .text.Reset    0x00000010       0x18 .\CortexM3\ARM_GCC_541\Debug\Cm3Start.o
                0x00000010                Reset
                0x00000001                ASSERT ((. != __cy_reset), No reset code)
 *(.dma_init)
                0x00000001                ASSERT ((((appl_start + .) <= 0x10000) || 0x1), DMA Init must be within the first 64k of flash)
 *(.text .text.* .gnu.linkonce.t.*)
 .text          0x00000028       0x5c c:/program files (x86)/cypress/psoc creator/4.2/psoc creator/import/gnu/arm/5.4.1/bin/../lib/gcc/arm-none-eabi/5.4.1/armv7-m/crtbegin.o
 .text.myISR_UART
                0x00000084       0x48 .\CortexM3\ARM_GCC_541\Debug\main.o
                0x00000084                myISR_UART
 *fill*         0x000000cc        0x4 
 .text.vReadUltraSonicTask
                0x000000d0       0x8c .\CortexM3\ARM_GCC_541\Debug\main.o
                0x000000d0                vReadUltraSonicTask
 .text.myPSoCSetup
                0x0000015c       0x38 .\CortexM3\ARM_GCC_541\Debug\main.o
                0x0000015c                myPSoCSetup
 .text.main     0x00000194       0x4c .\CortexM3\ARM_GCC_541\Debug\main.o
                0x00000194                main
 .text.pvPortMalloc
                0x000001e0       0x60 .\CortexM3\ARM_GCC_541\Debug\heap_1.o
                0x000001e0                pvPortMalloc
 .text.vPortFree
                0x00000240        0x4 .\CortexM3\ARM_GCC_541\Debug\heap_1.o
                0x00000240                vPortFree
 .text.prvTaskExitError
                0x00000244       0x20 .\CortexM3\ARM_GCC_541\Debug\port.o
 .text.prvPortStartFirstTask
                0x00000264       0x20 .\CortexM3\ARM_GCC_541\Debug\port.o
 .text.pxPortInitialiseStack
                0x00000284       0x24 .\CortexM3\ARM_GCC_541\Debug\port.o
                0x00000284                pxPortInitialiseStack
 *fill*         0x000002a8        0x8 
 .text.vPortSVCHandler
                0x000002b0       0x24 .\CortexM3\ARM_GCC_541\Debug\port.o
                0x000002b0                vPortSVCHandler
 .text.vPortEnterCritical
                0x000002d4       0x20 .\CortexM3\ARM_GCC_541\Debug\port.o
                0x000002d4                vPortEnterCritical
 .text.vPortExitCritical
                0x000002f4       0x14 .\CortexM3\ARM_GCC_541\Debug\port.o
                0x000002f4                vPortExitCritical
 *fill*         0x00000308        0x8 
 .text.xPortPendSVHandler
                0x00000310       0x44 .\CortexM3\ARM_GCC_541\Debug\port.o
                0x00000310                xPortPendSVHandler
 .text.xPortSysTickHandler
                0x00000354       0x2c .\CortexM3\ARM_GCC_541\Debug\port.o
                0x00000354                xPortSysTickHandler
 .text.vPortSetupTimerInterrupt
                0x00000380       0x24 .\CortexM3\ARM_GCC_541\Debug\port.o
                0x00000380                vPortSetupTimerInterrupt
 .text.xPortStartScheduler
                0x000003a4       0x38 .\CortexM3\ARM_GCC_541\Debug\port.o
                0x000003a4                xPortStartScheduler
 .text.FreeRTOS_Init
                0x000003dc       0x20 .\CortexM3\ARM_GCC_541\Debug\FreeRTOS_PSoC.o
                0x000003dc                FreeRTOS_Init
 .text.vListInitialise
                0x000003fc       0x18 .\CortexM3\ARM_GCC_541\Debug\list.o
                0x000003fc                vListInitialise
 .text.vListInitialiseItem
                0x00000414        0x8 .\CortexM3\ARM_GCC_541\Debug\list.o
                0x00000414                vListInitialiseItem
 .text.vListInsertEnd
                0x0000041c       0x18 .\CortexM3\ARM_GCC_541\Debug\list.o
                0x0000041c                vListInsertEnd
 .text.vListInsert
                0x00000434       0x34 .\CortexM3\ARM_GCC_541\Debug\list.o
                0x00000434                vListInsert
 .text.uxListRemove
                0x00000468       0x28 .\CortexM3\ARM_GCC_541\Debug\list.o
                0x00000468                uxListRemove
 .text.prvBytesInBuffer
                0x00000490       0x14 .\CortexM3\ARM_GCC_541\Debug\stream_buffer.o
 .text.prvInitialiseNewStreamBuffer
                0x000004a4       0x28 .\CortexM3\ARM_GCC_541\Debug\stream_buffer.o
 .text.prvWriteBytesToBuffer
                0x000004cc       0x44 .\CortexM3\ARM_GCC_541\Debug\stream_buffer.o
 .text.prvWriteMessageToBuffer
                0x00000510       0x54 .\CortexM3\ARM_GCC_541\Debug\stream_buffer.o
 .text.xStreamBufferGenericCreate
                0x00000564       0x2c .\CortexM3\ARM_GCC_541\Debug\stream_buffer.o
                0x00000564                xStreamBufferGenericCreate
 .text.xStreamBufferSpacesAvailable
                0x00000590       0x14 .\CortexM3\ARM_GCC_541\Debug\stream_buffer.o
                0x00000590                xStreamBufferSpacesAvailable
 .text.xStreamBufferSendFromISR
                0x000005a4       0x78 .\CortexM3\ARM_GCC_541\Debug\stream_buffer.o
                0x000005a4                xStreamBufferSendFromISR
 .text.prvResetNextTaskUnblockTime
                0x0000061c       0x2c .\CortexM3\ARM_GCC_541\Debug\tasks.o
 .text.prvDeleteTCB
                0x00000648       0x14 .\CortexM3\ARM_GCC_541\Debug\tasks.o
 .text.prvInitialiseNewTask
                0x0000065c       0x90 .\CortexM3\ARM_GCC_541\Debug\tasks.o
 .text.prvInitialiseTaskLists
                0x000006ec       0x58 .\CortexM3\ARM_GCC_541\Debug\tasks.o
 .text.prvAddNewTaskToReadyList
                0x00000744       0xac .\CortexM3\ARM_GCC_541\Debug\tasks.o
 .text.prvCheckTasksWaitingTermination
                0x000007f0       0x44 .\CortexM3\ARM_GCC_541\Debug\tasks.o
 .text.prvIdleTask
                0x00000834        0x8 .\CortexM3\ARM_GCC_541\Debug\tasks.o
 .text.prvAddCurrentTaskToDelayedList
                0x0000083c       0x84 .\CortexM3\ARM_GCC_541\Debug\tasks.o
 .text.xTaskCreate
                0x000008c0       0x64 .\CortexM3\ARM_GCC_541\Debug\tasks.o
                0x000008c0                xTaskCreate
 .text.vTaskStartScheduler
                0x00000924       0x58 .\CortexM3\ARM_GCC_541\Debug\tasks.o
                0x00000924                vTaskStartScheduler
 .text.vTaskSuspendAll
                0x0000097c       0x14 .\CortexM3\ARM_GCC_541\Debug\tasks.o
                0x0000097c                vTaskSuspendAll
 .text.xTaskIncrementTick
                0x00000990      0x108 .\CortexM3\ARM_GCC_541\Debug\tasks.o
                0x00000990                xTaskIncrementTick
 .text.xTaskResumeAll
                0x00000a98       0xd8 .\CortexM3\ARM_GCC_541\Debug\tasks.o
                0x00000a98                xTaskResumeAll
 .text.vTaskDelay
                0x00000b70       0x34 .\CortexM3\ARM_GCC_541\Debug\tasks.o
                0x00000b70                vTaskDelay
 .text.vTaskSwitchContext
                0x00000ba4       0x70 .\CortexM3\ARM_GCC_541\Debug\tasks.o
                0x00000ba4                vTaskSwitchContext
 .text.xTaskGenericNotifyFromISR
                0x00000c14       0xd8 .\CortexM3\ARM_GCC_541\Debug\tasks.o
                0x00000c14                xTaskGenericNotifyFromISR
 .text.CyClockStartupError
                0x00000cec        0x4 .\CortexM3\ARM_GCC_541\Debug\cyfitter_cfg.o
 .text.cfg_write_bytes32
                0x00000cf0       0x34 .\CortexM3\ARM_GCC_541\Debug\cyfitter_cfg.o
 .text.AnalogSetDefault
                0x00000d24       0x28 .\CortexM3\ARM_GCC_541\Debug\cyfitter_cfg.o
 .text.CYMEMZERO
                0x00000d4c        0xc .\CortexM3\ARM_GCC_541\Debug\cyfitter_cfg.o
 .text.ClockSetup
                0x00000d58       0xe8 .\CortexM3\ARM_GCC_541\Debug\cyfitter_cfg.o
 .text.CYCONFIGCPY
                0x00000e40        0x8 .\CortexM3\ARM_GCC_541\Debug\cyfitter_cfg.o
 .text.cyfitter_cfg
                0x00000e48      0x100 .\CortexM3\ARM_GCC_541\Debug\cyfitter_cfg.o
                0x00000e48                cyfitter_cfg
 .text.IntDefaultHandler
                0x00000f48       0x10 .\CortexM3\ARM_GCC_541\Debug\Cm3Start.o
                0x00000f48                IntDefaultHandler
 .text._sbrk    0x00000f58       0x30 .\CortexM3\ARM_GCC_541\Debug\Cm3Start.o
                0x00000f58                _sbrk
 .text.Start_c  0x00000f88       0x4c .\CortexM3\ARM_GCC_541\Debug\Cm3Start.o
                0x00000f88                Start_c
 .text.initialize_psoc
                0x00000fd4       0x68 .\CortexM3\ARM_GCC_541\Debug\Cm3Start.o
                0x00000fd4                initialize_psoc
 .text.CyHalt   0x0000103c        0x4 .\CortexM3\ARM_GCC_541\Debug\RTOS_UART_Project_Psoc1.a(CyLib.o)
                0x0000103c                CyHalt
 .text.CyDelay  0x00001040       0x2c .\CortexM3\ARM_GCC_541\Debug\RTOS_UART_Project_Psoc1.a(CyLib.o)
                0x00001040                CyDelay
 .text.CyIntSetVector
                0x0000106c       0x28 .\CortexM3\ARM_GCC_541\Debug\RTOS_UART_Project_Psoc1.a(CyLib.o)
                0x0000106c                CyIntSetVector
 .text.CyIntSetPriority
                0x00001094       0x30 .\CortexM3\ARM_GCC_541\Debug\RTOS_UART_Project_Psoc1.a(CyLib.o)
                0x00001094                CyIntSetPriority
 .text.LED_Write
                0x000010c4       0x18 .\CortexM3\ARM_GCC_541\Debug\RTOS_UART_Project_Psoc1.a(LED.o)
                0x000010c4                LED_Write
 .text.ISR_UART_SetVector
                0x000010dc        0xc .\CortexM3\ARM_GCC_541\Debug\RTOS_UART_Project_Psoc1.a(ISR_UART.o)
                0x000010dc                ISR_UART_SetVector
 .text.ISR_UART_SetPriority
                0x000010e8       0x10 .\CortexM3\ARM_GCC_541\Debug\RTOS_UART_Project_Psoc1.a(ISR_UART.o)
                0x000010e8                ISR_UART_SetPriority
 .text.ISR_UART_Enable
                0x000010f8        0xc .\CortexM3\ARM_GCC_541\Debug\RTOS_UART_Project_Psoc1.a(ISR_UART.o)
                0x000010f8                ISR_UART_Enable
 .text.ISR_UART_Disable
                0x00001104        0xc .\CortexM3\ARM_GCC_541\Debug\RTOS_UART_Project_Psoc1.a(ISR_UART.o)
                0x00001104                ISR_UART_Disable
 .text.ISR_UART_StartEx
                0x00001110       0x1c .\CortexM3\ARM_GCC_541\Debug\RTOS_UART_Project_Psoc1.a(ISR_UART.o)
                0x00001110                ISR_UART_StartEx
 .text.UART_Init
                0x0000112c       0x44 .\CortexM3\ARM_GCC_541\Debug\RTOS_UART_Project_Psoc1.a(UART.o)
                0x0000112c                UART_Init
 .text.UART_Enable
                0x00001170       0x4c .\CortexM3\ARM_GCC_541\Debug\RTOS_UART_Project_Psoc1.a(UART.o)
                0x00001170                UART_Enable
 .text.UART_Start
                0x000011bc       0x1c .\CortexM3\ARM_GCC_541\Debug\RTOS_UART_Project_Psoc1.a(UART.o)
                0x000011bc                UART_Start
 .text.UART_ReadRxData
                0x000011d8        0xc .\CortexM3\ARM_GCC_541\Debug\RTOS_UART_Project_Psoc1.a(UART.o)
                0x000011d8                UART_ReadRxData
 .text.UART_ReadRxStatus
                0x000011e4       0x10 .\CortexM3\ARM_GCC_541\Debug\RTOS_UART_Project_Psoc1.a(UART.o)
                0x000011e4                UART_ReadRxStatus
 .text.UART_GetByte
                0x000011f4       0x14 .\CortexM3\ARM_GCC_541\Debug\RTOS_UART_Project_Psoc1.a(UART.o)
                0x000011f4                UART_GetByte
 .text.UART_GetRxBufferSize
                0x00001208       0x18 .\CortexM3\ARM_GCC_541\Debug\RTOS_UART_Project_Psoc1.a(UART.o)
                0x00001208                UART_GetRxBufferSize
 .text.UART_PutChar
                0x00001220       0x70 .\CortexM3\ARM_GCC_541\Debug\RTOS_UART_Project_Psoc1.a(UART.o)
                0x00001220                UART_PutChar
 .text.UART_TXISR
                0x00001290       0x58 .\CortexM3\ARM_GCC_541\Debug\RTOS_UART_Project_Psoc1.a(UART_INT.o)
                0x00001290                UART_TXISR
 .text.UART_IntClock_Start
                0x000012e8       0x1c .\CortexM3\ARM_GCC_541\Debug\RTOS_UART_Project_Psoc1.a(UART_IntClock.o)
                0x000012e8                UART_IntClock_Start
 .text.Timer_Enable
                0x00001304       0x28 .\CortexM3\ARM_GCC_541\Debug\RTOS_UART_Project_Psoc1.a(Timer.o)
                0x00001304                Timer_Enable
 .text.Timer_Stop
                0x0000132c       0x28 .\CortexM3\ARM_GCC_541\Debug\RTOS_UART_Project_Psoc1.a(Timer.o)
                0x0000132c                Timer_Stop
 .text.Timer_SetInterruptMode
                0x00001354        0xc .\CortexM3\ARM_GCC_541\Debug\RTOS_UART_Project_Psoc1.a(Timer.o)
                0x00001354                Timer_SetInterruptMode
 .text.Timer_WritePeriod
                0x00001360        0xc .\CortexM3\ARM_GCC_541\Debug\RTOS_UART_Project_Psoc1.a(Timer.o)
                0x00001360                Timer_WritePeriod
 .text.Timer_WriteCounter
                0x0000136c        0xc .\CortexM3\ARM_GCC_541\Debug\RTOS_UART_Project_Psoc1.a(Timer.o)
                0x0000136c                Timer_WriteCounter
 .text.Timer_Init
                0x00001378       0x70 .\CortexM3\ARM_GCC_541\Debug\RTOS_UART_Project_Psoc1.a(Timer.o)
                0x00001378                Timer_Init
 .text.Timer_Start
                0x000013e8       0x1c .\CortexM3\ARM_GCC_541\Debug\RTOS_UART_Project_Psoc1.a(Timer.o)
                0x000013e8                Timer_Start
 .text.Timer_ReadCounter
                0x00001404       0x14 .\CortexM3\ARM_GCC_541\Debug\RTOS_UART_Project_Psoc1.a(Timer.o)
                0x00001404                Timer_ReadCounter
 .text.Echo_Read
                0x00001418       0x10 .\CortexM3\ARM_GCC_541\Debug\RTOS_UART_Project_Psoc1.a(Echo.o)
                0x00001418                Echo_Read
 .text.Trigger_Write
                0x00001428       0x18 .\CortexM3\ARM_GCC_541\Debug\RTOS_UART_Project_Psoc1.a(Trigger.o)
                0x00001428                Trigger_Write
 .text.PWM_Servo_Enable
                0x00001440       0x28 .\CortexM3\ARM_GCC_541\Debug\RTOS_UART_Project_Psoc1.a(PWM_Servo.o)
                0x00001440                PWM_Servo_Enable
 .text.PWM_Servo_WritePeriod
                0x00001468        0xc .\CortexM3\ARM_GCC_541\Debug\RTOS_UART_Project_Psoc1.a(PWM_Servo.o)
                0x00001468                PWM_Servo_WritePeriod
 .text.PWM_Servo_WriteCompare
                0x00001474        0xc .\CortexM3\ARM_GCC_541\Debug\RTOS_UART_Project_Psoc1.a(PWM_Servo.o)
                0x00001474                PWM_Servo_WriteCompare
 .text.PWM_Servo_SetInterruptMode
                0x00001480        0xc .\CortexM3\ARM_GCC_541\Debug\RTOS_UART_Project_Psoc1.a(PWM_Servo.o)
                0x00001480                PWM_Servo_SetInterruptMode
 .text.PWM_Servo_Init
                0x0000148c       0x78 .\CortexM3\ARM_GCC_541\Debug\RTOS_UART_Project_Psoc1.a(PWM_Servo.o)
                0x0000148c                PWM_Servo_Init
 .text.PWM_Servo_Start
                0x00001504       0x1c .\CortexM3\ARM_GCC_541\Debug\RTOS_UART_Project_Psoc1.a(PWM_Servo.o)
                0x00001504                PWM_Servo_Start
 .text.PWM_Music_Enable
                0x00001520       0x28 .\CortexM3\ARM_GCC_541\Debug\RTOS_UART_Project_Psoc1.a(PWM_Music.o)
                0x00001520                PWM_Music_Enable
 .text.PWM_Music_WritePeriod
                0x00001548        0xc .\CortexM3\ARM_GCC_541\Debug\RTOS_UART_Project_Psoc1.a(PWM_Music.o)
                0x00001548                PWM_Music_WritePeriod
 .text.PWM_Music_WriteCompare
                0x00001554        0xc .\CortexM3\ARM_GCC_541\Debug\RTOS_UART_Project_Psoc1.a(PWM_Music.o)
                0x00001554                PWM_Music_WriteCompare
 .text.PWM_Music_SetInterruptMode
                0x00001560        0xc .\CortexM3\ARM_GCC_541\Debug\RTOS_UART_Project_Psoc1.a(PWM_Music.o)
                0x00001560                PWM_Music_SetInterruptMode
 .text.PWM_Music_Init
                0x0000156c       0x74 .\CortexM3\ARM_GCC_541\Debug\RTOS_UART_Project_Psoc1.a(PWM_Music.o)
                0x0000156c                PWM_Music_Init
 .text.PWM_Music_Start
                0x000015e0       0x1c .\CortexM3\ARM_GCC_541\Debug\RTOS_UART_Project_Psoc1.a(PWM_Music.o)
                0x000015e0                PWM_Music_Start
 .text.UART_USB_Init
                0x000015fc       0x24 .\CortexM3\ARM_GCC_541\Debug\RTOS_UART_Project_Psoc1.a(UART_USB.o)
                0x000015fc                UART_USB_Init
 .text.UART_USB_Enable
                0x00001620       0x38 .\CortexM3\ARM_GCC_541\Debug\RTOS_UART_Project_Psoc1.a(UART_USB.o)
                0x00001620                UART_USB_Enable
 .text.UART_USB_Start
                0x00001658       0x1c .\CortexM3\ARM_GCC_541\Debug\RTOS_UART_Project_Psoc1.a(UART_USB.o)
                0x00001658                UART_USB_Start
 .text.UART_USB_PutChar
                0x00001674       0x18 .\CortexM3\ARM_GCC_541\Debug\RTOS_UART_Project_Psoc1.a(UART_USB.o)
                0x00001674                UART_USB_PutChar
 .text.UART_USB_PutString
                0x0000168c       0x24 .\CortexM3\ARM_GCC_541\Debug\RTOS_UART_Project_Psoc1.a(UART_USB.o)
                0x0000168c                UART_USB_PutString
 .text.UART_USB_IntClock_Start
                0x000016b0       0x1c .\CortexM3\ARM_GCC_541\Debug\RTOS_UART_Project_Psoc1.a(UART_USB_IntClock.o)
                0x000016b0                UART_USB_IntClock_Start
 *fill*         0x000016cc        0x4 
 .text          0x000016d0       0x20 .\CortexM3\ARM_GCC_541\Debug\RTOS_UART_Project_Psoc1.a(CyBootAsmGnu.o)
                0x000016d0                CyDelayCycles
                0x000016e0                CyEnterCriticalSection
                0x000016e8                CyExitCriticalSection
 .text          0x000016f0      0x370 c:/program files (x86)/cypress/psoc creator/4.2/psoc creator/import/gnu/arm/5.4.1/bin/../lib/gcc/arm-none-eabi/5.4.1/armv7-m\libgcc.a(_arm_addsubdf3.o)
                0x000016f0                __aeabi_drsub
                0x000016f8                __aeabi_dsub
                0x000016f8                __subdf3
                0x000016fc                __aeabi_dadd
                0x000016fc                __adddf3
                0x00001974                __floatunsidf
                0x00001974                __aeabi_ui2d
                0x00001994                __floatsidf
                0x00001994                __aeabi_i2d
                0x000019b8                __aeabi_f2d
                0x000019b8                __extendsfdf2
                0x000019f4                __floatundidf
                0x000019f4                __aeabi_ul2d
                0x00001a04                __floatdidf
                0x00001a04                __aeabi_l2d
 .text          0x00001a60      0x424 c:/program files (x86)/cypress/psoc creator/4.2/psoc creator/import/gnu/arm/5.4.1/bin/../lib/gcc/arm-none-eabi/5.4.1/armv7-m\libgcc.a(_arm_muldivdf3.o)
                0x00001a60                __aeabi_dmul
                0x00001a60                __muldf3
                0x00001cb4                __divdf3
                0x00001cb4                __aeabi_ddiv
 .text          0x00001e84       0x50 c:/program files (x86)/cypress/psoc creator/4.2/psoc creator/import/gnu/arm/5.4.1/bin/../lib/gcc/arm-none-eabi/5.4.1/armv7-m\libgcc.a(_arm_fixdfsi.o)
                0x00001e84                __aeabi_d2iz
                0x00001e84                __fixdfsi
 .text.__errno  0x00001ed4        0xc c:/program files (x86)/cypress/psoc creator/4.2/psoc creator/import/gnu/arm/5.4.1/bin/../lib/gcc/arm-none-eabi/5.4.1/../../../../arm-none-eabi/lib/armv7-m\libg_nano.a(lib_a-errno.o)
                0x00001ed4                __errno
 .text.__libc_init_array
                0x00001ee0       0x4c c:/program files (x86)/cypress/psoc creator/4.2/psoc creator/import/gnu/arm/5.4.1/bin/../lib/gcc/arm-none-eabi/5.4.1/../../../../arm-none-eabi/lib/armv7-m\libg_nano.a(lib_a-init.o)
                0x00001ee0                __libc_init_array
 .text.memcpy   0x00001f2c       0x16 c:/program files (x86)/cypress/psoc creator/4.2/psoc creator/import/gnu/arm/5.4.1/bin/../lib/gcc/arm-none-eabi/5.4.1/../../../../arm-none-eabi/lib/armv7-m\libg_nano.a(lib_a-memcpy-stub.o)
                0x00001f2c                memcpy
 .text.memset   0x00001f42       0x10 c:/program files (x86)/cypress/psoc creator/4.2/psoc creator/import/gnu/arm/5.4.1/bin/../lib/gcc/arm-none-eabi/5.4.1/../../../../arm-none-eabi/lib/armv7-m\libg_nano.a(lib_a-memset.o)
                0x00001f42                memset
 *fill*         0x00001f52        0x2 
 .text.sprintf  0x00001f54       0x48 c:/program files (x86)/cypress/psoc creator/4.2/psoc creator/import/gnu/arm/5.4.1/bin/../lib/gcc/arm-none-eabi/5.4.1/../../../../arm-none-eabi/lib/armv7-m\libg_nano.a(lib_a-sprintf.o)
                0x00001f54                siprintf
                0x00001f54                sprintf
 .text._free_r  0x00001f9c       0x98 c:/program files (x86)/cypress/psoc creator/4.2/psoc creator/import/gnu/arm/5.4.1/bin/../lib/gcc/arm-none-eabi/5.4.1/../../../../arm-none-eabi/lib/armv7-m\libg_nano.a(lib_a-nano-freer.o)
                0x00001f9c                _free_r
 .text._malloc_r
                0x00002034       0xbc c:/program files (x86)/cypress/psoc creator/4.2/psoc creator/import/gnu/arm/5.4.1/bin/../lib/gcc/arm-none-eabi/5.4.1/../../../../arm-none-eabi/lib/armv7-m\libg_nano.a(lib_a-nano-mallocr.o)
                0x00002034                _malloc_r
 .text.__ssputs_r
                0x000020f0       0xb2 c:/program files (x86)/cypress/psoc creator/4.2/psoc creator/import/gnu/arm/5.4.1/bin/../lib/gcc/arm-none-eabi/5.4.1/../../../../arm-none-eabi/lib/armv7-m\libg_nano.a(lib_a-nano-svfprintf.o)
                0x000020f0                __ssputs_r
 *fill*         0x000021a2        0x2 
 .text._svfprintf_r
                0x000021a4      0x1e8 c:/program files (x86)/cypress/psoc creator/4.2/psoc creator/import/gnu/arm/5.4.1/bin/../lib/gcc/arm-none-eabi/5.4.1/../../../../arm-none-eabi/lib/armv7-m\libg_nano.a(lib_a-nano-svfprintf.o)
                0x000021a4                _svfiprintf_r
                0x000021a4                _svfprintf_r
 .text._printf_common
                0x0000238c       0xec c:/program files (x86)/cypress/psoc creator/4.2/psoc creator/import/gnu/arm/5.4.1/bin/../lib/gcc/arm-none-eabi/5.4.1/../../../../arm-none-eabi/lib/armv7-m\libg_nano.a(lib_a-nano-vfprintf_i.o)
                0x0000238c                _printf_common
 .text._printf_i
                0x00002478      0x24c c:/program files (x86)/cypress/psoc creator/4.2/psoc creator/import/gnu/arm/5.4.1/bin/../lib/gcc/arm-none-eabi/5.4.1/../../../../arm-none-eabi/lib/armv7-m\libg_nano.a(lib_a-nano-vfprintf_i.o)
                0x00002478                _printf_i
 .text._sbrk_r  0x000026c4       0x20 c:/program files (x86)/cypress/psoc creator/4.2/psoc creator/import/gnu/arm/5.4.1/bin/../lib/gcc/arm-none-eabi/5.4.1/../../../../arm-none-eabi/lib/armv7-m\libg_nano.a(lib_a-sbrkr.o)
                0x000026c4                _sbrk_r
 .text.memchr   0x000026e4       0x1c c:/program files (x86)/cypress/psoc creator/4.2/psoc creator/import/gnu/arm/5.4.1/bin/../lib/gcc/arm-none-eabi/5.4.1/../../../../arm-none-eabi/lib/armv7-m\libg_nano.a(lib_a-memchr-stub.o)
                0x000026e4                memchr
 .text.memmove  0x00002700       0x36 c:/program files (x86)/cypress/psoc creator/4.2/psoc creator/import/gnu/arm/5.4.1/bin/../lib/gcc/arm-none-eabi/5.4.1/../../../../arm-none-eabi/lib/armv7-m\libg_nano.a(lib_a-memmove.o)
                0x00002700                memmove
 .text.__malloc_lock
                0x00002736        0x2 c:/program files (x86)/cypress/psoc creator/4.2/psoc creator/import/gnu/arm/5.4.1/bin/../lib/gcc/arm-none-eabi/5.4.1/../../../../arm-none-eabi/lib/armv7-m\libg_nano.a(lib_a-mlock.o)
                0x00002736                __malloc_lock
 .text.__malloc_unlock
                0x00002738        0x2 c:/program files (x86)/cypress/psoc creator/4.2/psoc creator/import/gnu/arm/5.4.1/bin/../lib/gcc/arm-none-eabi/5.4.1/../../../../arm-none-eabi/lib/armv7-m\libg_nano.a(lib_a-mlock.o)
                0x00002738                __malloc_unlock
 .text._realloc_r
                0x0000273a       0x4c c:/program files (x86)/cypress/psoc creator/4.2/psoc creator/import/gnu/arm/5.4.1/bin/../lib/gcc/arm-none-eabi/5.4.1/../../../../arm-none-eabi/lib/armv7-m\libg_nano.a(lib_a-nano-reallocr.o)
                0x0000273a                _realloc_r
 .text._malloc_usable_size_r
                0x00002786       0x14 c:/program files (x86)/cypress/psoc creator/4.2/psoc creator/import/gnu/arm/5.4.1/bin/../lib/gcc/arm-none-eabi/5.4.1/../../../../arm-none-eabi/lib/armv7-m\libg_nano.a(lib_a-nano-msizer.o)
                0x00002786                _malloc_usable_size_r
 *(.plt)
 *(.gnu.warning)
 *(.glue_7t)
 .glue_7t       0x0000279a        0x0 linker stubs
 *(.glue_7)
 .glue_7        0x0000279a        0x0 linker stubs
 *(.vfp11_veneer)
 .vfp11_veneer  0x0000279a        0x0 linker stubs
 *(.bootloader)
 *(.ARM.extab* .gnu.linkonce.armextab.*)
 *(.gcc_except_table)

.v4_bx          0x0000279c        0x0
 .v4_bx         0x0000279c        0x0 linker stubs

.iplt           0x0000279c        0x0
 .iplt          0x0000279c        0x0 c:/program files (x86)/cypress/psoc creator/4.2/psoc creator/import/gnu/arm/5.4.1/bin/../lib/gcc/arm-none-eabi/5.4.1/armv7-m/crtbegin.o

.eh_frame_hdr
 *(.eh_frame_hdr)

.eh_frame       0x0000279c        0x4
 *(.eh_frame)
 .eh_frame      0x0000279c        0x0 c:/program files (x86)/cypress/psoc creator/4.2/psoc creator/import/gnu/arm/5.4.1/bin/../lib/gcc/arm-none-eabi/5.4.1/armv7-m/crtbegin.o
 .eh_frame      0x0000279c        0x4 c:/program files (x86)/cypress/psoc creator/4.2/psoc creator/import/gnu/arm/5.4.1/bin/../lib/gcc/arm-none-eabi/5.4.1/armv7-m/crtend.o
                [!provide]                PROVIDE (__exidx_start, .)

.ARM.exidx
 *(.ARM.exidx* .gnu.linkonce.armexidx.*)
                0x000027a0                __exidx_end = .

.rodata         0x000027a0       0xe0
 *(.rodata .rodata.* .gnu.linkonce.r.*)
 .rodata.str1.4
                0x000027a0       0x3c .\CortexM3\ARM_GCC_541\Debug\main.o
 .rodata.str1.4
                0x000027dc        0x8 .\CortexM3\ARM_GCC_541\Debug\tasks.o
                                  0x5 (size before relaxing)
 .rodata        0x000027e4       0x30 .\CortexM3\ARM_GCC_541\Debug\cyfitter_cfg.o
 .rodata.str1.1
                0x00002814        0x2 c:/program files (x86)/cypress/psoc creator/4.2/psoc creator/import/gnu/arm/5.4.1/bin/../lib/gcc/arm-none-eabi/5.4.1/../../../../arm-none-eabi/lib/armv7-m\libg_nano.a(lib_a-impure.o)
 .rodata.str1.1
                0x00002816       0x11 c:/program files (x86)/cypress/psoc creator/4.2/psoc creator/import/gnu/arm/5.4.1/bin/../lib/gcc/arm-none-eabi/5.4.1/../../../../arm-none-eabi/lib/armv7-m\libg_nano.a(lib_a-nano-svfprintf.o)
 .rodata.str1.1
                0x00002827       0x22 c:/program files (x86)/cypress/psoc creator/4.2/psoc creator/import/gnu/arm/5.4.1/bin/../lib/gcc/arm-none-eabi/5.4.1/../../../../arm-none-eabi/lib/armv7-m\libg_nano.a(lib_a-nano-vfprintf_i.o)
                0x0000284c                . = ALIGN (0x4)
 *fill*         0x00002849        0x3 
 *(.init)
 .init          0x0000284c        0x4 c:/program files (x86)/cypress/psoc creator/4.2/psoc creator/import/gnu/arm/5.4.1/bin/../lib/gcc/arm-none-eabi/5.4.1/armv7-m/crti.o
                0x0000284c                _init
 .init          0x00002850        0x8 c:/program files (x86)/cypress/psoc creator/4.2/psoc creator/import/gnu/arm/5.4.1/bin/../lib/gcc/arm-none-eabi/5.4.1/armv7-m/crtn.o
                0x00002858                . = ALIGN (0x4)
                0x00002858                __preinit_array_start = .
 *(.preinit_array)
                0x00002858                __preinit_array_end = .
                0x00002858                . = ALIGN (0x4)
                0x00002858                __init_array_start = .
 *(SORT(.init_array.*))
 *(.init_array)
 .init_array    0x00002858        0x4 c:/program files (x86)/cypress/psoc creator/4.2/psoc creator/import/gnu/arm/5.4.1/bin/../lib/gcc/arm-none-eabi/5.4.1/armv7-m/crtbegin.o
 .init_array    0x0000285c        0x4 .\CortexM3\ARM_GCC_541\Debug\Cm3Start.o
                0x00002860                __init_array_end = .
                0x00002860                . = ALIGN (0x4)
 *(.fini)
 .fini          0x00002860        0x4 c:/program files (x86)/cypress/psoc creator/4.2/psoc creator/import/gnu/arm/5.4.1/bin/../lib/gcc/arm-none-eabi/5.4.1/armv7-m/crti.o
                0x00002860                _fini
 .fini          0x00002864        0x8 c:/program files (x86)/cypress/psoc creator/4.2/psoc creator/import/gnu/arm/5.4.1/bin/../lib/gcc/arm-none-eabi/5.4.1/armv7-m/crtn.o
                0x0000286c                . = ALIGN (0x4)
                0x0000286c                __fini_array_start = .
 *(.fini_array)
 .fini_array    0x0000286c        0x4 c:/program files (x86)/cypress/psoc creator/4.2/psoc creator/import/gnu/arm/5.4.1/bin/../lib/gcc/arm-none-eabi/5.4.1/armv7-m/crtbegin.o
 *(SORT(.fini_array.*))
                0x00002870                __fini_array_end = .
                0x00002870                . = ALIGN (0x4)
 *crtbegin.o(.ctors)
 *(EXCLUDE_FILE(*crtend.o) .ctors)
 *(SORT(.ctors.*))
 *crtend.o(.ctors)
                0x00002870                . = ALIGN (0x4)
 *crtbegin.o(.dtors)
 *(EXCLUDE_FILE(*crtend.o) .dtors)
 *(SORT(.dtors.*))
 *crtend.o(.dtors)
                0x00002870                . = ALIGN (0x4)
                0x00002870                __cy_regions = .
                0x00002870        0x4 LONG 0x2880 __cy_region_init_ram
                0x00002874        0x4 LONG 0x1fff80c8 __cy_region_start_data
                0x00002878        0x4 LONG 0x80 __cy_region_init_size_ram
                0x0000287c        0x4 LONG 0x8168 __cy_region_zero_size_ram
                0x00002880                __cy_regions_end = .
                0x00002880                . = ALIGN (0x8)
                0x00002880                _etext = .

.cy_checksum_exclude
                0x00002880        0x0
 *(.cy_checksum_exclude)

.ramvectors     0x1fff8000       0xc0
                0x1fff8000                __cy_region_start_ram = .
 *(.ramvectors)
 .ramvectors    0x1fff8000       0xc0 .\CortexM3\ARM_GCC_541\Debug\Cm3Start.o
                0x1fff8000                CyRamVectors

.noinit         0x1fff80c0        0x1
 *(.noinit)
 .noinit        0x1fff80c0        0x1 .\CortexM3\ARM_GCC_541\Debug\RTOS_UART_Project_Psoc1.a(CyLib.o)
                0x1fff80c0                CyResetStatus

.data           0x1fff80c8       0x80 load address 0x00002880
                0x1fff80c8                __cy_region_start_data = .
 *(.jcr)
 .jcr           0x1fff80c8        0x0 c:/program files (x86)/cypress/psoc creator/4.2/psoc creator/import/gnu/arm/5.4.1/bin/../lib/gcc/arm-none-eabi/5.4.1/armv7-m/crtbegin.o
 .jcr           0x1fff80c8        0x4 c:/program files (x86)/cypress/psoc creator/4.2/psoc creator/import/gnu/arm/5.4.1/bin/../lib/gcc/arm-none-eabi/5.4.1/armv7-m/crtend.o
 *(.got.plt)
 *(.got)
 *(.shdata)
 *(.data .data.* .gnu.linkonce.d.*)
 .data          0x1fff80cc        0x4 .\CortexM3\ARM_GCC_541\Debug\port.o
 .data          0x1fff80d0        0x4 .\CortexM3\ARM_GCC_541\Debug\Cm3Start.o
 .data          0x1fff80d4       0x10 .\CortexM3\ARM_GCC_541\Debug\RTOS_UART_Project_Psoc1.a(CyLib.o)
                0x1fff80d4                cydelay_32k_ms
                0x1fff80d8                cydelay_freq_khz
                0x1fff80dc                cydelay_freq_mhz
                0x1fff80e0                cydelay_freq_hz
 .data.impure_data
                0x1fff80e4       0x60 c:/program files (x86)/cypress/psoc creator/4.2/psoc creator/import/gnu/arm/5.4.1/bin/../lib/gcc/arm-none-eabi/5.4.1/../../../../arm-none-eabi/lib/armv7-m\libg_nano.a(lib_a-impure.o)
 .data._impure_ptr
                0x1fff8144        0x4 c:/program files (x86)/cypress/psoc creator/4.2/psoc creator/import/gnu/arm/5.4.1/bin/../lib/gcc/arm-none-eabi/5.4.1/../../../../arm-none-eabi/lib/armv7-m\libg_nano.a(lib_a-impure.o)
                0x1fff8144                _impure_ptr
                0x1fff8148                . = ALIGN (0x8)
 *(.ram)
                0x1fff8148                _edata = .

.igot.plt       0x1fff8148        0x0 load address 0x00002900
 .igot.plt      0x1fff8148        0x0 c:/program files (x86)/cypress/psoc creator/4.2/psoc creator/import/gnu/arm/5.4.1/bin/../lib/gcc/arm-none-eabi/5.4.1/armv7-m/crtbegin.o

.bss            0x1fff8148     0x8168 load address 0x00002900
                0x1fff8148                PROVIDE (__bss_start__, .)
 *(.shbss)
 *(.bss .bss.* .gnu.linkonce.b.*)
 .bss           0x1fff8148       0x1c c:/program files (x86)/cypress/psoc creator/4.2/psoc creator/import/gnu/arm/5.4.1/bin/../lib/gcc/arm-none-eabi/5.4.1/armv7-m/crtbegin.o
 .bss           0x1fff8164       0x14 .\CortexM3\ARM_GCC_541\Debug\main.o
                0x1fff8174                xMessageBuffer
 .bss           0x1fff8178     0x8008 .\CortexM3\ARM_GCC_541\Debug\heap_1.o
 .bss           0x20000180      0x104 .\CortexM3\ARM_GCC_541\Debug\tasks.o
                0x20000258                pxCurrentTCB
 .bss           0x20000284        0x4 .\CortexM3\ARM_GCC_541\Debug\RTOS_UART_Project_Psoc1.a(UART.o)
                0x20000284                UART_initVar
                0x20000285                UART_txBufferRead
                0x20000286                UART_txBufferWrite
 .bss           0x20000288        0x1 .\CortexM3\ARM_GCC_541\Debug\RTOS_UART_Project_Psoc1.a(Timer.o)
                0x20000288                Timer_initVar
 .bss           0x20000289        0x1 .\CortexM3\ARM_GCC_541\Debug\RTOS_UART_Project_Psoc1.a(PWM_Servo.o)
                0x20000289                PWM_Servo_initVar
 .bss           0x2000028a        0x1 .\CortexM3\ARM_GCC_541\Debug\RTOS_UART_Project_Psoc1.a(PWM_Music.o)
                0x2000028a                PWM_Music_initVar
 .bss           0x2000028b        0x2 .\CortexM3\ARM_GCC_541\Debug\RTOS_UART_Project_Psoc1.a(UART_USB.o)
                0x2000028b                UART_USB_initVar
 *fill*         0x2000028d        0x3 
 .bss.__malloc_sbrk_start
                0x20000290        0x4 c:/program files (x86)/cypress/psoc creator/4.2/psoc creator/import/gnu/arm/5.4.1/bin/../lib/gcc/arm-none-eabi/5.4.1/../../../../arm-none-eabi/lib/armv7-m\libg_nano.a(lib_a-nano-mallocr.o)
                0x20000290                __malloc_sbrk_start
 .bss.__malloc_free_list
                0x20000294        0x4 c:/program files (x86)/cypress/psoc creator/4.2/psoc creator/import/gnu/arm/5.4.1/bin/../lib/gcc/arm-none-eabi/5.4.1/../../../../arm-none-eabi/lib/armv7-m\libg_nano.a(lib_a-nano-mallocr.o)
                0x20000294                __malloc_free_list
 *(COMMON)
 COMMON         0x20000298        0xf .\CortexM3\ARM_GCC_541\Debug\RTOS_UART_Project_Psoc1.a(UART.o)
                0x20000298                UART_txBuffer
 *fill*         0x200002a7        0x1 
 COMMON         0x200002a8        0x4 c:/program files (x86)/cypress/psoc creator/4.2/psoc creator/import/gnu/arm/5.4.1/bin/../lib/gcc/arm-none-eabi/5.4.1/../../../../arm-none-eabi/lib/armv7-m\libg_nano.a(lib_a-reent.o)
                0x200002a8                errno
                0x200002b0                . = ALIGN (0x8)
 *fill*         0x200002ac        0x4 
 *(.ram.b)
                0x200002b0                _end = .
                0x200002b0                __end = .
                0x200002b0                PROVIDE (end, .)
                0x200002b0                PROVIDE (__bss_end__, .)
                0x00002880                __cy_region_init_ram = LOADADDR (.data)
                0x00000080                __cy_region_init_size_ram = (_edata - ADDR (.data))
                0x00008168                __cy_region_zero_size_ram = (_end - _edata)

.heap           0x200002b0       0x80 load address 0x00002900
                0x200002b0                . = _end
                0x20000330                . = (. + 0x80)
 *fill*         0x200002b0       0x80 
                0x20000330                __cy_heap_limit = .

.stack          0x20007800      0x800
                0x20007800                __cy_stack_limit = .
                0x20008000                . = (. + 0x800)
 *fill*         0x20007800      0x800 
                0x00000001                ASSERT ((__cy_stack_limit >= __cy_heap_limit), region RAM overflowed with stack)
                0x00000000                cy_checksum_exclude_size = (CY_APPL_LOADABLE == 0x1)?SIZEOF (.cy_checksum_exclude):0x0
                0x00000001                ASSERT ((cy_checksum_exclude_size <= CY_CHECKSUM_EXCLUDE_SIZE), CY_BOOT: Section .cy_checksum_exclude size exceedes specified limit.)

.cyloadermeta
 *(.cyloadermeta)

.cyloadablemeta
 *(.cyloadablemeta)

.cyconfigecc    0x80000000      0x670
 *(.cyconfigecc)
 .cyconfigecc   0x80000000      0x670 .\CortexM3\ARM_GCC_541\Debug\cymetadata.o
                0x80000000                cy_meta_configecc

.cycustnvl      0x90000000        0x4
 *(.cycustnvl)
 .cycustnvl     0x90000000        0x4 .\CortexM3\ARM_GCC_541\Debug\cymetadata.o
                0x90000000                cy_meta_custnvl

.cywolatch      0x90100000        0x4
 *(.cywolatch)
 .cywolatch     0x90100000        0x4 .\CortexM3\ARM_GCC_541\Debug\cymetadata.o
                0x90100000                cy_meta_wonvl

.cyeeprom       0x90200000        0x0
 *(.cyeeprom)
                0x00000001                ASSERT ((. <= ((0x90200000 + ee_offset) + ee_size)), .cyeeprom data will not fit in EEPROM)

.cyflashprotect
                0x90400000      0x100
 *(.cyflashprotect)
 .cyflashprotect
                0x90400000      0x100 .\CortexM3\ARM_GCC_541\Debug\cymetadata.o
                0x90400000                cy_meta_flashprotect

.cymeta         0x90500000        0xc
 *(.cymeta)
 .cymeta        0x90500000        0xc .\CortexM3\ARM_GCC_541\Debug\cymetadata.o
                0x90500000                cy_metadata

.rel.dyn        0x00002900        0x0 load address 0x9050000c
 .rel.iplt      0x00002900        0x0 c:/program files (x86)/cypress/psoc creator/4.2/psoc creator/import/gnu/arm/5.4.1/bin/../lib/gcc/arm-none-eabi/5.4.1/armv7-m/crtbegin.o

.stab
 *(.stab)

.stabstr
 *(.stabstr)

.debug
 *(.debug)

.line
 *(.line)

.debug_srcinfo
 *(.debug_srcinfo)

.debug_sfnames
 *(.debug_sfnames)

.debug_aranges  0x00000000     0x1020
 *(.debug_aranges)
 .debug_aranges
                0x00000000       0x68 .\CortexM3\ARM_GCC_541\Debug\main.o
 .debug_aranges
                0x00000068       0x38 .\CortexM3\ARM_GCC_541\Debug\heap_1.o
 .debug_aranges
                0x000000a0       0x70 .\CortexM3\ARM_GCC_541\Debug\port.o
 .debug_aranges
                0x00000110       0x18 .\CortexM3\ARM_GCC_541\Debug\croutine.o
 .debug_aranges
                0x00000128       0x68 .\CortexM3\ARM_GCC_541\Debug\event_groups.o
 .debug_aranges
                0x00000190       0x20 .\CortexM3\ARM_GCC_541\Debug\FreeRTOS_PSoC.o
 .debug_aranges
                0x000001b0       0x40 .\CortexM3\ARM_GCC_541\Debug\list.o
 .debug_aranges
                0x000001f0      0x110 .\CortexM3\ARM_GCC_541\Debug\queue.o
 .debug_aranges
                0x00000300       0xb8 .\CortexM3\ARM_GCC_541\Debug\stream_buffer.o
 .debug_aranges
                0x000003b8      0x1b8 .\CortexM3\ARM_GCC_541\Debug\tasks.o
 .debug_aranges
                0x00000570       0x18 .\CortexM3\ARM_GCC_541\Debug\timers.o
 .debug_aranges
                0x00000588       0x58 .\CortexM3\ARM_GCC_541\Debug\cyfitter_cfg.o
 .debug_aranges
                0x000005e0       0x18 .\CortexM3\ARM_GCC_541\Debug\cymetadata.o
 .debug_aranges
                0x000005f8       0x48 .\CortexM3\ARM_GCC_541\Debug\Cm3Start.o
 .debug_aranges
                0x00000640      0x2a0 .\CortexM3\ARM_GCC_541\Debug\RTOS_UART_Project_Psoc1.a(CyLib.o)
 .debug_aranges
                0x000008e0       0x98 .\CortexM3\ARM_GCC_541\Debug\RTOS_UART_Project_Psoc1.a(cyPm.o)
 .debug_aranges
                0x00000978       0x38 .\CortexM3\ARM_GCC_541\Debug\RTOS_UART_Project_Psoc1.a(LED.o)
 .debug_aranges
                0x000009b0       0x80 .\CortexM3\ARM_GCC_541\Debug\RTOS_UART_Project_Psoc1.a(ISR_UART.o)
 .debug_aranges
                0x00000a30       0xf0 .\CortexM3\ARM_GCC_541\Debug\RTOS_UART_Project_Psoc1.a(UART.o)
 .debug_aranges
                0x00000b20       0x20 .\CortexM3\ARM_GCC_541\Debug\RTOS_UART_Project_Psoc1.a(UART_INT.o)
 .debug_aranges
                0x00000b40       0x70 .\CortexM3\ARM_GCC_541\Debug\RTOS_UART_Project_Psoc1.a(UART_IntClock.o)
 .debug_aranges
                0x00000bb0       0x88 .\CortexM3\ARM_GCC_541\Debug\RTOS_UART_Project_Psoc1.a(Timer.o)
 .debug_aranges
                0x00000c38       0x38 .\CortexM3\ARM_GCC_541\Debug\RTOS_UART_Project_Psoc1.a(Echo.o)
 .debug_aranges
                0x00000c70       0x38 .\CortexM3\ARM_GCC_541\Debug\RTOS_UART_Project_Psoc1.a(Trigger.o)
 .debug_aranges
                0x00000ca8       0x78 .\CortexM3\ARM_GCC_541\Debug\RTOS_UART_Project_Psoc1.a(PWM_Servo.o)
 .debug_aranges
                0x00000d20       0x78 .\CortexM3\ARM_GCC_541\Debug\RTOS_UART_Project_Psoc1.a(PWM_Music.o)
 .debug_aranges
                0x00000d98       0xf0 .\CortexM3\ARM_GCC_541\Debug\RTOS_UART_Project_Psoc1.a(UART_USB.o)
 .debug_aranges
                0x00000e88       0x70 .\CortexM3\ARM_GCC_541\Debug\RTOS_UART_Project_Psoc1.a(UART_USB_IntClock.o)
 .debug_aranges
                0x00000ef8       0x20 .\CortexM3\ARM_GCC_541\Debug\RTOS_UART_Project_Psoc1.a(CyBootAsmGnu.o)
 .debug_aranges
                0x00000f18       0x88 .\CortexM3\ARM_GCC_541\Debug\RTOS_UART_Project_Psoc1.a(CyFlash.o)
 .debug_aranges
                0x00000fa0       0x80 .\CortexM3\ARM_GCC_541\Debug\RTOS_UART_Project_Psoc1.a(CySpc.o)

.debug_pubnames
 *(.debug_pubnames)

.debug_info     0x00000000     0xc062
 *(.debug_info .gnu.linkonce.wi.*)
 .debug_info    0x00000000      0xe4f .\CortexM3\ARM_GCC_541\Debug\main.o
 .debug_info    0x00000e4f      0x1e3 .\CortexM3\ARM_GCC_541\Debug\heap_1.o
 .debug_info    0x00001032      0x363 .\CortexM3\ARM_GCC_541\Debug\port.o
 .debug_info    0x00001395       0xae .\CortexM3\ARM_GCC_541\Debug\croutine.o
 .debug_info    0x00001443      0x910 .\CortexM3\ARM_GCC_541\Debug\event_groups.o
 .debug_info    0x00001d53      0x115 .\CortexM3\ARM_GCC_541\Debug\FreeRTOS_PSoC.o
 .debug_info    0x00001e68      0x2df .\CortexM3\ARM_GCC_541\Debug\list.o
 .debug_info    0x00002147     0x18b1 .\CortexM3\ARM_GCC_541\Debug\queue.o
 .debug_info    0x000039f8     0x1194 .\CortexM3\ARM_GCC_541\Debug\stream_buffer.o
 .debug_info    0x00004b8c     0x1fc8 .\CortexM3\ARM_GCC_541\Debug\tasks.o
 .debug_info    0x00006b54       0xae .\CortexM3\ARM_GCC_541\Debug\timers.o
 .debug_info    0x00006c02      0x4ee .\CortexM3\ARM_GCC_541\Debug\cyfitter_cfg.o
 .debug_info    0x000070f0      0x138 .\CortexM3\ARM_GCC_541\Debug\cymetadata.o
 .debug_info    0x00007228      0x3bb .\CortexM3\ARM_GCC_541\Debug\Cm3Start.o
 .debug_info    0x000075e3     0x1374 .\CortexM3\ARM_GCC_541\Debug\RTOS_UART_Project_Psoc1.a(CyLib.o)
 .debug_info    0x00008957      0xa2a .\CortexM3\ARM_GCC_541\Debug\RTOS_UART_Project_Psoc1.a(cyPm.o)
 .debug_info    0x00009381      0x11f .\CortexM3\ARM_GCC_541\Debug\RTOS_UART_Project_Psoc1.a(LED.o)
 .debug_info    0x000094a0      0x2d2 .\CortexM3\ARM_GCC_541\Debug\RTOS_UART_Project_Psoc1.a(ISR_UART.o)
 .debug_info    0x00009772      0x6d1 .\CortexM3\ARM_GCC_541\Debug\RTOS_UART_Project_Psoc1.a(UART.o)
 .debug_info    0x00009e43       0xf6 .\CortexM3\ARM_GCC_541\Debug\RTOS_UART_Project_Psoc1.a(UART_INT.o)
 .debug_info    0x00009f39      0x283 .\CortexM3\ARM_GCC_541\Debug\RTOS_UART_Project_Psoc1.a(UART_IntClock.o)
 .debug_info    0x0000a1bc      0x293 .\CortexM3\ARM_GCC_541\Debug\RTOS_UART_Project_Psoc1.a(Timer.o)
 .debug_info    0x0000a44f      0x11f .\CortexM3\ARM_GCC_541\Debug\RTOS_UART_Project_Psoc1.a(Echo.o)
 .debug_info    0x0000a56e      0x11f .\CortexM3\ARM_GCC_541\Debug\RTOS_UART_Project_Psoc1.a(Trigger.o)
 .debug_info    0x0000a68d      0x281 .\CortexM3\ARM_GCC_541\Debug\RTOS_UART_Project_Psoc1.a(PWM_Servo.o)
 .debug_info    0x0000a90e      0x27f .\CortexM3\ARM_GCC_541\Debug\RTOS_UART_Project_Psoc1.a(PWM_Music.o)
 .debug_info    0x0000ab8d      0x60c .\CortexM3\ARM_GCC_541\Debug\RTOS_UART_Project_Psoc1.a(UART_USB.o)
 .debug_info    0x0000b199      0x283 .\CortexM3\ARM_GCC_541\Debug\RTOS_UART_Project_Psoc1.a(UART_USB_IntClock.o)
 .debug_info    0x0000b41c       0xa9 .\CortexM3\ARM_GCC_541\Debug\RTOS_UART_Project_Psoc1.a(CyBootAsmGnu.o)
 .debug_info    0x0000b4c5      0x64d .\CortexM3\ARM_GCC_541\Debug\RTOS_UART_Project_Psoc1.a(CyFlash.o)
 .debug_info    0x0000bb12      0x550 .\CortexM3\ARM_GCC_541\Debug\RTOS_UART_Project_Psoc1.a(CySpc.o)

.debug_abbrev   0x00000000     0x2a07
 *(.debug_abbrev)
 .debug_abbrev  0x00000000      0x257 .\CortexM3\ARM_GCC_541\Debug\main.o
 .debug_abbrev  0x00000257      0x131 .\CortexM3\ARM_GCC_541\Debug\heap_1.o
 .debug_abbrev  0x00000388      0x1db .\CortexM3\ARM_GCC_541\Debug\port.o
 .debug_abbrev  0x00000563       0x4b .\CortexM3\ARM_GCC_541\Debug\croutine.o
 .debug_abbrev  0x000005ae      0x226 .\CortexM3\ARM_GCC_541\Debug\event_groups.o
 .debug_abbrev  0x000007d4       0xb4 .\CortexM3\ARM_GCC_541\Debug\FreeRTOS_PSoC.o
 .debug_abbrev  0x00000888       0xf6 .\CortexM3\ARM_GCC_541\Debug\list.o
 .debug_abbrev  0x0000097e      0x2ce .\CortexM3\ARM_GCC_541\Debug\queue.o
 .debug_abbrev  0x00000c4c      0x25d .\CortexM3\ARM_GCC_541\Debug\stream_buffer.o
 .debug_abbrev  0x00000ea9      0x302 .\CortexM3\ARM_GCC_541\Debug\tasks.o
 .debug_abbrev  0x000011ab       0x4b .\CortexM3\ARM_GCC_541\Debug\timers.o
 .debug_abbrev  0x000011f6      0x1fe .\CortexM3\ARM_GCC_541\Debug\cyfitter_cfg.o
 .debug_abbrev  0x000013f4       0x77 .\CortexM3\ARM_GCC_541\Debug\cymetadata.o
 .debug_abbrev  0x0000146b      0x1e8 .\CortexM3\ARM_GCC_541\Debug\Cm3Start.o
 .debug_abbrev  0x00001653      0x254 .\CortexM3\ARM_GCC_541\Debug\RTOS_UART_Project_Psoc1.a(CyLib.o)
 .debug_abbrev  0x000018a7      0x1ab .\CortexM3\ARM_GCC_541\Debug\RTOS_UART_Project_Psoc1.a(cyPm.o)
 .debug_abbrev  0x00001a52       0x90 .\CortexM3\ARM_GCC_541\Debug\RTOS_UART_Project_Psoc1.a(LED.o)
 .debug_abbrev  0x00001ae2      0x173 .\CortexM3\ARM_GCC_541\Debug\RTOS_UART_Project_Psoc1.a(ISR_UART.o)
 .debug_abbrev  0x00001c55      0x16f .\CortexM3\ARM_GCC_541\Debug\RTOS_UART_Project_Psoc1.a(UART.o)
 .debug_abbrev  0x00001dc4       0x79 .\CortexM3\ARM_GCC_541\Debug\RTOS_UART_Project_Psoc1.a(UART_INT.o)
 .debug_abbrev  0x00001e3d      0x139 .\CortexM3\ARM_GCC_541\Debug\RTOS_UART_Project_Psoc1.a(UART_IntClock.o)
 .debug_abbrev  0x00001f76      0x11a .\CortexM3\ARM_GCC_541\Debug\RTOS_UART_Project_Psoc1.a(Timer.o)
 .debug_abbrev  0x00002090       0x90 .\CortexM3\ARM_GCC_541\Debug\RTOS_UART_Project_Psoc1.a(Echo.o)
 .debug_abbrev  0x00002120       0x90 .\CortexM3\ARM_GCC_541\Debug\RTOS_UART_Project_Psoc1.a(Trigger.o)
 .debug_abbrev  0x000021b0      0x12d .\CortexM3\ARM_GCC_541\Debug\RTOS_UART_Project_Psoc1.a(PWM_Servo.o)
 .debug_abbrev  0x000022dd      0x12d .\CortexM3\ARM_GCC_541\Debug\RTOS_UART_Project_Psoc1.a(PWM_Music.o)
 .debug_abbrev  0x0000240a      0x175 .\CortexM3\ARM_GCC_541\Debug\RTOS_UART_Project_Psoc1.a(UART_USB.o)
 .debug_abbrev  0x0000257f      0x139 .\CortexM3\ARM_GCC_541\Debug\RTOS_UART_Project_Psoc1.a(UART_USB_IntClock.o)
 .debug_abbrev  0x000026b8       0x14 .\CortexM3\ARM_GCC_541\Debug\RTOS_UART_Project_Psoc1.a(CyBootAsmGnu.o)
 .debug_abbrev  0x000026cc      0x1a7 .\CortexM3\ARM_GCC_541\Debug\RTOS_UART_Project_Psoc1.a(CyFlash.o)
 .debug_abbrev  0x00002873      0x194 .\CortexM3\ARM_GCC_541\Debug\RTOS_UART_Project_Psoc1.a(CySpc.o)

.debug_line     0x00000000     0x4f61
 *(.debug_line)
 .debug_line    0x00000000      0x4a0 .\CortexM3\ARM_GCC_541\Debug\main.o
 .debug_line    0x000004a0      0x263 .\CortexM3\ARM_GCC_541\Debug\heap_1.o
 .debug_line    0x00000703      0x2ae .\CortexM3\ARM_GCC_541\Debug\port.o
 .debug_line    0x000009b1      0x13f .\CortexM3\ARM_GCC_541\Debug\croutine.o
 .debug_line    0x00000af0      0x339 .\CortexM3\ARM_GCC_541\Debug\event_groups.o
 .debug_line    0x00000e29      0x17f .\CortexM3\ARM_GCC_541\Debug\FreeRTOS_PSoC.o
 .debug_line    0x00000fa8      0x21f .\CortexM3\ARM_GCC_541\Debug\list.o
 .debug_line    0x000011c7      0x6f3 .\CortexM3\ARM_GCC_541\Debug\queue.o
 .debug_line    0x000018ba      0x508 .\CortexM3\ARM_GCC_541\Debug\stream_buffer.o
 .debug_line    0x00001dc2      0xad0 .\CortexM3\ARM_GCC_541\Debug\tasks.o
 .debug_line    0x00002892      0x13f .\CortexM3\ARM_GCC_541\Debug\timers.o
 .debug_line    0x000029d1      0x1e0 .\CortexM3\ARM_GCC_541\Debug\cyfitter_cfg.o
 .debug_line    0x00002bb1      0x141 .\CortexM3\ARM_GCC_541\Debug\cymetadata.o
 .debug_line    0x00002cf2      0x234 .\CortexM3\ARM_GCC_541\Debug\Cm3Start.o
 .debug_line    0x00002f26      0x816 .\CortexM3\ARM_GCC_541\Debug\RTOS_UART_Project_Psoc1.a(CyLib.o)
 .debug_line    0x0000373c      0x367 .\CortexM3\ARM_GCC_541\Debug\RTOS_UART_Project_Psoc1.a(cyPm.o)
 .debug_line    0x00003aa3       0x90 .\CortexM3\ARM_GCC_541\Debug\RTOS_UART_Project_Psoc1.a(LED.o)
 .debug_line    0x00003b33      0x135 .\CortexM3\ARM_GCC_541\Debug\RTOS_UART_Project_Psoc1.a(ISR_UART.o)
 .debug_line    0x00003c68      0x2f5 .\CortexM3\ARM_GCC_541\Debug\RTOS_UART_Project_Psoc1.a(UART.o)
 .debug_line    0x00003f5d       0x7d .\CortexM3\ARM_GCC_541\Debug\RTOS_UART_Project_Psoc1.a(UART_INT.o)
 .debug_line    0x00003fda      0x17c .\CortexM3\ARM_GCC_541\Debug\RTOS_UART_Project_Psoc1.a(UART_IntClock.o)
 .debug_line    0x00004156      0x154 .\CortexM3\ARM_GCC_541\Debug\RTOS_UART_Project_Psoc1.a(Timer.o)
 .debug_line    0x000042aa       0x91 .\CortexM3\ARM_GCC_541\Debug\RTOS_UART_Project_Psoc1.a(Echo.o)
 .debug_line    0x0000433b       0x94 .\CortexM3\ARM_GCC_541\Debug\RTOS_UART_Project_Psoc1.a(Trigger.o)
 .debug_line    0x000043cf      0x137 .\CortexM3\ARM_GCC_541\Debug\RTOS_UART_Project_Psoc1.a(PWM_Servo.o)
 .debug_line    0x00004506      0x137 .\CortexM3\ARM_GCC_541\Debug\RTOS_UART_Project_Psoc1.a(PWM_Music.o)
 .debug_line    0x0000463d      0x2c4 .\CortexM3\ARM_GCC_541\Debug\RTOS_UART_Project_Psoc1.a(UART_USB.o)
 .debug_line    0x00004901      0x180 .\CortexM3\ARM_GCC_541\Debug\RTOS_UART_Project_Psoc1.a(UART_USB_IntClock.o)
 .debug_line    0x00004a81       0x66 .\CortexM3\ARM_GCC_541\Debug\RTOS_UART_Project_Psoc1.a(CyBootAsmGnu.o)
 .debug_line    0x00004ae7      0x21a .\CortexM3\ARM_GCC_541\Debug\RTOS_UART_Project_Psoc1.a(CyFlash.o)
 .debug_line    0x00004d01      0x260 .\CortexM3\ARM_GCC_541\Debug\RTOS_UART_Project_Psoc1.a(CySpc.o)

.debug_frame    0x00000000     0x2e9c
 *(.debug_frame)
 .debug_frame   0x00000000      0x120 .\CortexM3\ARM_GCC_541\Debug\main.o
 .debug_frame   0x00000120       0x60 .\CortexM3\ARM_GCC_541\Debug\heap_1.o
 .debug_frame   0x00000180       0xe0 .\CortexM3\ARM_GCC_541\Debug\port.o
 .debug_frame   0x00000260      0x13c .\CortexM3\ARM_GCC_541\Debug\event_groups.o
 .debug_frame   0x0000039c       0x20 .\CortexM3\ARM_GCC_541\Debug\FreeRTOS_PSoC.o
 .debug_frame   0x000003bc       0x70 .\CortexM3\ARM_GCC_541\Debug\list.o
 .debug_frame   0x0000042c      0x3a0 .\CortexM3\ARM_GCC_541\Debug\queue.o
 .debug_frame   0x000007cc      0x2c0 .\CortexM3\ARM_GCC_541\Debug\stream_buffer.o
 .debug_frame   0x00000a8c      0x62c .\CortexM3\ARM_GCC_541\Debug\tasks.o
 .debug_frame   0x000010b8       0xe4 .\CortexM3\ARM_GCC_541\Debug\cyfitter_cfg.o
 .debug_frame   0x0000119c       0xb8 .\CortexM3\ARM_GCC_541\Debug\Cm3Start.o
 .debug_frame   0x00001254      0x738 .\CortexM3\ARM_GCC_541\Debug\RTOS_UART_Project_Psoc1.a(CyLib.o)
 .debug_frame   0x0000198c      0x1f8 .\CortexM3\ARM_GCC_541\Debug\RTOS_UART_Project_Psoc1.a(cyPm.o)
 .debug_frame   0x00001b84       0x50 .\CortexM3\ARM_GCC_541\Debug\RTOS_UART_Project_Psoc1.a(LED.o)
 .debug_frame   0x00001bd4      0x104 .\CortexM3\ARM_GCC_541\Debug\RTOS_UART_Project_Psoc1.a(ISR_UART.o)
 .debug_frame   0x00001cd8      0x25c .\CortexM3\ARM_GCC_541\Debug\RTOS_UART_Project_Psoc1.a(UART.o)
 .debug_frame   0x00001f34       0x20 .\CortexM3\ARM_GCC_541\Debug\RTOS_UART_Project_Psoc1.a(UART_INT.o)
 .debug_frame   0x00001f54       0xe0 .\CortexM3\ARM_GCC_541\Debug\RTOS_UART_Project_Psoc1.a(UART_IntClock.o)
 .debug_frame   0x00002034      0x108 .\CortexM3\ARM_GCC_541\Debug\RTOS_UART_Project_Psoc1.a(Timer.o)
 .debug_frame   0x0000213c       0x50 .\CortexM3\ARM_GCC_541\Debug\RTOS_UART_Project_Psoc1.a(Echo.o)
 .debug_frame   0x0000218c       0x50 .\CortexM3\ARM_GCC_541\Debug\RTOS_UART_Project_Psoc1.a(Trigger.o)
 .debug_frame   0x000021dc       0xe8 .\CortexM3\ARM_GCC_541\Debug\RTOS_UART_Project_Psoc1.a(PWM_Servo.o)
 .debug_frame   0x000022c4       0xe8 .\CortexM3\ARM_GCC_541\Debug\RTOS_UART_Project_Psoc1.a(PWM_Music.o)
 .debug_frame   0x000023ac      0x250 .\CortexM3\ARM_GCC_541\Debug\RTOS_UART_Project_Psoc1.a(UART_USB.o)
 .debug_frame   0x000025fc       0xe0 .\CortexM3\ARM_GCC_541\Debug\RTOS_UART_Project_Psoc1.a(UART_USB_IntClock.o)
 .debug_frame   0x000026dc      0x194 .\CortexM3\ARM_GCC_541\Debug\RTOS_UART_Project_Psoc1.a(CyFlash.o)
 .debug_frame   0x00002870      0x180 .\CortexM3\ARM_GCC_541\Debug\RTOS_UART_Project_Psoc1.a(CySpc.o)
 .debug_frame   0x000029f0       0x20 c:/program files (x86)/cypress/psoc creator/4.2/psoc creator/import/gnu/arm/5.4.1/bin/../lib/gcc/arm-none-eabi/5.4.1/../../../../arm-none-eabi/lib/armv7-m\libg_nano.a(lib_a-errno.o)
 .debug_frame   0x00002a10       0x28 c:/program files (x86)/cypress/psoc creator/4.2/psoc creator/import/gnu/arm/5.4.1/bin/../lib/gcc/arm-none-eabi/5.4.1/../../../../arm-none-eabi/lib/armv7-m\libg_nano.a(lib_a-exit.o)
 .debug_frame   0x00002a38       0x2c c:/program files (x86)/cypress/psoc creator/4.2/psoc creator/import/gnu/arm/5.4.1/bin/../lib/gcc/arm-none-eabi/5.4.1/../../../../arm-none-eabi/lib/armv7-m\libg_nano.a(lib_a-init.o)
 .debug_frame   0x00002a64       0x28 c:/program files (x86)/cypress/psoc creator/4.2/psoc creator/import/gnu/arm/5.4.1/bin/../lib/gcc/arm-none-eabi/5.4.1/../../../../arm-none-eabi/lib/armv7-m\libg_nano.a(lib_a-memcpy-stub.o)
 .debug_frame   0x00002a8c       0x20 c:/program files (x86)/cypress/psoc creator/4.2/psoc creator/import/gnu/arm/5.4.1/bin/../lib/gcc/arm-none-eabi/5.4.1/../../../../arm-none-eabi/lib/armv7-m\libg_nano.a(lib_a-memset.o)
 .debug_frame   0x00002aac       0x70 c:/program files (x86)/cypress/psoc creator/4.2/psoc creator/import/gnu/arm/5.4.1/bin/../lib/gcc/arm-none-eabi/5.4.1/../../../../arm-none-eabi/lib/armv7-m\libg_nano.a(lib_a-sprintf.o)
 .debug_frame   0x00002b1c       0x20 c:/program files (x86)/cypress/psoc creator/4.2/psoc creator/import/gnu/arm/5.4.1/bin/../lib/gcc/arm-none-eabi/5.4.1/../../../../arm-none-eabi/lib/armv7-m\libg_nano.a(lib_a-strcmp.o)
 .debug_frame   0x00002b3c       0x38 c:/program files (x86)/cypress/psoc creator/4.2/psoc creator/import/gnu/arm/5.4.1/bin/../lib/gcc/arm-none-eabi/5.4.1/../../../../arm-none-eabi/lib/armv7-m\libg_nano.a(lib_a-strtok.o)
 .debug_frame   0x00002b74       0x40 c:/program files (x86)/cypress/psoc creator/4.2/psoc creator/import/gnu/arm/5.4.1/bin/../lib/gcc/arm-none-eabi/5.4.1/../../../../arm-none-eabi/lib/armv7-m\libg_nano.a(lib_a-strtok_r.o)
 .debug_frame   0x00002bb4       0x30 c:/program files (x86)/cypress/psoc creator/4.2/psoc creator/import/gnu/arm/5.4.1/bin/../lib/gcc/arm-none-eabi/5.4.1/../../../../arm-none-eabi/lib/armv7-m\libg_nano.a(lib_a-malloc.o)
 .debug_frame   0x00002be4       0x38 c:/program files (x86)/cypress/psoc creator/4.2/psoc creator/import/gnu/arm/5.4.1/bin/../lib/gcc/arm-none-eabi/5.4.1/../../../../arm-none-eabi/lib/armv7-m\libg_nano.a(lib_a-nano-freer.o)
 .debug_frame   0x00002c1c       0x2c c:/program files (x86)/cypress/psoc creator/4.2/psoc creator/import/gnu/arm/5.4.1/bin/../lib/gcc/arm-none-eabi/5.4.1/../../../../arm-none-eabi/lib/armv7-m\libg_nano.a(lib_a-nano-mallocr.o)
 .debug_frame   0x00002c48       0x90 c:/program files (x86)/cypress/psoc creator/4.2/psoc creator/import/gnu/arm/5.4.1/bin/../lib/gcc/arm-none-eabi/5.4.1/../../../../arm-none-eabi/lib/armv7-m\libg_nano.a(lib_a-nano-svfprintf.o)
 .debug_frame   0x00002cd8       0x60 c:/program files (x86)/cypress/psoc creator/4.2/psoc creator/import/gnu/arm/5.4.1/bin/../lib/gcc/arm-none-eabi/5.4.1/../../../../arm-none-eabi/lib/armv7-m\libg_nano.a(lib_a-nano-vfprintf_i.o)
 .debug_frame   0x00002d38       0x2c c:/program files (x86)/cypress/psoc creator/4.2/psoc creator/import/gnu/arm/5.4.1/bin/../lib/gcc/arm-none-eabi/5.4.1/../../../../arm-none-eabi/lib/armv7-m\libg_nano.a(lib_a-sbrkr.o)
 .debug_frame   0x00002d64       0x28 c:/program files (x86)/cypress/psoc creator/4.2/psoc creator/import/gnu/arm/5.4.1/bin/../lib/gcc/arm-none-eabi/5.4.1/../../../../arm-none-eabi/lib/armv7-m\libg_nano.a(lib_a-memchr-stub.o)
 .debug_frame   0x00002d8c       0x28 c:/program files (x86)/cypress/psoc creator/4.2/psoc creator/import/gnu/arm/5.4.1/bin/../lib/gcc/arm-none-eabi/5.4.1/../../../../arm-none-eabi/lib/armv7-m\libg_nano.a(lib_a-memmove.o)
 .debug_frame   0x00002db4       0x30 c:/program files (x86)/cypress/psoc creator/4.2/psoc creator/import/gnu/arm/5.4.1/bin/../lib/gcc/arm-none-eabi/5.4.1/../../../../arm-none-eabi/lib/armv7-m\libg_nano.a(lib_a-mlock.o)
 .debug_frame   0x00002de4       0x3c c:/program files (x86)/cypress/psoc creator/4.2/psoc creator/import/gnu/arm/5.4.1/bin/../lib/gcc/arm-none-eabi/5.4.1/../../../../arm-none-eabi/lib/armv7-m\libg_nano.a(lib_a-nano-reallocr.o)
 .debug_frame   0x00002e20       0x5c c:/program files (x86)/cypress/psoc creator/4.2/psoc creator/import/gnu/arm/5.4.1/bin/../lib/gcc/arm-none-eabi/5.4.1/../../../../arm-none-eabi/lib/armv7-m\libg_nano.a(lib_a-reent.o)
 .debug_frame   0x00002e7c       0x20 c:/program files (x86)/cypress/psoc creator/4.2/psoc creator/import/gnu/arm/5.4.1/bin/../lib/gcc/arm-none-eabi/5.4.1/../../../../arm-none-eabi/lib/armv7-m\libg_nano.a(lib_a-nano-msizer.o)

.debug_str      0x00000000     0x3ce9
 *(.debug_str)
 .debug_str     0x00000000      0x468 .\CortexM3\ARM_GCC_541\Debug\main.o
                                0x4f6 (size before relaxing)
 .debug_str     0x00000468       0xc0 .\CortexM3\ARM_GCC_541\Debug\heap_1.o
                                0x2a0 (size before relaxing)
 .debug_str     0x00000528      0x1c6 .\CortexM3\ARM_GCC_541\Debug\port.o
                                0x3a3 (size before relaxing)
 .debug_str     0x000006ee       0x17 .\CortexM3\ARM_GCC_541\Debug\croutine.o
                                0x1ca (size before relaxing)
 .debug_str     0x00000705      0x3ab .\CortexM3\ARM_GCC_541\Debug\event_groups.o
                                0x651 (size before relaxing)
 .debug_str     0x00000ab0       0x36 .\CortexM3\ARM_GCC_541\Debug\FreeRTOS_PSoC.o
                                0x22e (size before relaxing)
 .debug_str     0x00000ae6       0x90 .\CortexM3\ARM_GCC_541\Debug\list.o
                                0x319 (size before relaxing)
 .debug_str     0x00000b76      0x669 .\CortexM3\ARM_GCC_541\Debug\queue.o
                                0xa18 (size before relaxing)
 .debug_str     0x000011df      0x416 .\CortexM3\ARM_GCC_541\Debug\stream_buffer.o
                                0x821 (size before relaxing)
 .debug_str     0x000015f5      0x837 .\CortexM3\ARM_GCC_541\Debug\tasks.o
                                0xf73 (size before relaxing)
 .debug_str     0x00001e2c       0x15 .\CortexM3\ARM_GCC_541\Debug\timers.o
                                0x1c8 (size before relaxing)
 .debug_str     0x00001e41      0x16b .\CortexM3\ARM_GCC_541\Debug\cyfitter_cfg.o
                                0x328 (size before relaxing)
 .debug_str     0x00001fac       0x75 .\CortexM3\ARM_GCC_541\Debug\cymetadata.o
                                0x1fd (size before relaxing)
 .debug_str     0x00002021      0x12a .\CortexM3\ARM_GCC_541\Debug\Cm3Start.o
                                0x323 (size before relaxing)
 .debug_str     0x0000214b      0x84c .\CortexM3\ARM_GCC_541\Debug\RTOS_UART_Project_Psoc1.a(CyLib.o)
                                0xa60 (size before relaxing)
 .debug_str     0x00002997      0x365 .\CortexM3\ARM_GCC_541\Debug\RTOS_UART_Project_Psoc1.a(cyPm.o)
                                0x74c (size before relaxing)
 .debug_str     0x00002cfc       0x52 .\CortexM3\ARM_GCC_541\Debug\RTOS_UART_Project_Psoc1.a(LED.o)
                                0x1f1 (size before relaxing)
 .debug_str     0x00002d4e       0xff .\CortexM3\ARM_GCC_541\Debug\RTOS_UART_Project_Psoc1.a(ISR_UART.o)
                                0x2e9 (size before relaxing)
 .debug_str     0x00002e4d      0x299 .\CortexM3\ARM_GCC_541\Debug\RTOS_UART_Project_Psoc1.a(UART.o)
                                0x50f (size before relaxing)
 .debug_str     0x000030e6       0x2d .\CortexM3\ARM_GCC_541\Debug\RTOS_UART_Project_Psoc1.a(UART_INT.o)
                                0x1ff (size before relaxing)
 .debug_str     0x00003113      0x183 .\CortexM3\ARM_GCC_541\Debug\RTOS_UART_Project_Psoc1.a(UART_IntClock.o)
                                0x34f (size before relaxing)
 .debug_str     0x00003296      0x131 .\CortexM3\ARM_GCC_541\Debug\RTOS_UART_Project_Psoc1.a(Timer.o)
                                0x30e (size before relaxing)
 .debug_str     0x000033c7       0x4c .\CortexM3\ARM_GCC_541\Debug\RTOS_UART_Project_Psoc1.a(Echo.o)
                                0x1f6 (size before relaxing)
 .debug_str     0x00003413       0x57 .\CortexM3\ARM_GCC_541\Debug\RTOS_UART_Project_Psoc1.a(Trigger.o)
                                0x205 (size before relaxing)
 .debug_str     0x0000346a      0x12e .\CortexM3\ARM_GCC_541\Debug\RTOS_UART_Project_Psoc1.a(PWM_Servo.o)
                                0x31e (size before relaxing)
 .debug_str     0x00003598      0x11a .\CortexM3\ARM_GCC_541\Debug\RTOS_UART_Project_Psoc1.a(PWM_Music.o)
                                0x31e (size before relaxing)
 .debug_str     0x000036b2      0x270 .\CortexM3\ARM_GCC_541\Debug\RTOS_UART_Project_Psoc1.a(UART_USB.o)
                                0x50a (size before relaxing)
 .debug_str     0x00003922      0x160 .\CortexM3\ARM_GCC_541\Debug\RTOS_UART_Project_Psoc1.a(UART_USB_IntClock.o)
                                0x37f (size before relaxing)
 .debug_str     0x00003a82      0x1bb .\CortexM3\ARM_GCC_541\Debug\RTOS_UART_Project_Psoc1.a(CyFlash.o)
                                0x3d9 (size before relaxing)
 .debug_str     0x00003c3d       0xac .\CortexM3\ARM_GCC_541\Debug\RTOS_UART_Project_Psoc1.a(CySpc.o)
                                0x351 (size before relaxing)

.debug_loc      0x00000000     0x64db
 *(.debug_loc)
 .debug_loc     0x00000000      0x140 .\CortexM3\ARM_GCC_541\Debug\main.o
 .debug_loc     0x00000140       0x5f .\CortexM3\ARM_GCC_541\Debug\heap_1.o
 .debug_loc     0x0000019f       0xa8 .\CortexM3\ARM_GCC_541\Debug\port.o
 .debug_loc     0x00000247      0x6e0 .\CortexM3\ARM_GCC_541\Debug\event_groups.o
 .debug_loc     0x00000927       0x65 .\CortexM3\ARM_GCC_541\Debug\list.o
 .debug_loc     0x0000098c     0x135f .\CortexM3\ARM_GCC_541\Debug\queue.o
 .debug_loc     0x00001ceb      0xfce .\CortexM3\ARM_GCC_541\Debug\stream_buffer.o
 .debug_loc     0x00002cb9     0x15fb .\CortexM3\ARM_GCC_541\Debug\tasks.o
 .debug_loc     0x000042b4      0x1d7 .\CortexM3\ARM_GCC_541\Debug\cyfitter_cfg.o
 .debug_loc     0x0000448b      0x144 .\CortexM3\ARM_GCC_541\Debug\Cm3Start.o
 .debug_loc     0x000045cf      0xa11 .\CortexM3\ARM_GCC_541\Debug\RTOS_UART_Project_Psoc1.a(CyLib.o)
 .debug_loc     0x00004fe0      0x1e4 .\CortexM3\ARM_GCC_541\Debug\RTOS_UART_Project_Psoc1.a(cyPm.o)
 .debug_loc     0x000051c4       0x42 .\CortexM3\ARM_GCC_541\Debug\RTOS_UART_Project_Psoc1.a(LED.o)
 .debug_loc     0x00005206       0x56 .\CortexM3\ARM_GCC_541\Debug\RTOS_UART_Project_Psoc1.a(ISR_UART.o)
 .debug_loc     0x0000525c      0x276 .\CortexM3\ARM_GCC_541\Debug\RTOS_UART_Project_Psoc1.a(UART.o)
 .debug_loc     0x000054d2      0x128 .\CortexM3\ARM_GCC_541\Debug\RTOS_UART_Project_Psoc1.a(UART_IntClock.o)
 .debug_loc     0x000055fa       0x42 .\CortexM3\ARM_GCC_541\Debug\RTOS_UART_Project_Psoc1.a(Echo.o)
 .debug_loc     0x0000563c       0x42 .\CortexM3\ARM_GCC_541\Debug\RTOS_UART_Project_Psoc1.a(Trigger.o)
 .debug_loc     0x0000567e       0x13 .\CortexM3\ARM_GCC_541\Debug\RTOS_UART_Project_Psoc1.a(PWM_Servo.o)
 .debug_loc     0x00005691       0x13 .\CortexM3\ARM_GCC_541\Debug\RTOS_UART_Project_Psoc1.a(PWM_Music.o)
 .debug_loc     0x000056a4      0x258 .\CortexM3\ARM_GCC_541\Debug\RTOS_UART_Project_Psoc1.a(UART_USB.o)
 .debug_loc     0x000058fc      0x128 .\CortexM3\ARM_GCC_541\Debug\RTOS_UART_Project_Psoc1.a(UART_USB_IntClock.o)
 .debug_loc     0x00005a24      0x3b2 .\CortexM3\ARM_GCC_541\Debug\RTOS_UART_Project_Psoc1.a(CyFlash.o)
 .debug_loc     0x00005dd6      0x705 .\CortexM3\ARM_GCC_541\Debug\RTOS_UART_Project_Psoc1.a(CySpc.o)

.debug_macinfo
 *(.debug_macinfo)

.debug_ranges   0x00000000      0xea8
 *(.debug_ranges)
 .debug_ranges  0x00000000       0x58 .\CortexM3\ARM_GCC_541\Debug\main.o
 .debug_ranges  0x00000058       0x28 .\CortexM3\ARM_GCC_541\Debug\heap_1.o
 .debug_ranges  0x00000080       0x60 .\CortexM3\ARM_GCC_541\Debug\port.o
 .debug_ranges  0x000000e0       0x70 .\CortexM3\ARM_GCC_541\Debug\event_groups.o
 .debug_ranges  0x00000150       0x10 .\CortexM3\ARM_GCC_541\Debug\FreeRTOS_PSoC.o
 .debug_ranges  0x00000160       0x30 .\CortexM3\ARM_GCC_541\Debug\list.o
 .debug_ranges  0x00000190      0x148 .\CortexM3\ARM_GCC_541\Debug\queue.o
 .debug_ranges  0x000002d8       0xa8 .\CortexM3\ARM_GCC_541\Debug\stream_buffer.o
 .debug_ranges  0x00000380      0x1e8 .\CortexM3\ARM_GCC_541\Debug\tasks.o
 .debug_ranges  0x00000568       0x48 .\CortexM3\ARM_GCC_541\Debug\cyfitter_cfg.o
 .debug_ranges  0x000005b0       0x38 .\CortexM3\ARM_GCC_541\Debug\Cm3Start.o
 .debug_ranges  0x000005e8      0x290 .\CortexM3\ARM_GCC_541\Debug\RTOS_UART_Project_Psoc1.a(CyLib.o)
 .debug_ranges  0x00000878       0x88 .\CortexM3\ARM_GCC_541\Debug\RTOS_UART_Project_Psoc1.a(cyPm.o)
 .debug_ranges  0x00000900       0x28 .\CortexM3\ARM_GCC_541\Debug\RTOS_UART_Project_Psoc1.a(LED.o)
 .debug_ranges  0x00000928       0x70 .\CortexM3\ARM_GCC_541\Debug\RTOS_UART_Project_Psoc1.a(ISR_UART.o)
 .debug_ranges  0x00000998       0xe0 .\CortexM3\ARM_GCC_541\Debug\RTOS_UART_Project_Psoc1.a(UART.o)
 .debug_ranges  0x00000a78       0x10 .\CortexM3\ARM_GCC_541\Debug\RTOS_UART_Project_Psoc1.a(UART_INT.o)
 .debug_ranges  0x00000a88       0x60 .\CortexM3\ARM_GCC_541\Debug\RTOS_UART_Project_Psoc1.a(UART_IntClock.o)
 .debug_ranges  0x00000ae8       0x78 .\CortexM3\ARM_GCC_541\Debug\RTOS_UART_Project_Psoc1.a(Timer.o)
 .debug_ranges  0x00000b60       0x28 .\CortexM3\ARM_GCC_541\Debug\RTOS_UART_Project_Psoc1.a(Echo.o)
 .debug_ranges  0x00000b88       0x28 .\CortexM3\ARM_GCC_541\Debug\RTOS_UART_Project_Psoc1.a(Trigger.o)
 .debug_ranges  0x00000bb0       0x68 .\CortexM3\ARM_GCC_541\Debug\RTOS_UART_Project_Psoc1.a(PWM_Servo.o)
 .debug_ranges  0x00000c18       0x68 .\CortexM3\ARM_GCC_541\Debug\RTOS_UART_Project_Psoc1.a(PWM_Music.o)
 .debug_ranges  0x00000c80       0xe0 .\CortexM3\ARM_GCC_541\Debug\RTOS_UART_Project_Psoc1.a(UART_USB.o)
 .debug_ranges  0x00000d60       0x60 .\CortexM3\ARM_GCC_541\Debug\RTOS_UART_Project_Psoc1.a(UART_USB_IntClock.o)
 .debug_ranges  0x00000dc0       0x78 .\CortexM3\ARM_GCC_541\Debug\RTOS_UART_Project_Psoc1.a(CyFlash.o)
 .debug_ranges  0x00000e38       0x70 .\CortexM3\ARM_GCC_541\Debug\RTOS_UART_Project_Psoc1.a(CySpc.o)

.comment        0x00000000       0x6e
 .comment       0x00000000       0x6e .\CortexM3\ARM_GCC_541\Debug\main.o
                                 0x6f (size before relaxing)
 .comment       0x0000006e       0x6f .\CortexM3\ARM_GCC_541\Debug\heap_1.o
 .comment       0x0000006e       0x6f .\CortexM3\ARM_GCC_541\Debug\port.o
 .comment       0x0000006e       0x6f .\CortexM3\ARM_GCC_541\Debug\croutine.o
 .comment       0x0000006e       0x6f .\CortexM3\ARM_GCC_541\Debug\event_groups.o
 .comment       0x0000006e       0x6f .\CortexM3\ARM_GCC_541\Debug\FreeRTOS_PSoC.o
 .comment       0x0000006e       0x6f .\CortexM3\ARM_GCC_541\Debug\list.o
 .comment       0x0000006e       0x6f .\CortexM3\ARM_GCC_541\Debug\queue.o
 .comment       0x0000006e       0x6f .\CortexM3\ARM_GCC_541\Debug\stream_buffer.o
 .comment       0x0000006e       0x6f .\CortexM3\ARM_GCC_541\Debug\tasks.o
 .comment       0x0000006e       0x6f .\CortexM3\ARM_GCC_541\Debug\timers.o
 .comment       0x0000006e       0x6f .\CortexM3\ARM_GCC_541\Debug\cyfitter_cfg.o
 .comment       0x0000006e       0x6f .\CortexM3\ARM_GCC_541\Debug\cymetadata.o
 .comment       0x0000006e       0x6f .\CortexM3\ARM_GCC_541\Debug\Cm3Start.o
 .comment       0x0000006e       0x6f .\CortexM3\ARM_GCC_541\Debug\RTOS_UART_Project_Psoc1.a(CyLib.o)
 .comment       0x0000006e       0x6f .\CortexM3\ARM_GCC_541\Debug\RTOS_UART_Project_Psoc1.a(cyPm.o)
 .comment       0x0000006e       0x6f .\CortexM3\ARM_GCC_541\Debug\RTOS_UART_Project_Psoc1.a(LED.o)
 .comment       0x0000006e       0x6f .\CortexM3\ARM_GCC_541\Debug\RTOS_UART_Project_Psoc1.a(ISR_UART.o)
 .comment       0x0000006e       0x6f .\CortexM3\ARM_GCC_541\Debug\RTOS_UART_Project_Psoc1.a(UART.o)
 .comment       0x0000006e       0x6f .\CortexM3\ARM_GCC_541\Debug\RTOS_UART_Project_Psoc1.a(UART_INT.o)
 .comment       0x0000006e       0x6f .\CortexM3\ARM_GCC_541\Debug\RTOS_UART_Project_Psoc1.a(UART_IntClock.o)
 .comment       0x0000006e       0x6f .\CortexM3\ARM_GCC_541\Debug\RTOS_UART_Project_Psoc1.a(Timer.o)
 .comment       0x0000006e       0x6f .\CortexM3\ARM_GCC_541\Debug\RTOS_UART_Project_Psoc1.a(Echo.o)
 .comment       0x0000006e       0x6f .\CortexM3\ARM_GCC_541\Debug\RTOS_UART_Project_Psoc1.a(Trigger.o)
 .comment       0x0000006e       0x6f .\CortexM3\ARM_GCC_541\Debug\RTOS_UART_Project_Psoc1.a(PWM_Servo.o)
 .comment       0x0000006e       0x6f .\CortexM3\ARM_GCC_541\Debug\RTOS_UART_Project_Psoc1.a(PWM_Music.o)
 .comment       0x0000006e       0x6f .\CortexM3\ARM_GCC_541\Debug\RTOS_UART_Project_Psoc1.a(UART_USB.o)
 .comment       0x0000006e       0x6f .\CortexM3\ARM_GCC_541\Debug\RTOS_UART_Project_Psoc1.a(UART_USB_IntClock.o)
 .comment       0x0000006e       0x6f .\CortexM3\ARM_GCC_541\Debug\RTOS_UART_Project_Psoc1.a(CyFlash.o)
 .comment       0x0000006e       0x6f .\CortexM3\ARM_GCC_541\Debug\RTOS_UART_Project_Psoc1.a(CySpc.o)

.debug_weaknames
 *(.debug_weaknames)

.debug_funcnames
 *(.debug_funcnames)

.debug_typenames
 *(.debug_typenames)

.debug_varnames
 *(.debug_varnames)

.note.gnu.arm.ident
 *(.note.gnu.arm.ident)

.ARM.attributes
                0x00000000       0x29
 *(.ARM.attributes)
 .ARM.attributes
                0x00000000       0x1d c:/program files (x86)/cypress/psoc creator/4.2/psoc creator/import/gnu/arm/5.4.1/bin/../lib/gcc/arm-none-eabi/5.4.1/armv7-m/crti.o
 .ARM.attributes
                0x0000001d       0x2d c:/program files (x86)/cypress/psoc creator/4.2/psoc creator/import/gnu/arm/5.4.1/bin/../lib/gcc/arm-none-eabi/5.4.1/armv7-m/crtbegin.o
 .ARM.attributes
                0x0000004a       0x1b c:/program files (x86)/cypress/psoc creator/4.2/psoc creator/import/gnu/arm/5.4.1/bin/../lib/gcc/arm-none-eabi/5.4.1/../../../../arm-none-eabi/lib/armv7-m/crt0.o
 .ARM.attributes
                0x00000065       0x33 .\CortexM3\ARM_GCC_541\Debug\main.o
 .ARM.attributes
                0x00000098       0x33 .\CortexM3\ARM_GCC_541\Debug\heap_1.o
 .ARM.attributes
                0x000000cb       0x33 .\CortexM3\ARM_GCC_541\Debug\port.o
 .ARM.attributes
                0x000000fe       0x33 .\CortexM3\ARM_GCC_541\Debug\croutine.o
 .ARM.attributes
                0x00000131       0x33 .\CortexM3\ARM_GCC_541\Debug\event_groups.o
 .ARM.attributes
                0x00000164       0x33 .\CortexM3\ARM_GCC_541\Debug\FreeRTOS_PSoC.o
 .ARM.attributes
                0x00000197       0x33 .\CortexM3\ARM_GCC_541\Debug\list.o
 .ARM.attributes
                0x000001ca       0x33 .\CortexM3\ARM_GCC_541\Debug\queue.o
 .ARM.attributes
                0x000001fd       0x33 .\CortexM3\ARM_GCC_541\Debug\stream_buffer.o
 .ARM.attributes
                0x00000230       0x33 .\CortexM3\ARM_GCC_541\Debug\tasks.o
 .ARM.attributes
                0x00000263       0x33 .\CortexM3\ARM_GCC_541\Debug\timers.o
 .ARM.attributes
                0x00000296       0x33 .\CortexM3\ARM_GCC_541\Debug\cyfitter_cfg.o
 .ARM.attributes
                0x000002c9       0x33 .\CortexM3\ARM_GCC_541\Debug\cymetadata.o
 .ARM.attributes
                0x000002fc       0x33 .\CortexM3\ARM_GCC_541\Debug\Cm3Start.o
 .ARM.attributes
                0x0000032f       0x33 .\CortexM3\ARM_GCC_541\Debug\RTOS_UART_Project_Psoc1.a(CyLib.o)
 .ARM.attributes
                0x00000362       0x33 .\CortexM3\ARM_GCC_541\Debug\RTOS_UART_Project_Psoc1.a(cyPm.o)
 .ARM.attributes
                0x00000395       0x33 .\CortexM3\ARM_GCC_541\Debug\RTOS_UART_Project_Psoc1.a(LED.o)
 .ARM.attributes
                0x000003c8       0x33 .\CortexM3\ARM_GCC_541\Debug\RTOS_UART_Project_Psoc1.a(ISR_UART.o)
 .ARM.attributes
                0x000003fb       0x33 .\CortexM3\ARM_GCC_541\Debug\RTOS_UART_Project_Psoc1.a(UART.o)
 .ARM.attributes
                0x0000042e       0x33 .\CortexM3\ARM_GCC_541\Debug\RTOS_UART_Project_Psoc1.a(UART_INT.o)
 .ARM.attributes
                0x00000461       0x33 .\CortexM3\ARM_GCC_541\Debug\RTOS_UART_Project_Psoc1.a(UART_IntClock.o)
 .ARM.attributes
                0x00000494       0x33 .\CortexM3\ARM_GCC_541\Debug\RTOS_UART_Project_Psoc1.a(Timer.o)
 .ARM.attributes
                0x000004c7       0x33 .\CortexM3\ARM_GCC_541\Debug\RTOS_UART_Project_Psoc1.a(Echo.o)
 .ARM.attributes
                0x000004fa       0x33 .\CortexM3\ARM_GCC_541\Debug\RTOS_UART_Project_Psoc1.a(Trigger.o)
 .ARM.attributes
                0x0000052d       0x33 .\CortexM3\ARM_GCC_541\Debug\RTOS_UART_Project_Psoc1.a(PWM_Servo.o)
 .ARM.attributes
                0x00000560       0x33 .\CortexM3\ARM_GCC_541\Debug\RTOS_UART_Project_Psoc1.a(PWM_Music.o)
 .ARM.attributes
                0x00000593       0x33 .\CortexM3\ARM_GCC_541\Debug\RTOS_UART_Project_Psoc1.a(UART_USB.o)
 .ARM.attributes
                0x000005c6       0x33 .\CortexM3\ARM_GCC_541\Debug\RTOS_UART_Project_Psoc1.a(UART_USB_IntClock.o)
 .ARM.attributes
                0x000005f9       0x21 .\CortexM3\ARM_GCC_541\Debug\RTOS_UART_Project_Psoc1.a(CyBootAsmGnu.o)
 .ARM.attributes
                0x0000061a       0x33 .\CortexM3\ARM_GCC_541\Debug\RTOS_UART_Project_Psoc1.a(CyFlash.o)
 .ARM.attributes
                0x0000064d       0x33 .\CortexM3\ARM_GCC_541\Debug\RTOS_UART_Project_Psoc1.a(CySpc.o)
 .ARM.attributes
                0x00000680       0x1d c:/program files (x86)/cypress/psoc creator/4.2/psoc creator/import/gnu/arm/5.4.1/bin/../lib/gcc/arm-none-eabi/5.4.1/armv7-m\libgcc.a(_arm_addsubdf3.o)
 .ARM.attributes
                0x0000069d       0x1d c:/program files (x86)/cypress/psoc creator/4.2/psoc creator/import/gnu/arm/5.4.1/bin/../lib/gcc/arm-none-eabi/5.4.1/armv7-m\libgcc.a(_arm_muldivdf3.o)
 .ARM.attributes
                0x000006ba       0x1d c:/program files (x86)/cypress/psoc creator/4.2/psoc creator/import/gnu/arm/5.4.1/bin/../lib/gcc/arm-none-eabi/5.4.1/armv7-m\libgcc.a(_arm_fixdfsi.o)
 .ARM.attributes
                0x000006d7       0x2d c:/program files (x86)/cypress/psoc creator/4.2/psoc creator/import/gnu/arm/5.4.1/bin/../lib/gcc/arm-none-eabi/5.4.1/../../../../arm-none-eabi/lib/armv7-m\libg_nano.a(lib_a-errno.o)
 .ARM.attributes
                0x00000704       0x2d c:/program files (x86)/cypress/psoc creator/4.2/psoc creator/import/gnu/arm/5.4.1/bin/../lib/gcc/arm-none-eabi/5.4.1/../../../../arm-none-eabi/lib/armv7-m\libg_nano.a(lib_a-exit.o)
 .ARM.attributes
                0x00000731       0x2d c:/program files (x86)/cypress/psoc creator/4.2/psoc creator/import/gnu/arm/5.4.1/bin/../lib/gcc/arm-none-eabi/5.4.1/../../../../arm-none-eabi/lib/armv7-m\libg_nano.a(lib_a-impure.o)
 .ARM.attributes
                0x0000075e       0x2d c:/program files (x86)/cypress/psoc creator/4.2/psoc creator/import/gnu/arm/5.4.1/bin/../lib/gcc/arm-none-eabi/5.4.1/../../../../arm-none-eabi/lib/armv7-m\libg_nano.a(lib_a-init.o)
 .ARM.attributes
                0x0000078b       0x2d c:/program files (x86)/cypress/psoc creator/4.2/psoc creator/import/gnu/arm/5.4.1/bin/../lib/gcc/arm-none-eabi/5.4.1/../../../../arm-none-eabi/lib/armv7-m\libg_nano.a(lib_a-memcpy-stub.o)
 .ARM.attributes
                0x000007b8       0x2d c:/program files (x86)/cypress/psoc creator/4.2/psoc creator/import/gnu/arm/5.4.1/bin/../lib/gcc/arm-none-eabi/5.4.1/../../../../arm-none-eabi/lib/armv7-m\libg_nano.a(lib_a-memset.o)
 .ARM.attributes
                0x000007e5       0x2d c:/program files (x86)/cypress/psoc creator/4.2/psoc creator/import/gnu/arm/5.4.1/bin/../lib/gcc/arm-none-eabi/5.4.1/../../../../arm-none-eabi/lib/armv7-m\libg_nano.a(lib_a-sprintf.o)
 .ARM.attributes
                0x00000812       0x1b c:/program files (x86)/cypress/psoc creator/4.2/psoc creator/import/gnu/arm/5.4.1/bin/../lib/gcc/arm-none-eabi/5.4.1/../../../../arm-none-eabi/lib/armv7-m\libg_nano.a(lib_a-strcmp.o)
 .ARM.attributes
                0x0000082d       0x2d c:/program files (x86)/cypress/psoc creator/4.2/psoc creator/import/gnu/arm/5.4.1/bin/../lib/gcc/arm-none-eabi/5.4.1/../../../../arm-none-eabi/lib/armv7-m\libg_nano.a(lib_a-strtok.o)
 .ARM.attributes
                0x0000085a       0x2d c:/program files (x86)/cypress/psoc creator/4.2/psoc creator/import/gnu/arm/5.4.1/bin/../lib/gcc/arm-none-eabi/5.4.1/../../../../arm-none-eabi/lib/armv7-m\libg_nano.a(lib_a-strtok_r.o)
 .ARM.attributes
                0x00000887       0x2d c:/program files (x86)/cypress/psoc creator/4.2/psoc creator/import/gnu/arm/5.4.1/bin/../lib/gcc/arm-none-eabi/5.4.1/../../../../arm-none-eabi/lib/armv7-m\libg_nano.a(lib_a-malloc.o)
 .ARM.attributes
                0x000008b4       0x2d c:/program files (x86)/cypress/psoc creator/4.2/psoc creator/import/gnu/arm/5.4.1/bin/../lib/gcc/arm-none-eabi/5.4.1/../../../../arm-none-eabi/lib/armv7-m\libg_nano.a(lib_a-nano-freer.o)
 .ARM.attributes
                0x000008e1       0x2d c:/program files (x86)/cypress/psoc creator/4.2/psoc creator/import/gnu/arm/5.4.1/bin/../lib/gcc/arm-none-eabi/5.4.1/../../../../arm-none-eabi/lib/armv7-m\libg_nano.a(lib_a-nano-mallocr.o)
 .ARM.attributes
                0x0000090e       0x2d c:/program files (x86)/cypress/psoc creator/4.2/psoc creator/import/gnu/arm/5.4.1/bin/../lib/gcc/arm-none-eabi/5.4.1/../../../../arm-none-eabi/lib/armv7-m\libg_nano.a(lib_a-nano-svfprintf.o)
 .ARM.attributes
                0x0000093b       0x2d c:/program files (x86)/cypress/psoc creator/4.2/psoc creator/import/gnu/arm/5.4.1/bin/../lib/gcc/arm-none-eabi/5.4.1/../../../../arm-none-eabi/lib/armv7-m\libg_nano.a(lib_a-nano-vfprintf_i.o)
 .ARM.attributes
                0x00000968       0x2d c:/program files (x86)/cypress/psoc creator/4.2/psoc creator/import/gnu/arm/5.4.1/bin/../lib/gcc/arm-none-eabi/5.4.1/../../../../arm-none-eabi/lib/armv7-m\libg_nano.a(lib_a-sbrkr.o)
 .ARM.attributes
                0x00000995       0x2d c:/program files (x86)/cypress/psoc creator/4.2/psoc creator/import/gnu/arm/5.4.1/bin/../lib/gcc/arm-none-eabi/5.4.1/../../../../arm-none-eabi/lib/armv7-m\libg_nano.a(lib_a-memchr-stub.o)
 .ARM.attributes
                0x000009c2       0x2d c:/program files (x86)/cypress/psoc creator/4.2/psoc creator/import/gnu/arm/5.4.1/bin/../lib/gcc/arm-none-eabi/5.4.1/../../../../arm-none-eabi/lib/armv7-m\libg_nano.a(lib_a-memmove.o)
 .ARM.attributes
                0x000009ef       0x2d c:/program files (x86)/cypress/psoc creator/4.2/psoc creator/import/gnu/arm/5.4.1/bin/../lib/gcc/arm-none-eabi/5.4.1/../../../../arm-none-eabi/lib/armv7-m\libg_nano.a(lib_a-mlock.o)
 .ARM.attributes
                0x00000a1c       0x2d c:/program files (x86)/cypress/psoc creator/4.2/psoc creator/import/gnu/arm/5.4.1/bin/../lib/gcc/arm-none-eabi/5.4.1/../../../../arm-none-eabi/lib/armv7-m\libg_nano.a(lib_a-nano-reallocr.o)
 .ARM.attributes
                0x00000a49       0x2d c:/program files (x86)/cypress/psoc creator/4.2/psoc creator/import/gnu/arm/5.4.1/bin/../lib/gcc/arm-none-eabi/5.4.1/../../../../arm-none-eabi/lib/armv7-m\libg_nano.a(lib_a-reent.o)
 .ARM.attributes
                0x00000a76       0x2d c:/program files (x86)/cypress/psoc creator/4.2/psoc creator/import/gnu/arm/5.4.1/bin/../lib/gcc/arm-none-eabi/5.4.1/../../../../arm-none-eabi/lib/armv7-m\libg_nano.a(lib_a-nano-msizer.o)
 .ARM.attributes
                0x00000aa3       0x2d c:/program files (x86)/cypress/psoc creator/4.2/psoc creator/import/gnu/arm/5.4.1/bin/../lib/gcc/arm-none-eabi/5.4.1/armv7-m/crtend.o
 .ARM.attributes
                0x00000ad0       0x1d c:/program files (x86)/cypress/psoc creator/4.2/psoc creator/import/gnu/arm/5.4.1/bin/../lib/gcc/arm-none-eabi/5.4.1/armv7-m/crtn.o

/DISCARD/
 *(.note.GNU-stack)
OUTPUT(C:\Users\Tri94\Documents\PSoC Creator\EE4450\EE4450-Projects\RTOS_UART_Project_Psoc1.cydsn\CortexM3\ARM_GCC_541\Debug\RTOS_UART_Project_Psoc1.elf elf32-littlearm)
