Archive member included to satisfy reference by file (symbol)

.\CortexM3\ARM_GCC_541\Debug\RTOS_UART_Project_Psoc1_Copy_02.a(CyLib.o)
                              .\CortexM3\ARM_GCC_541\Debug\Cm3Start.o (CyHalt)
.\CortexM3\ARM_GCC_541\Debug\RTOS_UART_Project_Psoc1_Copy_02.a(cyPm.o)
                              .\CortexM3\ARM_GCC_541\Debug\RTOS_UART_Project_Psoc1_Copy_02.a(CyLib.o) (CyPmReadStatus)
.\CortexM3\ARM_GCC_541\Debug\RTOS_UART_Project_Psoc1_Copy_02.a(LCD.o)
                              .\CortexM3\ARM_GCC_541\Debug\main.o (LCD_PrintString)
.\CortexM3\ARM_GCC_541\Debug\RTOS_UART_Project_Psoc1_Copy_02.a(LED.o)
                              .\CortexM3\ARM_GCC_541\Debug\main.o (LED_Write)
.\CortexM3\ARM_GCC_541\Debug\RTOS_UART_Project_Psoc1_Copy_02.a(Timer.o)
                              .\CortexM3\ARM_GCC_541\Debug\main.o (Timer_Stop)
.\CortexM3\ARM_GCC_541\Debug\RTOS_UART_Project_Psoc1_Copy_02.a(Echo.o)
                              .\CortexM3\ARM_GCC_541\Debug\main.o (Echo_Read)
.\CortexM3\ARM_GCC_541\Debug\RTOS_UART_Project_Psoc1_Copy_02.a(Trigger.o)
                              .\CortexM3\ARM_GCC_541\Debug\main.o (Trigger_Write)
.\CortexM3\ARM_GCC_541\Debug\RTOS_UART_Project_Psoc1_Copy_02.a(PWM_Servo.o)
                              .\CortexM3\ARM_GCC_541\Debug\main.o (PWM_Servo_WriteCompare)
.\CortexM3\ARM_GCC_541\Debug\RTOS_UART_Project_Psoc1_Copy_02.a(PWM_Music.o)
                              .\CortexM3\ARM_GCC_541\Debug\main.o (PWM_Music_WriteCompare)
.\CortexM3\ARM_GCC_541\Debug\RTOS_UART_Project_Psoc1_Copy_02.a(CyBootAsmGnu.o)
                              .\CortexM3\ARM_GCC_541\Debug\cyfitter_cfg.o (CyDelayCycles)
.\CortexM3\ARM_GCC_541\Debug\RTOS_UART_Project_Psoc1_Copy_02.a(CyFlash.o)
                              .\CortexM3\ARM_GCC_541\Debug\RTOS_UART_Project_Psoc1_Copy_02.a(cyPm.o) (CyFlash_SetWaitCycles)
.\CortexM3\ARM_GCC_541\Debug\RTOS_UART_Project_Psoc1_Copy_02.a(CySpc.o)
                              .\CortexM3\ARM_GCC_541\Debug\RTOS_UART_Project_Psoc1_Copy_02.a(CyFlash.o) (CySpcStart)
c:/program files (x86)/cypress/psoc creator/4.2/psoc creator/import/gnu/arm/5.4.1/bin/../lib/gcc/arm-none-eabi/5.4.1/armv7-m\libgcc.a(_arm_addsubdf3.o)
                              .\CortexM3\ARM_GCC_541\Debug\main.o (__aeabi_i2d)
c:/program files (x86)/cypress/psoc creator/4.2/psoc creator/import/gnu/arm/5.4.1/bin/../lib/gcc/arm-none-eabi/5.4.1/armv7-m\libgcc.a(_arm_muldivdf3.o)
                              .\CortexM3\ARM_GCC_541\Debug\main.o (__aeabi_dmul)
c:/program files (x86)/cypress/psoc creator/4.2/psoc creator/import/gnu/arm/5.4.1/bin/../lib/gcc/arm-none-eabi/5.4.1/armv7-m\libgcc.a(_arm_fixdfsi.o)
                              .\CortexM3\ARM_GCC_541\Debug\main.o (__aeabi_d2iz)
c:/program files (x86)/cypress/psoc creator/4.2/psoc creator/import/gnu/arm/5.4.1/bin/../lib/gcc/arm-none-eabi/5.4.1/../../../../arm-none-eabi/lib/armv7-m\libg_nano.a(lib_a-errno.o)
                              .\CortexM3\ARM_GCC_541\Debug\Cm3Start.o (__errno)
c:/program files (x86)/cypress/psoc creator/4.2/psoc creator/import/gnu/arm/5.4.1/bin/../lib/gcc/arm-none-eabi/5.4.1/../../../../arm-none-eabi/lib/armv7-m\libg_nano.a(lib_a-exit.o)
                              c:/program files (x86)/cypress/psoc creator/4.2/psoc creator/import/gnu/arm/5.4.1/bin/../lib/gcc/arm-none-eabi/5.4.1/../../../../arm-none-eabi/lib/armv7-m/crt0.o (exit)
c:/program files (x86)/cypress/psoc creator/4.2/psoc creator/import/gnu/arm/5.4.1/bin/../lib/gcc/arm-none-eabi/5.4.1/../../../../arm-none-eabi/lib/armv7-m\libg_nano.a(lib_a-impure.o)
                              c:/program files (x86)/cypress/psoc creator/4.2/psoc creator/import/gnu/arm/5.4.1/bin/../lib/gcc/arm-none-eabi/5.4.1/../../../../arm-none-eabi/lib/armv7-m\libg_nano.a(lib_a-exit.o) (_global_impure_ptr)
c:/program files (x86)/cypress/psoc creator/4.2/psoc creator/import/gnu/arm/5.4.1/bin/../lib/gcc/arm-none-eabi/5.4.1/../../../../arm-none-eabi/lib/armv7-m\libg_nano.a(lib_a-init.o)
                              c:/program files (x86)/cypress/psoc creator/4.2/psoc creator/import/gnu/arm/5.4.1/bin/../lib/gcc/arm-none-eabi/5.4.1/../../../../arm-none-eabi/lib/armv7-m/crt0.o (__libc_init_array)
c:/program files (x86)/cypress/psoc creator/4.2/psoc creator/import/gnu/arm/5.4.1/bin/../lib/gcc/arm-none-eabi/5.4.1/../../../../arm-none-eabi/lib/armv7-m\libg_nano.a(lib_a-memcpy-stub.o)
                              .\CortexM3\ARM_GCC_541\Debug\queue.o (memcpy)
c:/program files (x86)/cypress/psoc creator/4.2/psoc creator/import/gnu/arm/5.4.1/bin/../lib/gcc/arm-none-eabi/5.4.1/../../../../arm-none-eabi/lib/armv7-m\libg_nano.a(lib_a-memset.o)
                              c:/program files (x86)/cypress/psoc creator/4.2/psoc creator/import/gnu/arm/5.4.1/bin/../lib/gcc/arm-none-eabi/5.4.1/../../../../arm-none-eabi/lib/armv7-m/crt0.o (memset)
[...]
Memory Configuration

Name             Origin             Length             Attributes
rom              0x00000000         0x00040000         xr
ram              0x1fff8000         0x00010000         xrw
*default*        0x00000000         0xffffffff

Linker script and memory map

LOAD c:/program files (x86)/cypress/psoc creator/4.2/psoc creator/import/gnu/arm/5.4.1/bin/../lib/gcc/arm-none-eabi/5.4.1/armv7-m/crti.o
LOAD c:/program files (x86)/cypress/psoc creator/4.2/psoc creator/import/gnu/arm/5.4.1/bin/../lib/gcc/arm-none-eabi/5.4.1/armv7-m/crtbegin.o
LOAD c:/program files (x86)/cypress/psoc creator/4.2/psoc creator/import/gnu/arm/5.4.1/bin/../lib/gcc/arm-none-eabi/5.4.1/../../../../arm-none-eabi/lib/armv7-m/crt0.o
START GROUP
LOAD .\CortexM3\ARM_GCC_541\Debug\main.o
LOAD .\CortexM3\ARM_GCC_541\Debug\heap_1.o
LOAD .\CortexM3\ARM_GCC_541\Debug\port.o
LOAD .\CortexM3\ARM_GCC_541\Debug\croutine.o
LOAD .\CortexM3\ARM_GCC_541\Debug\event_groups.o
LOAD .\CortexM3\ARM_GCC_541\Debug\FreeRTOS_PSoC.o
LOAD .\CortexM3\ARM_GCC_541\Debug\list.o
LOAD .\CortexM3\ARM_GCC_541\Debug\queue.o
LOAD .\CortexM3\ARM_GCC_541\Debug\stream_buffer.o
LOAD .\CortexM3\ARM_GCC_541\Debug\tasks.o
LOAD .\CortexM3\ARM_GCC_541\Debug\timers.o
LOAD .\CortexM3\ARM_GCC_541\Debug\cyfitter_cfg.o
LOAD .\CortexM3\ARM_GCC_541\Debug\cymetadata.o
LOAD .\CortexM3\ARM_GCC_541\Debug\Cm3Start.o
LOAD .\CortexM3\ARM_GCC_541\Debug\RTOS_UART_Project_Psoc1_Copy_02.a
LOAD C:\Program Files (x86)\Cypress\PSoC Creator\4.2\PSoC Creator\psoc\content\cycomponentlibrary\CyComponentLibrary.cylib\CortexM3\ARM_GCC_541\Debug\CyComponentLibrary.a
END GROUP
START GROUP
LOAD c:/program files (x86)/cypress/psoc creator/4.2/psoc creator/import/gnu/arm/5.4.1/bin/../lib/gcc/arm-none-eabi/5.4.1/armv7-m\libgcc.a
LOAD c:/program files (x86)/cypress/psoc creator/4.2/psoc creator/import/gnu/arm/5.4.1/bin/../lib/gcc/arm-none-eabi/5.4.1/../../../../arm-none-eabi/lib/armv7-m\libg_nano.a
LOAD c:/program files (x86)/cypress/psoc creator/4.2/psoc creator/import/gnu/arm/5.4.1/bin/../lib/gcc/arm-none-eabi/5.4.1/../../../../arm-none-eabi/lib/armv7-m\libc_nano.a
END GROUP
START GROUP
LOAD c:/program files (x86)/cypress/psoc creator/4.2/psoc creator/import/gnu/arm/5.4.1/bin/../lib/gcc/arm-none-eabi/5.4.1/armv7-m\libgcc.a
LOAD c:/program files (x86)/cypress/psoc creator/4.2/psoc creator/import/gnu/arm/5.4.1/bin/../lib/gcc/arm-none-eabi/5.4.1/../../../../arm-none-eabi/lib/armv7-m\libc_nano.a
END GROUP
LOAD c:/program files (x86)/cypress/psoc creator/4.2/psoc creator/import/gnu/arm/5.4.1/bin/../lib/gcc/arm-none-eabi/5.4.1/armv7-m/crtend.o
LOAD c:/program files (x86)/cypress/psoc creator/4.2/psoc creator/import/gnu/arm/5.4.1/bin/../lib/gcc/arm-none-eabi/5.4.1/armv7-m/crtn.o
START GROUP
LOAD c:/program files (x86)/cypress/psoc creator/4.2/psoc creator/import/gnu/arm/5.4.1/bin/../lib/gcc/arm-none-eabi/5.4.1/armv7-m\libgcc.a
LOAD c:/program files (x86)/cypress/psoc creator/4.2/psoc creator/import/gnu/arm/5.4.1/bin/../lib/gcc/arm-none-eabi/5.4.1/../../../../arm-none-eabi/lib/armv7-m\libc.a
LOAD c:/program files (x86)/cypress/psoc creator/4.2/psoc creator/import/gnu/arm/5.4.1/bin/../lib/gcc/arm-none-eabi/5.4.1/../../../../arm-none-eabi/lib/armv7-m\libnosys.a
END GROUP
                0x00000000                CY_APPL_ORIGIN = 0x0
                0x00000100                CY_FLASH_ROW_SIZE = 0x100
                0x00000020                CY_ECC_ROW_SIZE = 0x20
                0x00000000                CY_EE_IN_BTLDR = 0x0
                0x00000000                CY_APPL_LOADABLE = 0x0
                0x00000800                CY_EE_SIZE = 0x800
                0x00000001                CY_APPL_NUM = 0x1
                0x00000001                CY_APPL_MAX = 0x1
                0x00000040                CY_METADATA_SIZE = 0x40
                0x00000000                CY_APPL_LOADABLE = 0x0
                0x00000000                CY_CHECKSUM_EXCLUDE_SIZE = ALIGN (0x0, CY_FLASH_ROW_SIZE)
                [!provide]                PROVIDE (__cy_heap_start, _end)
                0x00000001                PROVIDE (__cy_region_num, ((__cy_regions_end - __cy_regions) / 0x10))
                0x20008000                PROVIDE (__cy_stack, (ORIGIN (ram) + LENGTH (ram)))
                [!provide]                PROVIDE (__cy_heap_end, (__cy_stack - 0x800))

.cybootloader   0x00000000        0x0
 *(.cybootloader)
                0x00000000                appl1_start = CY_APPL_ORIGIN?CY_APPL_ORIGIN:ALIGN (CY_FLASH_ROW_SIZE)
                0x0001ff00                appl2_start = (appl1_start + ALIGN ((((LENGTH (rom) - appl1_start) - (0x2 * CY_FLASH_ROW_SIZE)) / 0x2), CY_FLASH_ROW_SIZE))
                0x00000000                appl_start = (CY_APPL_NUM == 0x1)?appl1_start:appl2_start
                0x00000000                ecc_offset = ((appl_start / CY_FLASH_ROW_SIZE) * CY_ECC_ROW_SIZE)
                0x00000000                ee_offset = (CY_APPL_LOADABLE && ! (CY_EE_IN_BTLDR))?((CY_EE_SIZE / CY_APPL_MAX) * (CY_APPL_NUM - 0x1)):0x0
                0x00000800                ee_size = (CY_APPL_LOADABLE && ! (CY_EE_IN_BTLDR))?(CY_EE_SIZE / CY_APPL_MAX):CY_EE_SIZE
                [!provide]                PROVIDE (CY_ECC_OFFSET, ecc_offset)

.text           0x00000000     0x250c
 CREATE_OBJECT_SYMBOLS
                0x00000000                PROVIDE (__cy_interrupt_vector, RomVectors)
 *(.romvectors)
 .romvectors    0x00000000       0x10 .\CortexM3\ARM_GCC_541\Debug\Cm3Start.o
                0x00000000                RomVectors
                0x00000001                ASSERT ((. != __cy_interrupt_vector), No interrupt vector)
                0x00000001                ASSERT (CY_APPL_ORIGIN?(SIZEOF (.cybootloader) <= CY_APPL_ORIGIN):0x1, Wrong image location)
                0x00000010                PROVIDE (__cy_reset, Reset)
 *(.text.Reset)
 .text.Reset    0x00000010       0x18 .\CortexM3\ARM_GCC_541\Debug\Cm3Start.o
                0x00000010                Reset
                0x00000001                ASSERT ((. != __cy_reset), No reset code)
 *(.dma_init)
                0x00000001                ASSERT ((((appl_start + .) <= 0x10000) || 0x1), DMA Init must be within the first 64k of flash)
 *(.text .text.* .gnu.linkonce.t.*)
 .text          0x00000028       0x5c c:/program files (x86)/cypress/psoc creator/4.2/psoc creator/import/gnu/arm/5.4.1/bin/../lib/gcc/arm-none-eabi/5.4.1/armv7-m/crtbegin.o
 .text.myPSoCSetup
                0x00000084       0x34 .\CortexM3\ARM_GCC_541\Debug\main.o
                0x00000084                myPSoCSetup
 .text.main     0x000000b8       0x34 .\CortexM3\ARM_GCC_541\Debug\main.o
                0x000000b8                main
 .text.beep     0x000000ec       0x14 .\CortexM3\ARM_GCC_541\Debug\main.o
                0x000000ec                beep
 .text.firstSection
                0x00000100       0xe4 .\CortexM3\ARM_GCC_541\Debug\main.o
                0x00000100                firstSection
 *fill*         0x000001e4        0x4 
 .text.vReadUltraSonicTask
                0x000001e8       0xa4 .\CortexM3\ARM_GCC_541\Debug\main.o
                0x000001e8                vReadUltraSonicTask
 .text.pvPortMalloc
                0x0000028c       0x60 .\CortexM3\ARM_GCC_541\Debug\heap_1.o
                0x0000028c                pvPortMalloc
 .text.vPortFree
                0x000002ec        0x4 .\CortexM3\ARM_GCC_541\Debug\heap_1.o
                0x000002ec                vPortFree
 .text.prvTaskExitError
                0x000002f0       0x20 .\CortexM3\ARM_GCC_541\Debug\port.o
 .text.prvPortStartFirstTask
                0x00000310       0x20 .\CortexM3\ARM_GCC_541\Debug\port.o
 .text.pxPortInitialiseStack
                0x00000330       0x24 .\CortexM3\ARM_GCC_541\Debug\port.o
                0x00000330                pxPortInitialiseStack
 *fill*         0x00000354        0xc 
 .text.vPortSVCHandler
                0x00000360       0x24 .\CortexM3\ARM_GCC_541\Debug\port.o
                0x00000360                vPortSVCHandler
 .text.vPortEnterCritical
                0x00000384       0x20 .\CortexM3\ARM_GCC_541\Debug\port.o
                0x00000384                vPortEnterCritical
 .text.vPortExitCritical
                0x000003a4       0x14 .\CortexM3\ARM_GCC_541\Debug\port.o
                0x000003a4                vPortExitCritical
 *fill*         0x000003b8        0x8 
 .text.xPortPendSVHandler
                0x000003c0       0x44 .\CortexM3\ARM_GCC_541\Debug\port.o
                0x000003c0                xPortPendSVHandler
 .text.xPortSysTickHandler
                0x00000404       0x2c .\CortexM3\ARM_GCC_541\Debug\port.o
                0x00000404                xPortSysTickHandler
 .text.vPortSetupTimerInterrupt
                0x00000430       0x24 .\CortexM3\ARM_GCC_541\Debug\port.o
                0x00000430                vPortSetupTimerInterrupt
 .text.xPortStartScheduler
                0x00000454       0x38 .\CortexM3\ARM_GCC_541\Debug\port.o
                0x00000454                xPortStartScheduler
 .text.FreeRTOS_Init
                0x0000048c       0x20 .\CortexM3\ARM_GCC_541\Debug\FreeRTOS_PSoC.o
                0x0000048c                FreeRTOS_Init
 .text.vListInitialise
                0x000004ac       0x18 .\CortexM3\ARM_GCC_541\Debug\list.o
                0x000004ac                vListInitialise
 .text.vListInitialiseItem
                0x000004c4        0x8 .\CortexM3\ARM_GCC_541\Debug\list.o
                0x000004c4                vListInitialiseItem
 .text.vListInsertEnd
                0x000004cc       0x18 .\CortexM3\ARM_GCC_541\Debug\list.o
                0x000004cc                vListInsertEnd
 .text.vListInsert
                0x000004e4       0x34 .\CortexM3\ARM_GCC_541\Debug\list.o
                0x000004e4                vListInsert
 .text.uxListRemove
                0x00000518       0x28 .\CortexM3\ARM_GCC_541\Debug\list.o
                0x00000518                uxListRemove
 .text.prvResetNextTaskUnblockTime
                0x00000540       0x2c .\CortexM3\ARM_GCC_541\Debug\tasks.o
 .text.prvDeleteTCB
                0x0000056c       0x14 .\CortexM3\ARM_GCC_541\Debug\tasks.o
 .text.prvInitialiseNewTask
                0x00000580       0x90 .\CortexM3\ARM_GCC_541\Debug\tasks.o
 .text.prvInitialiseTaskLists
                0x00000610       0x58 .\CortexM3\ARM_GCC_541\Debug\tasks.o
 .text.prvAddNewTaskToReadyList
                0x00000668       0xac .\CortexM3\ARM_GCC_541\Debug\tasks.o
 .text.prvCheckTasksWaitingTermination
                0x00000714       0x44 .\CortexM3\ARM_GCC_541\Debug\tasks.o
 .text.prvIdleTask
                0x00000758        0x8 .\CortexM3\ARM_GCC_541\Debug\tasks.o
 .text.prvAddCurrentTaskToDelayedList
                0x00000760       0x84 .\CortexM3\ARM_GCC_541\Debug\tasks.o
 .text.xTaskCreate
                0x000007e4       0x64 .\CortexM3\ARM_GCC_541\Debug\tasks.o
                0x000007e4                xTaskCreate
 .text.vTaskStartScheduler
                0x00000848       0x58 .\CortexM3\ARM_GCC_541\Debug\tasks.o
                0x00000848                vTaskStartScheduler
 .text.vTaskSuspendAll
                0x000008a0       0x14 .\CortexM3\ARM_GCC_541\Debug\tasks.o
                0x000008a0                vTaskSuspendAll
 .text.xTaskIncrementTick
                0x000008b4      0x108 .\CortexM3\ARM_GCC_541\Debug\tasks.o
                0x000008b4                xTaskIncrementTick
 .text.xTaskResumeAll
                0x000009bc       0xd8 .\CortexM3\ARM_GCC_541\Debug\tasks.o
                0x000009bc                xTaskResumeAll
 .text.vTaskDelay
                0x00000a94       0x34 .\CortexM3\ARM_GCC_541\Debug\tasks.o
                0x00000a94                vTaskDelay
 .text.vTaskSwitchContext
                0x00000ac8       0x70 .\CortexM3\ARM_GCC_541\Debug\tasks.o
                0x00000ac8                vTaskSwitchContext
 .text.CyClockStartupError
                0x00000b38        0x4 .\CortexM3\ARM_GCC_541\Debug\cyfitter_cfg.o
 .text.cfg_write_bytes32
                0x00000b3c       0x34 .\CortexM3\ARM_GCC_541\Debug\cyfitter_cfg.o
 .text.AnalogSetDefault
                0x00000b70       0x28 .\CortexM3\ARM_GCC_541\Debug\cyfitter_cfg.o
 .text.CYMEMZERO
                0x00000b98        0xc .\CortexM3\ARM_GCC_541\Debug\cyfitter_cfg.o
 .text.ClockSetup
                0x00000ba4       0xd0 .\CortexM3\ARM_GCC_541\Debug\cyfitter_cfg.o
 .text.CYCONFIGCPY
                0x00000c74        0x8 .\CortexM3\ARM_GCC_541\Debug\cyfitter_cfg.o
 .text.cyfitter_cfg
                0x00000c7c      0x100 .\CortexM3\ARM_GCC_541\Debug\cyfitter_cfg.o
                0x00000c7c                cyfitter_cfg
 .text.IntDefaultHandler
                0x00000d7c       0x10 .\CortexM3\ARM_GCC_541\Debug\Cm3Start.o
                0x00000d7c                IntDefaultHandler
 .text._sbrk    0x00000d8c       0x30 .\CortexM3\ARM_GCC_541\Debug\Cm3Start.o
                0x00000d8c                _sbrk
 .text.Start_c  0x00000dbc       0x4c .\CortexM3\ARM_GCC_541\Debug\Cm3Start.o
                0x00000dbc                Start_c
 .text.initialize_psoc
                0x00000e08       0x68 .\CortexM3\ARM_GCC_541\Debug\Cm3Start.o
                0x00000e08                initialize_psoc
 .text.CyDelay  0x00000e70       0x2c .\CortexM3\ARM_GCC_541\Debug\RTOS_UART_Project_Psoc1_Copy_02.a(CyLib.o)
                0x00000e70                CyDelay
 .text.CyDelayUs
                0x00000e9c       0x14 .\CortexM3\ARM_GCC_541\Debug\RTOS_UART_Project_Psoc1_Copy_02.a(CyLib.o)
                0x00000e9c                CyDelayUs
 .text.LCD_WrCntrlNib
                0x00000eb0       0x34 .\CortexM3\ARM_GCC_541\Debug\RTOS_UART_Project_Psoc1_Copy_02.a(LCD.o)
 .text.LCD_WrDatNib
                0x00000ee4       0x44 .\CortexM3\ARM_GCC_541\Debug\RTOS_UART_Project_Psoc1_Copy_02.a(LCD.o)
 .text.LCD_IsReady
                0x00000f28       0xe4 .\CortexM3\ARM_GCC_541\Debug\RTOS_UART_Project_Psoc1_Copy_02.a(LCD.o)
                0x00000f28                LCD_IsReady
 .text.LCD_WriteData
                0x0000100c       0x18 .\CortexM3\ARM_GCC_541\Debug\RTOS_UART_Project_Psoc1_Copy_02.a(LCD.o)
                0x0000100c                LCD_WriteData
 .text.LCD_PrintString
                0x00001024       0x1c .\CortexM3\ARM_GCC_541\Debug\RTOS_UART_Project_Psoc1_Copy_02.a(LCD.o)
                0x00001024                LCD_PrintString
 .text.LCD_WriteControl
                0x00001040       0x18 .\CortexM3\ARM_GCC_541\Debug\RTOS_UART_Project_Psoc1_Copy_02.a(LCD.o)
                0x00001040                LCD_WriteControl
 .text.LCD_Init
                0x00001058       0x6c .\CortexM3\ARM_GCC_541\Debug\RTOS_UART_Project_Psoc1_Copy_02.a(LCD.o)
                0x00001058                LCD_Init
 .text.LCD_Enable
                0x000010c4       0x14 .\CortexM3\ARM_GCC_541\Debug\RTOS_UART_Project_Psoc1_Copy_02.a(LCD.o)
                0x000010c4                LCD_Enable
 .text.LCD_Start
                0x000010d8       0x1c .\CortexM3\ARM_GCC_541\Debug\RTOS_UART_Project_Psoc1_Copy_02.a(LCD.o)
                0x000010d8                LCD_Start
 .text.LCD_Position
                0x000010f4       0x3c .\CortexM3\ARM_GCC_541\Debug\RTOS_UART_Project_Psoc1_Copy_02.a(LCD.o)
                0x000010f4                LCD_Position
 .text.LED_Write
                0x00001130       0x18 .\CortexM3\ARM_GCC_541\Debug\RTOS_UART_Project_Psoc1_Copy_02.a(LED.o)
                0x00001130                LED_Write
 .text.Timer_Enable
                0x00001148       0x28 .\CortexM3\ARM_GCC_541\Debug\RTOS_UART_Project_Psoc1_Copy_02.a(Timer.o)
                0x00001148                Timer_Enable
 .text.Timer_Stop
                0x00001170       0x28 .\CortexM3\ARM_GCC_541\Debug\RTOS_UART_Project_Psoc1_Copy_02.a(Timer.o)
                0x00001170                Timer_Stop
 .text.Timer_SetInterruptMode
                0x00001198        0xc .\CortexM3\ARM_GCC_541\Debug\RTOS_UART_Project_Psoc1_Copy_02.a(Timer.o)
                0x00001198                Timer_SetInterruptMode
 .text.Timer_WritePeriod
                0x000011a4        0xc .\CortexM3\ARM_GCC_541\Debug\RTOS_UART_Project_Psoc1_Copy_02.a(Timer.o)
                0x000011a4                Timer_WritePeriod
 .text.Timer_WriteCounter
                0x000011b0        0xc .\CortexM3\ARM_GCC_541\Debug\RTOS_UART_Project_Psoc1_Copy_02.a(Timer.o)
                0x000011b0                Timer_WriteCounter
 .text.Timer_Init
                0x000011bc       0x70 .\CortexM3\ARM_GCC_541\Debug\RTOS_UART_Project_Psoc1_Copy_02.a(Timer.o)
                0x000011bc                Timer_Init
 .text.Timer_Start
                0x0000122c       0x1c .\CortexM3\ARM_GCC_541\Debug\RTOS_UART_Project_Psoc1_Copy_02.a(Timer.o)
                0x0000122c                Timer_Start
 .text.Timer_ReadCounter
                0x00001248       0x14 .\CortexM3\ARM_GCC_541\Debug\RTOS_UART_Project_Psoc1_Copy_02.a(Timer.o)
                0x00001248                Timer_ReadCounter
 .text.Echo_Read
                0x0000125c       0x10 .\CortexM3\ARM_GCC_541\Debug\RTOS_UART_Project_Psoc1_Copy_02.a(Echo.o)
                0x0000125c                Echo_Read
 .text.Trigger_Write
                0x0000126c       0x18 .\CortexM3\ARM_GCC_541\Debug\RTOS_UART_Project_Psoc1_Copy_02.a(Trigger.o)
                0x0000126c                Trigger_Write
 .text.PWM_Servo_Enable
                0x00001284       0x28 .\CortexM3\ARM_GCC_541\Debug\RTOS_UART_Project_Psoc1_Copy_02.a(PWM_Servo.o)
                0x00001284                PWM_Servo_Enable
 .text.PWM_Servo_WritePeriod
                0x000012ac        0xc .\CortexM3\ARM_GCC_541\Debug\RTOS_UART_Project_Psoc1_Copy_02.a(PWM_Servo.o)
                0x000012ac                PWM_Servo_WritePeriod
 .text.PWM_Servo_WriteCompare
                0x000012b8        0xc .\CortexM3\ARM_GCC_541\Debug\RTOS_UART_Project_Psoc1_Copy_02.a(PWM_Servo.o)
                0x000012b8                PWM_Servo_WriteCompare
 .text.PWM_Servo_SetInterruptMode
                0x000012c4        0xc .\CortexM3\ARM_GCC_541\Debug\RTOS_UART_Project_Psoc1_Copy_02.a(PWM_Servo.o)
                0x000012c4                PWM_Servo_SetInterruptMode
 .text.PWM_Servo_Init
                0x000012d0       0x78 .\CortexM3\ARM_GCC_541\Debug\RTOS_UART_Project_Psoc1_Copy_02.a(PWM_Servo.o)
                0x000012d0                PWM_Servo_Init
 .text.PWM_Servo_Start
                0x00001348       0x1c .\CortexM3\ARM_GCC_541\Debug\RTOS_UART_Project_Psoc1_Copy_02.a(PWM_Servo.o)
                0x00001348                PWM_Servo_Start
 .text.PWM_Music_Enable
                0x00001364       0x28 .\CortexM3\ARM_GCC_541\Debug\RTOS_UART_Project_Psoc1_Copy_02.a(PWM_Music.o)
                0x00001364                PWM_Music_Enable
 .text.PWM_Music_WritePeriod
                0x0000138c        0xc .\CortexM3\ARM_GCC_541\Debug\RTOS_UART_Project_Psoc1_Copy_02.a(PWM_Music.o)
                0x0000138c                PWM_Music_WritePeriod
 .text.PWM_Music_WriteCompare
                0x00001398        0xc .\CortexM3\ARM_GCC_541\Debug\RTOS_UART_Project_Psoc1_Copy_02.a(PWM_Music.o)
                0x00001398                PWM_Music_WriteCompare
 .text.PWM_Music_SetInterruptMode
                0x000013a4        0xc .\CortexM3\ARM_GCC_541\Debug\RTOS_UART_Project_Psoc1_Copy_02.a(PWM_Music.o)
                0x000013a4                PWM_Music_SetInterruptMode
 .text.PWM_Music_Init
                0x000013b0       0x74 .\CortexM3\ARM_GCC_541\Debug\RTOS_UART_Project_Psoc1_Copy_02.a(PWM_Music.o)
                0x000013b0                PWM_Music_Init
 .text.PWM_Music_Start
                0x00001424       0x1c .\CortexM3\ARM_GCC_541\Debug\RTOS_UART_Project_Psoc1_Copy_02.a(PWM_Music.o)
                0x00001424                PWM_Music_Start
 .text          0x00001440       0x20 .\CortexM3\ARM_GCC_541\Debug\RTOS_UART_Project_Psoc1_Copy_02.a(CyBootAsmGnu.o)
                0x00001440                CyDelayCycles
                0x00001450                CyEnterCriticalSection
                0x00001458                CyExitCriticalSection
 .text          0x00001460      0x370 c:/program files (x86)/cypress/psoc creator/4.2/psoc creator/import/gnu/arm/5.4.1/bin/../lib/gcc/arm-none-eabi/5.4.1/armv7-m\libgcc.a(_arm_addsubdf3.o)
                0x00001460                __aeabi_drsub
                0x00001468                __aeabi_dsub
                0x00001468                __subdf3
                0x0000146c                __aeabi_dadd
                0x0000146c                __adddf3
                0x000016e4                __floatunsidf
                0x000016e4                __aeabi_ui2d
                0x00001704                __floatsidf
                0x00001704                __aeabi_i2d
                0x00001728                __aeabi_f2d
                0x00001728                __extendsfdf2
                0x00001764                __floatundidf
                0x00001764                __aeabi_ul2d
                0x00001774                __floatdidf
                0x00001774                __aeabi_l2d
 .text          0x000017d0      0x424 c:/program files (x86)/cypress/psoc creator/4.2/psoc creator/import/gnu/arm/5.4.1/bin/../lib/gcc/arm-none-eabi/5.4.1/armv7-m\libgcc.a(_arm_muldivdf3.o)
                0x000017d0                __aeabi_dmul
                0x000017d0                __muldf3
                0x00001a24                __divdf3
                0x00001a24                __aeabi_ddiv
 .text          0x00001bf4       0x50 c:/program files (x86)/cypress/psoc creator/4.2/psoc creator/import/gnu/arm/5.4.1/bin/../lib/gcc/arm-none-eabi/5.4.1/armv7-m\libgcc.a(_arm_fixdfsi.o)
                0x00001bf4                __aeabi_d2iz
                0x00001bf4                __fixdfsi
 .text.__errno  0x00001c44        0xc c:/program files (x86)/cypress/psoc creator/4.2/psoc creator/import/gnu/arm/5.4.1/bin/../lib/gcc/arm-none-eabi/5.4.1/../../../../arm-none-eabi/lib/armv7-m\libg_nano.a(lib_a-errno.o)
                0x00001c44                __errno
 .text.__libc_init_array
                0x00001c50       0x4c c:/program files (x86)/cypress/psoc creator/4.2/psoc creator/import/gnu/arm/5.4.1/bin/../lib/gcc/arm-none-eabi/5.4.1/../../../../arm-none-eabi/lib/armv7-m\libg_nano.a(lib_a-init.o)
                0x00001c50                __libc_init_array
 .text.memcpy   0x00001c9c       0x16 c:/program files (x86)/cypress/psoc creator/4.2/psoc creator/import/gnu/arm/5.4.1/bin/../lib/gcc/arm-none-eabi/5.4.1/../../../../arm-none-eabi/lib/armv7-m\libg_nano.a(lib_a-memcpy-stub.o)
                0x00001c9c                memcpy
 .text.memset   0x00001cb2       0x10 c:/program files (x86)/cypress/psoc creator/4.2/psoc creator/import/gnu/arm/5.4.1/bin/../lib/gcc/arm-none-eabi/5.4.1/../../../../arm-none-eabi/lib/armv7-m\libg_nano.a(lib_a-memset.o)
                0x00001cb2                memset
 *fill*         0x00001cc2        0x2 
 .text.sprintf  0x00001cc4       0x48 c:/program files (x86)/cypress/psoc creator/4.2/psoc creator/import/gnu/arm/5.4.1/bin/../lib/gcc/arm-none-eabi/5.4.1/../../../../arm-none-eabi/lib/armv7-m\libg_nano.a(lib_a-sprintf.o)
                0x00001cc4                siprintf
                0x00001cc4                sprintf
 .text.__ssputs_r
                0x00001d0c       0xb2 c:/program files (x86)/cypress/psoc creator/4.2/psoc creator/import/gnu/arm/5.4.1/bin/../lib/gcc/arm-none-eabi/5.4.1/../../../../arm-none-eabi/lib/armv7-m\libg_nano.a(lib_a-nano-svfprintf.o)
                0x00001d0c                __ssputs_r
 *fill*         0x00001dbe        0x2 
 .text._svfprintf_r
                0x00001dc0      0x1e8 c:/program files (x86)/cypress/psoc creator/4.2/psoc creator/import/gnu/arm/5.4.1/bin/../lib/gcc/arm-none-eabi/5.4.1/../../../../arm-none-eabi/lib/armv7-m\libg_nano.a(lib_a-nano-svfprintf.o)
                0x00001dc0                _svfiprintf_r
                0x00001dc0                _svfprintf_r
 .text._printf_common
                0x00001fa8       0xec c:/program files (x86)/cypress/psoc creator/4.2/psoc creator/import/gnu/arm/5.4.1/bin/../lib/gcc/arm-none-eabi/5.4.1/../../../../arm-none-eabi/lib/armv7-m\libg_nano.a(lib_a-nano-vfprintf_i.o)
                0x00001fa8                _printf_common
 .text._printf_i
                0x00002094      0x24c c:/program files (x86)/cypress/psoc creator/4.2/psoc creator/import/gnu/arm/5.4.1/bin/../lib/gcc/arm-none-eabi/5.4.1/../../../../arm-none-eabi/lib/armv7-m\libg_nano.a(lib_a-nano-vfprintf_i.o)
                0x00002094                _printf_i
 .text.memchr   0x000022e0       0x1c c:/program files (x86)/cypress/psoc creator/4.2/psoc creator/import/gnu/arm/5.4.1/bin/../lib/gcc/arm-none-eabi/5.4.1/../../../../arm-none-eabi/lib/armv7-m\libg_nano.a(lib_a-memchr-stub.o)
                0x000022e0                memchr
 .text.memmove  0x000022fc       0x36 c:/program files (x86)/cypress/psoc creator/4.2/psoc creator/import/gnu/arm/5.4.1/bin/../lib/gcc/arm-none-eabi/5.4.1/../../../../arm-none-eabi/lib/armv7-m\libg_nano.a(lib_a-memmove.o)
                0x000022fc                memmove
 *fill*         0x00002332        0x2 
 .text._free_r  0x00002334       0x98 c:/program files (x86)/cypress/psoc creator/4.2/psoc creator/import/gnu/arm/5.4.1/bin/../lib/gcc/arm-none-eabi/5.4.1/../../../../arm-none-eabi/lib/armv7-m\libg_nano.a(lib_a-nano-freer.o)
                0x00002334                _free_r
 .text._malloc_r
                0x000023cc       0xbc c:/program files (x86)/cypress/psoc creator/4.2/psoc creator/import/gnu/arm/5.4.1/bin/../lib/gcc/arm-none-eabi/5.4.1/../../../../arm-none-eabi/lib/armv7-m\libg_nano.a(lib_a-nano-mallocr.o)
                0x000023cc                _malloc_r
 .text._realloc_r
                0x00002488       0x4c c:/program files (x86)/cypress/psoc creator/4.2/psoc creator/import/gnu/arm/5.4.1/bin/../lib/gcc/arm-none-eabi/5.4.1/../../../../arm-none-eabi/lib/armv7-m\libg_nano.a(lib_a-nano-reallocr.o)
                0x00002488                _realloc_r
 .text._sbrk_r  0x000024d4       0x20 c:/program files (x86)/cypress/psoc creator/4.2/psoc creator/import/gnu/arm/5.4.1/bin/../lib/gcc/arm-none-eabi/5.4.1/../../../../arm-none-eabi/lib/armv7-m\libg_nano.a(lib_a-sbrkr.o)
                0x000024d4                _sbrk_r
 .text.__malloc_lock
                0x000024f4        0x2 c:/program files (x86)/cypress/psoc creator/4.2/psoc creator/import/gnu/arm/5.4.1/bin/../lib/gcc/arm-none-eabi/5.4.1/../../../../arm-none-eabi/lib/armv7-m\libg_nano.a(lib_a-mlock.o)
                0x000024f4                __malloc_lock
 .text.__malloc_unlock
                0x000024f6        0x2 c:/program files (x86)/cypress/psoc creator/4.2/psoc creator/import/gnu/arm/5.4.1/bin/../lib/gcc/arm-none-eabi/5.4.1/../../../../arm-none-eabi/lib/armv7-m\libg_nano.a(lib_a-mlock.o)
                0x000024f6                __malloc_unlock
 .text._malloc_usable_size_r
                0x000024f8       0x14 c:/program files (x86)/cypress/psoc creator/4.2/psoc creator/import/gnu/arm/5.4.1/bin/../lib/gcc/arm-none-eabi/5.4.1/../../../../arm-none-eabi/lib/armv7-m\libg_nano.a(lib_a-nano-msizer.o)
                0x000024f8                _malloc_usable_size_r
 *(.plt)
 *(.gnu.warning)
 *(.glue_7t)
 .glue_7t       0x0000250c        0x0 linker stubs
 *(.glue_7)
 .glue_7        0x0000250c        0x0 linker stubs
 *(.vfp11_veneer)
 .vfp11_veneer  0x0000250c        0x0 linker stubs
 *(.bootloader)
 *(.ARM.extab* .gnu.linkonce.armextab.*)
 *(.gcc_except_table)

.v4_bx          0x0000250c        0x0
 .v4_bx         0x0000250c        0x0 linker stubs

.iplt           0x0000250c        0x0
 .iplt          0x0000250c        0x0 c:/program files (x86)/cypress/psoc creator/4.2/psoc creator/import/gnu/arm/5.4.1/bin/../lib/gcc/arm-none-eabi/5.4.1/armv7-m/crtbegin.o

.eh_frame_hdr
 *(.eh_frame_hdr)

.eh_frame       0x0000250c        0x4
 *(.eh_frame)
 .eh_frame      0x0000250c        0x0 c:/program files (x86)/cypress/psoc creator/4.2/psoc creator/import/gnu/arm/5.4.1/bin/../lib/gcc/arm-none-eabi/5.4.1/armv7-m/crtbegin.o
 .eh_frame      0x0000250c        0x4 c:/program files (x86)/cypress/psoc creator/4.2/psoc creator/import/gnu/arm/5.4.1/bin/../lib/gcc/arm-none-eabi/5.4.1/armv7-m/crtend.o
                [!provide]                PROVIDE (__exidx_start, .)

.ARM.exidx
 *(.ARM.exidx* .gnu.linkonce.armexidx.*)
                0x00002510                __exidx_end = .

.rodata         0x00002510       0xc8
 *(.rodata .rodata.* .gnu.linkonce.r.*)
 .rodata.str1.4
                0x00002510       0x20 .\CortexM3\ARM_GCC_541\Debug\main.o
 .rodata.str1.4
                0x00002530        0x8 .\CortexM3\ARM_GCC_541\Debug\tasks.o
                                  0x5 (size before relaxing)
 .rodata        0x00002538       0x30 .\CortexM3\ARM_GCC_541\Debug\cyfitter_cfg.o
 .rodata.str1.1
                0x00002568        0x2 c:/program files (x86)/cypress/psoc creator/4.2/psoc creator/import/gnu/arm/5.4.1/bin/../lib/gcc/arm-none-eabi/5.4.1/../../../../arm-none-eabi/lib/armv7-m\libg_nano.a(lib_a-impure.o)
 .rodata.str1.1
                0x0000256a       0x11 c:/program files (x86)/cypress/psoc creator/4.2/psoc creator/import/gnu/arm/5.4.1/bin/../lib/gcc/arm-none-eabi/5.4.1/../../../../arm-none-eabi/lib/armv7-m\libg_nano.a(lib_a-nano-svfprintf.o)
 .rodata.str1.1
                0x0000257b       0x22 c:/program files (x86)/cypress/psoc creator/4.2/psoc creator/import/gnu/arm/5.4.1/bin/../lib/gcc/arm-none-eabi/5.4.1/../../../../arm-none-eabi/lib/armv7-m\libg_nano.a(lib_a-nano-vfprintf_i.o)
                0x000025a0                . = ALIGN (0x4)
 *fill*         0x0000259d        0x3 
 *(.init)
 .init          0x000025a0        0x4 c:/program files (x86)/cypress/psoc creator/4.2/psoc creator/import/gnu/arm/5.4.1/bin/../lib/gcc/arm-none-eabi/5.4.1/armv7-m/crti.o
                0x000025a0                _init
 .init          0x000025a4        0x8 c:/program files (x86)/cypress/psoc creator/4.2/psoc creator/import/gnu/arm/5.4.1/bin/../lib/gcc/arm-none-eabi/5.4.1/armv7-m/crtn.o
                0x000025ac                . = ALIGN (0x4)
                0x000025ac                __preinit_array_start = .
 *(.preinit_array)
                0x000025ac                __preinit_array_end = .
                0x000025ac                . = ALIGN (0x4)
                0x000025ac                __init_array_start = .
 *(SORT(.init_array.*))
 *(.init_array)
 .init_array    0x000025ac        0x4 c:/program files (x86)/cypress/psoc creator/4.2/psoc creator/import/gnu/arm/5.4.1/bin/../lib/gcc/arm-none-eabi/5.4.1/armv7-m/crtbegin.o
 .init_array    0x000025b0        0x4 .\CortexM3\ARM_GCC_541\Debug\Cm3Start.o
                0x000025b4                __init_array_end = .
                0x000025b4                . = ALIGN (0x4)
 *(.fini)
 .fini          0x000025b4        0x4 c:/program files (x86)/cypress/psoc creator/4.2/psoc creator/import/gnu/arm/5.4.1/bin/../lib/gcc/arm-none-eabi/5.4.1/armv7-m/crti.o
                0x000025b4                _fini
 .fini          0x000025b8        0x8 c:/program files (x86)/cypress/psoc creator/4.2/psoc creator/import/gnu/arm/5.4.1/bin/../lib/gcc/arm-none-eabi/5.4.1/armv7-m/crtn.o
                0x000025c0                . = ALIGN (0x4)
                0x000025c0                __fini_array_start = .
 *(.fini_array)
 .fini_array    0x000025c0        0x4 c:/program files (x86)/cypress/psoc creator/4.2/psoc creator/import/gnu/arm/5.4.1/bin/../lib/gcc/arm-none-eabi/5.4.1/armv7-m/crtbegin.o
 *(SORT(.fini_array.*))
                0x000025c4                __fini_array_end = .
                0x000025c4                . = ALIGN (0x4)
 *crtbegin.o(.ctors)
 *(EXCLUDE_FILE(*crtend.o) .ctors)
 *(SORT(.ctors.*))
 *crtend.o(.ctors)
                0x000025c4                . = ALIGN (0x4)
 *crtbegin.o(.dtors)
 *(EXCLUDE_FILE(*crtend.o) .dtors)
 *(SORT(.dtors.*))
 *crtend.o(.dtors)
                0x000025c4                . = ALIGN (0x4)
                0x000025c4                __cy_regions = .
                0x000025c4        0x4 LONG 0x25d8 __cy_region_init_ram
                0x000025c8        0x4 LONG 0x1fff80c8 __cy_region_start_data
                0x000025cc        0x4 LONG 0x80 __cy_region_init_size_ram
                0x000025d0        0x4 LONG 0x8140 __cy_region_zero_size_ram
                0x000025d4                __cy_regions_end = .
                0x000025d8                . = ALIGN (0x8)
 *fill*         0x000025d4        0x4 
                0x000025d8                _etext = .

.cy_checksum_exclude
                0x000025d8        0x0
 *(.cy_checksum_exclude)

.ramvectors     0x1fff8000       0xc0
                0x1fff8000                __cy_region_start_ram = .
 *(.ramvectors)
 .ramvectors    0x1fff8000       0xc0 .\CortexM3\ARM_GCC_541\Debug\Cm3Start.o
                0x1fff8000                CyRamVectors

.noinit         0x1fff80c0        0x1
 *(.noinit)
 .noinit        0x1fff80c0        0x1 .\CortexM3\ARM_GCC_541\Debug\RTOS_UART_Project_Psoc1_Copy_02.a(CyLib.o)
                0x1fff80c0                CyResetStatus

.data           0x1fff80c8       0x80 load address 0x000025d8
                0x1fff80c8                __cy_region_start_data = .
 *(.jcr)
 .jcr           0x1fff80c8        0x0 c:/program files (x86)/cypress/psoc creator/4.2/psoc creator/import/gnu/arm/5.4.1/bin/../lib/gcc/arm-none-eabi/5.4.1/armv7-m/crtbegin.o
 .jcr           0x1fff80c8        0x4 c:/program files (x86)/cypress/psoc creator/4.2/psoc creator/import/gnu/arm/5.4.1/bin/../lib/gcc/arm-none-eabi/5.4.1/armv7-m/crtend.o
 *(.got.plt)
 *(.got)
 *(.shdata)
 *(.data .data.* .gnu.linkonce.d.*)
 .data          0x1fff80cc        0x4 .\CortexM3\ARM_GCC_541\Debug\port.o
 .data          0x1fff80d0        0x4 .\CortexM3\ARM_GCC_541\Debug\Cm3Start.o
 .data          0x1fff80d4       0x10 .\CortexM3\ARM_GCC_541\Debug\RTOS_UART_Project_Psoc1_Copy_02.a(CyLib.o)
                0x1fff80d4                cydelay_32k_ms
                0x1fff80d8                cydelay_freq_khz
                0x1fff80dc                cydelay_freq_mhz
                0x1fff80e0                cydelay_freq_hz
 .data.impure_data
                0x1fff80e4       0x60 c:/program files (x86)/cypress/psoc creator/4.2/psoc creator/import/gnu/arm/5.4.1/bin/../lib/gcc/arm-none-eabi/5.4.1/../../../../arm-none-eabi/lib/armv7-m\libg_nano.a(lib_a-impure.o)
 .data._impure_ptr
                0x1fff8144        0x4 c:/program files (x86)/cypress/psoc creator/4.2/psoc creator/import/gnu/arm/5.4.1/bin/../lib/gcc/arm-none-eabi/5.4.1/../../../../arm-none-eabi/lib/armv7-m\libg_nano.a(lib_a-impure.o)
                0x1fff8144                _impure_ptr
                0x1fff8148                . = ALIGN (0x8)
 *(.ram)
                0x1fff8148                _edata = .

.igot.plt       0x1fff8148        0x0 load address 0x00002658
 .igot.plt      0x1fff8148        0x0 c:/program files (x86)/cypress/psoc creator/4.2/psoc creator/import/gnu/arm/5.4.1/bin/../lib/gcc/arm-none-eabi/5.4.1/armv7-m/crtbegin.o

.bss            0x1fff8148     0x8140 load address 0x00002658
                0x1fff8148                PROVIDE (__bss_start__, .)
 *(.shbss)
 *(.bss .bss.* .gnu.linkonce.b.*)
 .bss           0x1fff8148       0x1c c:/program files (x86)/cypress/psoc creator/4.2/psoc creator/import/gnu/arm/5.4.1/bin/../lib/gcc/arm-none-eabi/5.4.1/armv7-m/crtbegin.o
 .bss           0x1fff8164     0x8008 .\CortexM3\ARM_GCC_541\Debug\heap_1.o
 .bss           0x2000016c      0x104 .\CortexM3\ARM_GCC_541\Debug\tasks.o
                0x20000244                pxCurrentTCB
 .bss           0x20000270        0x2 .\CortexM3\ARM_GCC_541\Debug\RTOS_UART_Project_Psoc1_Copy_02.a(LCD.o)
                0x20000270                LCD_enableState
                0x20000271                LCD_initVar
 .bss           0x20000272        0x1 .\CortexM3\ARM_GCC_541\Debug\RTOS_UART_Project_Psoc1_Copy_02.a(Timer.o)
                0x20000272                Timer_initVar
 .bss           0x20000273        0x1 .\CortexM3\ARM_GCC_541\Debug\RTOS_UART_Project_Psoc1_Copy_02.a(PWM_Servo.o)
                0x20000273                PWM_Servo_initVar
 .bss           0x20000274        0x1 .\CortexM3\ARM_GCC_541\Debug\RTOS_UART_Project_Psoc1_Copy_02.a(PWM_Music.o)
                0x20000274                PWM_Music_initVar
 *fill*         0x20000275        0x3 
 .bss.__malloc_sbrk_start
                0x20000278        0x4 c:/program files (x86)/cypress/psoc creator/4.2/psoc creator/import/gnu/arm/5.4.1/bin/../lib/gcc/arm-none-eabi/5.4.1/../../../../arm-none-eabi/lib/armv7-m\libg_nano.a(lib_a-nano-mallocr.o)
                0x20000278                __malloc_sbrk_start
 .bss.__malloc_free_list
                0x2000027c        0x4 c:/program files (x86)/cypress/psoc creator/4.2/psoc creator/import/gnu/arm/5.4.1/bin/../lib/gcc/arm-none-eabi/5.4.1/../../../../arm-none-eabi/lib/armv7-m\libg_nano.a(lib_a-nano-mallocr.o)
                0x2000027c                __malloc_free_list
 *(COMMON)
 COMMON         0x20000280        0x4 c:/program files (x86)/cypress/psoc creator/4.2/psoc creator/import/gnu/arm/5.4.1/bin/../lib/gcc/arm-none-eabi/5.4.1/../../../../arm-none-eabi/lib/armv7-m\libg_nano.a(lib_a-reent.o)
                0x20000280                errno
                0x20000288                . = ALIGN (0x8)
 *fill*         0x20000284        0x4 
 *(.ram.b)
                0x20000288                _end = .
                0x20000288                __end = .
                0x20000288                PROVIDE (end, .)
                0x20000288                PROVIDE (__bss_end__, .)
                0x000025d8                __cy_region_init_ram = LOADADDR (.data)
                0x00000080                __cy_region_init_size_ram = (_edata - ADDR (.data))
                0x00008140                __cy_region_zero_size_ram = (_end - _edata)

.heap           0x20000288       0x80 load address 0x00002658
                0x20000288                . = _end
                0x20000308                . = (. + 0x80)
 *fill*         0x20000288       0x80 
                0x20000308                __cy_heap_limit = .

.stack          0x20007800      0x800
                0x20007800                __cy_stack_limit = .
                0x20008000                . = (. + 0x800)
 *fill*         0x20007800      0x800 
                0x00000001                ASSERT ((__cy_stack_limit >= __cy_heap_limit), region RAM overflowed with stack)
                0x00000000                cy_checksum_exclude_size = (CY_APPL_LOADABLE == 0x1)?SIZEOF (.cy_checksum_exclude):0x0
                0x00000001                ASSERT ((cy_checksum_exclude_size <= CY_CHECKSUM_EXCLUDE_SIZE), CY_BOOT: Section .cy_checksum_exclude size exceedes specified limit.)

.cyloadermeta
 *(.cyloadermeta)

.cyloadablemeta
 *(.cyloadablemeta)

.cyconfigecc    0x80000000       0xac
 *(.cyconfigecc)
 .cyconfigecc   0x80000000       0xac .\CortexM3\ARM_GCC_541\Debug\cymetadata.o
                0x80000000                cy_meta_configecc

.cycustnvl      0x90000000        0x4
 *(.cycustnvl)
 .cycustnvl     0x90000000        0x4 .\CortexM3\ARM_GCC_541\Debug\cymetadata.o
                0x90000000                cy_meta_custnvl

.cywolatch      0x90100000        0x4
 *(.cywolatch)
 .cywolatch     0x90100000        0x4 .\CortexM3\ARM_GCC_541\Debug\cymetadata.o
                0x90100000                cy_meta_wonvl

.cyeeprom       0x90200000        0x0
 *(.cyeeprom)
                0x00000001                ASSERT ((. <= ((0x90200000 + ee_offset) + ee_size)), .cyeeprom data will not fit in EEPROM)

.cyflashprotect
                0x90400000      0x100
 *(.cyflashprotect)
 .cyflashprotect
                0x90400000      0x100 .\CortexM3\ARM_GCC_541\Debug\cymetadata.o
                0x90400000                cy_meta_flashprotect

.cymeta         0x90500000        0xc
 *(.cymeta)
 .cymeta        0x90500000        0xc .\CortexM3\ARM_GCC_541\Debug\cymetadata.o
                0x90500000                cy_metadata

.rel.dyn        0x00002658        0x0 load address 0x9050000c
 .rel.iplt      0x00002658        0x0 c:/program files (x86)/cypress/psoc creator/4.2/psoc creator/import/gnu/arm/5.4.1/bin/../lib/gcc/arm-none-eabi/5.4.1/armv7-m/crtbegin.o

.stab
 *(.stab)

.stabstr
 *(.stabstr)

.debug
 *(.debug)

.line
 *(.line)

.debug_srcinfo
 *(.debug_srcinfo)

.debug_sfnames
 *(.debug_sfnames)

.debug_aranges  0x00000000      0xd40
 *(.debug_aranges)
 .debug_aranges
                0x00000000       0x50 .\CortexM3\ARM_GCC_541\Debug\main.o
 .debug_aranges
                0x00000050       0x38 .\CortexM3\ARM_GCC_541\Debug\heap_1.o
 .debug_aranges
                0x00000088       0x70 .\CortexM3\ARM_GCC_541\Debug\port.o
 .debug_aranges
                0x000000f8       0x18 .\CortexM3\ARM_GCC_541\Debug\croutine.o
 .debug_aranges
                0x00000110       0x68 .\CortexM3\ARM_GCC_541\Debug\event_groups.o
 .debug_aranges
                0x00000178       0x20 .\CortexM3\ARM_GCC_541\Debug\FreeRTOS_PSoC.o
 .debug_aranges
                0x00000198       0x40 .\CortexM3\ARM_GCC_541\Debug\list.o
 .debug_aranges
                0x000001d8      0x110 .\CortexM3\ARM_GCC_541\Debug\queue.o
 .debug_aranges
                0x000002e8       0xb8 .\CortexM3\ARM_GCC_541\Debug\stream_buffer.o
 .debug_aranges
                0x000003a0      0x1b8 .\CortexM3\ARM_GCC_541\Debug\tasks.o
 .debug_aranges
                0x00000558       0x18 .\CortexM3\ARM_GCC_541\Debug\timers.o
 .debug_aranges
                0x00000570       0x58 .\CortexM3\ARM_GCC_541\Debug\cyfitter_cfg.o
 .debug_aranges
                0x000005c8       0x18 .\CortexM3\ARM_GCC_541\Debug\cymetadata.o
 .debug_aranges
                0x000005e0       0x48 .\CortexM3\ARM_GCC_541\Debug\Cm3Start.o
 .debug_aranges
                0x00000628      0x2a0 .\CortexM3\ARM_GCC_541\Debug\RTOS_UART_Project_Psoc1_Copy_02.a(CyLib.o)
 .debug_aranges
                0x000008c8       0x98 .\CortexM3\ARM_GCC_541\Debug\RTOS_UART_Project_Psoc1_Copy_02.a(cyPm.o)
 .debug_aranges
                0x00000960       0x98 .\CortexM3\ARM_GCC_541\Debug\RTOS_UART_Project_Psoc1_Copy_02.a(LCD.o)
 .debug_aranges
                0x000009f8       0x38 .\CortexM3\ARM_GCC_541\Debug\RTOS_UART_Project_Psoc1_Copy_02.a(LED.o)
 .debug_aranges
                0x00000a30       0x88 .\CortexM3\ARM_GCC_541\Debug\RTOS_UART_Project_Psoc1_Copy_02.a(Timer.o)
 .debug_aranges
                0x00000ab8       0x38 .\CortexM3\ARM_GCC_541\Debug\RTOS_UART_Project_Psoc1_Copy_02.a(Echo.o)
 .debug_aranges
                0x00000af0       0x38 .\CortexM3\ARM_GCC_541\Debug\RTOS_UART_Project_Psoc1_Copy_02.a(Trigger.o)
 .debug_aranges
                0x00000b28       0x78 .\CortexM3\ARM_GCC_541\Debug\RTOS_UART_Project_Psoc1_Copy_02.a(PWM_Servo.o)
 .debug_aranges
                0x00000ba0       0x78 .\CortexM3\ARM_GCC_541\Debug\RTOS_UART_Project_Psoc1_Copy_02.a(PWM_Music.o)
 .debug_aranges
                0x00000c18       0x20 .\CortexM3\ARM_GCC_541\Debug\RTOS_UART_Project_Psoc1_Copy_02.a(CyBootAsmGnu.o)
 .debug_aranges
                0x00000c38       0x88 .\CortexM3\ARM_GCC_541\Debug\RTOS_UART_Project_Psoc1_Copy_02.a(CyFlash.o)
 .debug_aranges
                0x00000cc0       0x80 .\CortexM3\ARM_GCC_541\Debug\RTOS_UART_Project_Psoc1_Copy_02.a(CySpc.o)

.debug_pubnames
 *(.debug_pubnames)

.debug_info     0x00000000     0xadcd
 *(.debug_info .gnu.linkonce.wi.*)
 .debug_info    0x00000000      0xa4c .\CortexM3\ARM_GCC_541\Debug\main.o
 .debug_info    0x00000a4c      0x1e3 .\CortexM3\ARM_GCC_541\Debug\heap_1.o
 .debug_info    0x00000c2f      0x363 .\CortexM3\ARM_GCC_541\Debug\port.o
 .debug_info    0x00000f92       0xae .\CortexM3\ARM_GCC_541\Debug\croutine.o
 .debug_info    0x00001040      0x910 .\CortexM3\ARM_GCC_541\Debug\event_groups.o
 .debug_info    0x00001950      0x115 .\CortexM3\ARM_GCC_541\Debug\FreeRTOS_PSoC.o
 .debug_info    0x00001a65      0x2df .\CortexM3\ARM_GCC_541\Debug\list.o
 .debug_info    0x00001d44     0x18b1 .\CortexM3\ARM_GCC_541\Debug\queue.o
 .debug_info    0x000035f5     0x1194 .\CortexM3\ARM_GCC_541\Debug\stream_buffer.o
 .debug_info    0x00004789     0x1fc8 .\CortexM3\ARM_GCC_541\Debug\tasks.o
 .debug_info    0x00006751       0xae .\CortexM3\ARM_GCC_541\Debug\timers.o
 .debug_info    0x000067ff      0x4ee .\CortexM3\ARM_GCC_541\Debug\cyfitter_cfg.o
 .debug_info    0x00006ced      0x134 .\CortexM3\ARM_GCC_541\Debug\cymetadata.o
 .debug_info    0x00006e21      0x3bb .\CortexM3\ARM_GCC_541\Debug\Cm3Start.o
 .debug_info    0x000071dc     0x1374 .\CortexM3\ARM_GCC_541\Debug\RTOS_UART_Project_Psoc1_Copy_02.a(CyLib.o)
 .debug_info    0x00008550      0xa2a .\CortexM3\ARM_GCC_541\Debug\RTOS_UART_Project_Psoc1_Copy_02.a(cyPm.o)
 .debug_info    0x00008f7a      0x715 .\CortexM3\ARM_GCC_541\Debug\RTOS_UART_Project_Psoc1_Copy_02.a(LCD.o)
 .debug_info    0x0000968f      0x11f .\CortexM3\ARM_GCC_541\Debug\RTOS_UART_Project_Psoc1_Copy_02.a(LED.o)
 .debug_info    0x000097ae      0x293 .\CortexM3\ARM_GCC_541\Debug\RTOS_UART_Project_Psoc1_Copy_02.a(Timer.o)
 .debug_info    0x00009a41      0x11f .\CortexM3\ARM_GCC_541\Debug\RTOS_UART_Project_Psoc1_Copy_02.a(Echo.o)
 .debug_info    0x00009b60      0x11f .\CortexM3\ARM_GCC_541\Debug\RTOS_UART_Project_Psoc1_Copy_02.a(Trigger.o)
 .debug_info    0x00009c7f      0x281 .\CortexM3\ARM_GCC_541\Debug\RTOS_UART_Project_Psoc1_Copy_02.a(PWM_Servo.o)
 .debug_info    0x00009f00      0x27f .\CortexM3\ARM_GCC_541\Debug\RTOS_UART_Project_Psoc1_Copy_02.a(PWM_Music.o)
 .debug_info    0x0000a17f       0xb1 .\CortexM3\ARM_GCC_541\Debug\RTOS_UART_Project_Psoc1_Copy_02.a(CyBootAsmGnu.o)
 .debug_info    0x0000a230      0x64d .\CortexM3\ARM_GCC_541\Debug\RTOS_UART_Project_Psoc1_Copy_02.a(CyFlash.o)
 .debug_info    0x0000a87d      0x550 .\CortexM3\ARM_GCC_541\Debug\RTOS_UART_Project_Psoc1_Copy_02.a(CySpc.o)

.debug_abbrev   0x00000000     0x236c
 *(.debug_abbrev)
 .debug_abbrev  0x00000000      0x1c1 .\CortexM3\ARM_GCC_541\Debug\main.o
 .debug_abbrev  0x000001c1      0x131 .\CortexM3\ARM_GCC_541\Debug\heap_1.o
 .debug_abbrev  0x000002f2      0x1db .\CortexM3\ARM_GCC_541\Debug\port.o
 .debug_abbrev  0x000004cd       0x4b .\CortexM3\ARM_GCC_541\Debug\croutine.o
 .debug_abbrev  0x00000518      0x226 .\CortexM3\ARM_GCC_541\Debug\event_groups.o
 .debug_abbrev  0x0000073e       0xb4 .\CortexM3\ARM_GCC_541\Debug\FreeRTOS_PSoC.o
 .debug_abbrev  0x000007f2       0xf6 .\CortexM3\ARM_GCC_541\Debug\list.o
 .debug_abbrev  0x000008e8      0x2ce .\CortexM3\ARM_GCC_541\Debug\queue.o
 .debug_abbrev  0x00000bb6      0x25d .\CortexM3\ARM_GCC_541\Debug\stream_buffer.o
 .debug_abbrev  0x00000e13      0x302 .\CortexM3\ARM_GCC_541\Debug\tasks.o
 .debug_abbrev  0x00001115       0x4b .\CortexM3\ARM_GCC_541\Debug\timers.o
 .debug_abbrev  0x00001160      0x1fe .\CortexM3\ARM_GCC_541\Debug\cyfitter_cfg.o
 .debug_abbrev  0x0000135e       0x5d .\CortexM3\ARM_GCC_541\Debug\cymetadata.o
 .debug_abbrev  0x000013bb      0x1e8 .\CortexM3\ARM_GCC_541\Debug\Cm3Start.o
 .debug_abbrev  0x000015a3      0x254 .\CortexM3\ARM_GCC_541\Debug\RTOS_UART_Project_Psoc1_Copy_02.a(CyLib.o)
 .debug_abbrev  0x000017f7      0x1ab .\CortexM3\ARM_GCC_541\Debug\RTOS_UART_Project_Psoc1_Copy_02.a(cyPm.o)
 .debug_abbrev  0x000019a2      0x157 .\CortexM3\ARM_GCC_541\Debug\RTOS_UART_Project_Psoc1_Copy_02.a(LCD.o)
 .debug_abbrev  0x00001af9       0x90 .\CortexM3\ARM_GCC_541\Debug\RTOS_UART_Project_Psoc1_Copy_02.a(LED.o)
 .debug_abbrev  0x00001b89      0x11a .\CortexM3\ARM_GCC_541\Debug\RTOS_UART_Project_Psoc1_Copy_02.a(Timer.o)
 .debug_abbrev  0x00001ca3       0x90 .\CortexM3\ARM_GCC_541\Debug\RTOS_UART_Project_Psoc1_Copy_02.a(Echo.o)
 .debug_abbrev  0x00001d33       0x90 .\CortexM3\ARM_GCC_541\Debug\RTOS_UART_Project_Psoc1_Copy_02.a(Trigger.o)
 .debug_abbrev  0x00001dc3      0x12d .\CortexM3\ARM_GCC_541\Debug\RTOS_UART_Project_Psoc1_Copy_02.a(PWM_Servo.o)
 .debug_abbrev  0x00001ef0      0x12d .\CortexM3\ARM_GCC_541\Debug\RTOS_UART_Project_Psoc1_Copy_02.a(PWM_Music.o)
 .debug_abbrev  0x0000201d       0x14 .\CortexM3\ARM_GCC_541\Debug\RTOS_UART_Project_Psoc1_Copy_02.a(CyBootAsmGnu.o)
 .debug_abbrev  0x00002031      0x1a7 .\CortexM3\ARM_GCC_541\Debug\RTOS_UART_Project_Psoc1_Copy_02.a(CyFlash.o)
 .debug_abbrev  0x000021d8      0x194 .\CortexM3\ARM_GCC_541\Debug\RTOS_UART_Project_Psoc1_Copy_02.a(CySpc.o)

.debug_line     0x00000000     0x4588
 *(.debug_line)
 .debug_line    0x00000000      0x356 .\CortexM3\ARM_GCC_541\Debug\main.o
 .debug_line    0x00000356      0x263 .\CortexM3\ARM_GCC_541\Debug\heap_1.o
 .debug_line    0x000005b9      0x2ae .\CortexM3\ARM_GCC_541\Debug\port.o
 .debug_line    0x00000867      0x13f .\CortexM3\ARM_GCC_541\Debug\croutine.o
 .debug_line    0x000009a6      0x339 .\CortexM3\ARM_GCC_541\Debug\event_groups.o
 .debug_line    0x00000cdf      0x17f .\CortexM3\ARM_GCC_541\Debug\FreeRTOS_PSoC.o
 .debug_line    0x00000e5e      0x21f .\CortexM3\ARM_GCC_541\Debug\list.o
 .debug_line    0x0000107d      0x6f3 .\CortexM3\ARM_GCC_541\Debug\queue.o
 .debug_line    0x00001770      0x508 .\CortexM3\ARM_GCC_541\Debug\stream_buffer.o
 .debug_line    0x00001c78      0xad0 .\CortexM3\ARM_GCC_541\Debug\tasks.o
 .debug_line    0x00002748      0x13f .\CortexM3\ARM_GCC_541\Debug\timers.o
 .debug_line    0x00002887      0x1dc .\CortexM3\ARM_GCC_541\Debug\cyfitter_cfg.o
 .debug_line    0x00002a63      0x141 .\CortexM3\ARM_GCC_541\Debug\cymetadata.o
 .debug_line    0x00002ba4      0x234 .\CortexM3\ARM_GCC_541\Debug\Cm3Start.o
 .debug_line    0x00002dd8      0x816 .\CortexM3\ARM_GCC_541\Debug\RTOS_UART_Project_Psoc1_Copy_02.a(CyLib.o)
 .debug_line    0x000035ee      0x367 .\CortexM3\ARM_GCC_541\Debug\RTOS_UART_Project_Psoc1_Copy_02.a(cyPm.o)
 .debug_line    0x00003955      0x1dc .\CortexM3\ARM_GCC_541\Debug\RTOS_UART_Project_Psoc1_Copy_02.a(LCD.o)
 .debug_line    0x00003b31       0x90 .\CortexM3\ARM_GCC_541\Debug\RTOS_UART_Project_Psoc1_Copy_02.a(LED.o)
 .debug_line    0x00003bc1      0x154 .\CortexM3\ARM_GCC_541\Debug\RTOS_UART_Project_Psoc1_Copy_02.a(Timer.o)
 .debug_line    0x00003d15       0x91 .\CortexM3\ARM_GCC_541\Debug\RTOS_UART_Project_Psoc1_Copy_02.a(Echo.o)
 .debug_line    0x00003da6       0x94 .\CortexM3\ARM_GCC_541\Debug\RTOS_UART_Project_Psoc1_Copy_02.a(Trigger.o)
 .debug_line    0x00003e3a      0x137 .\CortexM3\ARM_GCC_541\Debug\RTOS_UART_Project_Psoc1_Copy_02.a(PWM_Servo.o)
 .debug_line    0x00003f71      0x137 .\CortexM3\ARM_GCC_541\Debug\RTOS_UART_Project_Psoc1_Copy_02.a(PWM_Music.o)
 .debug_line    0x000040a8       0x66 .\CortexM3\ARM_GCC_541\Debug\RTOS_UART_Project_Psoc1_Copy_02.a(CyBootAsmGnu.o)
 .debug_line    0x0000410e      0x21a .\CortexM3\ARM_GCC_541\Debug\RTOS_UART_Project_Psoc1_Copy_02.a(CyFlash.o)
 .debug_line    0x00004328      0x260 .\CortexM3\ARM_GCC_541\Debug\RTOS_UART_Project_Psoc1_Copy_02.a(CySpc.o)

.debug_frame    0x00000000     0x27d4
 *(.debug_frame)
 .debug_frame   0x00000000       0xc8 .\CortexM3\ARM_GCC_541\Debug\main.o
 .debug_frame   0x000000c8       0x60 .\CortexM3\ARM_GCC_541\Debug\heap_1.o
 .debug_frame   0x00000128       0xe0 .\CortexM3\ARM_GCC_541\Debug\port.o
 .debug_frame   0x00000208      0x13c .\CortexM3\ARM_GCC_541\Debug\event_groups.o
 .debug_frame   0x00000344       0x20 .\CortexM3\ARM_GCC_541\Debug\FreeRTOS_PSoC.o
 .debug_frame   0x00000364       0x70 .\CortexM3\ARM_GCC_541\Debug\list.o
 .debug_frame   0x000003d4      0x3a0 .\CortexM3\ARM_GCC_541\Debug\queue.o
 .debug_frame   0x00000774      0x2c0 .\CortexM3\ARM_GCC_541\Debug\stream_buffer.o
 .debug_frame   0x00000a34      0x62c .\CortexM3\ARM_GCC_541\Debug\tasks.o
 .debug_frame   0x00001060       0xe4 .\CortexM3\ARM_GCC_541\Debug\cyfitter_cfg.o
 .debug_frame   0x00001144       0xb8 .\CortexM3\ARM_GCC_541\Debug\Cm3Start.o
 .debug_frame   0x000011fc      0x738 .\CortexM3\ARM_GCC_541\Debug\RTOS_UART_Project_Psoc1_Copy_02.a(CyLib.o)
 .debug_frame   0x00001934      0x1f8 .\CortexM3\ARM_GCC_541\Debug\RTOS_UART_Project_Psoc1_Copy_02.a(cyPm.o)
 .debug_frame   0x00001b2c      0x1e8 .\CortexM3\ARM_GCC_541\Debug\RTOS_UART_Project_Psoc1_Copy_02.a(LCD.o)
 .debug_frame   0x00001d14       0x50 .\CortexM3\ARM_GCC_541\Debug\RTOS_UART_Project_Psoc1_Copy_02.a(LED.o)
 .debug_frame   0x00001d64      0x108 .\CortexM3\ARM_GCC_541\Debug\RTOS_UART_Project_Psoc1_Copy_02.a(Timer.o)
 .debug_frame   0x00001e6c       0x50 .\CortexM3\ARM_GCC_541\Debug\RTOS_UART_Project_Psoc1_Copy_02.a(Echo.o)
 .debug_frame   0x00001ebc       0x50 .\CortexM3\ARM_GCC_541\Debug\RTOS_UART_Project_Psoc1_Copy_02.a(Trigger.o)
 .debug_frame   0x00001f0c       0xe8 .\CortexM3\ARM_GCC_541\Debug\RTOS_UART_Project_Psoc1_Copy_02.a(PWM_Servo.o)
 .debug_frame   0x00001ff4       0xe8 .\CortexM3\ARM_GCC_541\Debug\RTOS_UART_Project_Psoc1_Copy_02.a(PWM_Music.o)
 .debug_frame   0x000020dc      0x194 .\CortexM3\ARM_GCC_541\Debug\RTOS_UART_Project_Psoc1_Copy_02.a(CyFlash.o)
 .debug_frame   0x00002270      0x180 .\CortexM3\ARM_GCC_541\Debug\RTOS_UART_Project_Psoc1_Copy_02.a(CySpc.o)
 .debug_frame   0x000023f0       0x20 c:/program files (x86)/cypress/psoc creator/4.2/psoc creator/import/gnu/arm/5.4.1/bin/../lib/gcc/arm-none-eabi/5.4.1/../../../../arm-none-eabi/lib/armv7-m\libg_nano.a(lib_a-errno.o)
 .debug_frame   0x00002410       0x28 c:/program files (x86)/cypress/psoc creator/4.2/psoc creator/import/gnu/arm/5.4.1/bin/../lib/gcc/arm-none-eabi/5.4.1/../../../../arm-none-eabi/lib/armv7-m\libg_nano.a(lib_a-exit.o)
 .debug_frame   0x00002438       0x2c c:/program files (x86)/cypress/psoc creator/4.2/psoc creator/import/gnu/arm/5.4.1/bin/../lib/gcc/arm-none-eabi/5.4.1/../../../../arm-none-eabi/lib/armv7-m\libg_nano.a(lib_a-init.o)
 .debug_frame   0x00002464       0x28 c:/program files (x86)/cypress/psoc creator/4.2/psoc creator/import/gnu/arm/5.4.1/bin/../lib/gcc/arm-none-eabi/5.4.1/../../../../arm-none-eabi/lib/armv7-m\libg_nano.a(lib_a-memcpy-stub.o)
 .debug_frame   0x0000248c       0x20 c:/program files (x86)/cypress/psoc creator/4.2/psoc creator/import/gnu/arm/5.4.1/bin/../lib/gcc/arm-none-eabi/5.4.1/../../../../arm-none-eabi/lib/armv7-m\libg_nano.a(lib_a-memset.o)
 .debug_frame   0x000024ac       0x70 c:/program files (x86)/cypress/psoc creator/4.2/psoc creator/import/gnu/arm/5.4.1/bin/../lib/gcc/arm-none-eabi/5.4.1/../../../../arm-none-eabi/lib/armv7-m\libg_nano.a(lib_a-sprintf.o)
 .debug_frame   0x0000251c       0x90 c:/program files (x86)/cypress/psoc creator/4.2/psoc creator/import/gnu/arm/5.4.1/bin/../lib/gcc/arm-none-eabi/5.4.1/../../../../arm-none-eabi/lib/armv7-m\libg_nano.a(lib_a-nano-svfprintf.o)
 .debug_frame   0x000025ac       0x60 c:/program files (x86)/cypress/psoc creator/4.2/psoc creator/import/gnu/arm/5.4.1/bin/../lib/gcc/arm-none-eabi/5.4.1/../../../../arm-none-eabi/lib/armv7-m\libg_nano.a(lib_a-nano-vfprintf_i.o)
 .debug_frame   0x0000260c       0x28 c:/program files (x86)/cypress/psoc creator/4.2/psoc creator/import/gnu/arm/5.4.1/bin/../lib/gcc/arm-none-eabi/5.4.1/../../../../arm-none-eabi/lib/armv7-m\libg_nano.a(lib_a-memchr-stub.o)
 .debug_frame   0x00002634       0x28 c:/program files (x86)/cypress/psoc creator/4.2/psoc creator/import/gnu/arm/5.4.1/bin/../lib/gcc/arm-none-eabi/5.4.1/../../../../arm-none-eabi/lib/armv7-m\libg_nano.a(lib_a-memmove.o)
 .debug_frame   0x0000265c       0x38 c:/program files (x86)/cypress/psoc creator/4.2/psoc creator/import/gnu/arm/5.4.1/bin/../lib/gcc/arm-none-eabi/5.4.1/../../../../arm-none-eabi/lib/armv7-m\libg_nano.a(lib_a-nano-freer.o)
 .debug_frame   0x00002694       0x2c c:/program files (x86)/cypress/psoc creator/4.2/psoc creator/import/gnu/arm/5.4.1/bin/../lib/gcc/arm-none-eabi/5.4.1/../../../../arm-none-eabi/lib/armv7-m\libg_nano.a(lib_a-nano-mallocr.o)
 .debug_frame   0x000026c0       0x3c c:/program files (x86)/cypress/psoc creator/4.2/psoc creator/import/gnu/arm/5.4.1/bin/../lib/gcc/arm-none-eabi/5.4.1/../../../../arm-none-eabi/lib/armv7-m\libg_nano.a(lib_a-nano-reallocr.o)
 .debug_frame   0x000026fc       0x2c c:/program files (x86)/cypress/psoc creator/4.2/psoc creator/import/gnu/arm/5.4.1/bin/../lib/gcc/arm-none-eabi/5.4.1/../../../../arm-none-eabi/lib/armv7-m\libg_nano.a(lib_a-sbrkr.o)
 .debug_frame   0x00002728       0x30 c:/program files (x86)/cypress/psoc creator/4.2/psoc creator/import/gnu/arm/5.4.1/bin/../lib/gcc/arm-none-eabi/5.4.1/../../../../arm-none-eabi/lib/armv7-m\libg_nano.a(lib_a-mlock.o)
 .debug_frame   0x00002758       0x20 c:/program files (x86)/cypress/psoc creator/4.2/psoc creator/import/gnu/arm/5.4.1/bin/../lib/gcc/arm-none-eabi/5.4.1/../../../../arm-none-eabi/lib/armv7-m\libg_nano.a(lib_a-nano-msizer.o)
 .debug_frame   0x00002778       0x5c c:/program files (x86)/cypress/psoc creator/4.2/psoc creator/import/gnu/arm/5.4.1/bin/../lib/gcc/arm-none-eabi/5.4.1/../../../../arm-none-eabi/lib/armv7-m\libg_nano.a(lib_a-reent.o)

.debug_str      0x00000000     0x3452
 *(.debug_str)
 .debug_str     0x00000000      0x336 .\CortexM3\ARM_GCC_541\Debug\main.o
                                0x398 (size before relaxing)
 .debug_str     0x00000336       0xd1 .\CortexM3\ARM_GCC_541\Debug\heap_1.o
                                0x2a8 (size before relaxing)
 .debug_str     0x00000407      0x1c6 .\CortexM3\ARM_GCC_541\Debug\port.o
                                0x3ab (size before relaxing)
 .debug_str     0x000005cd       0x17 .\CortexM3\ARM_GCC_541\Debug\croutine.o
                                0x1d2 (size before relaxing)
 .debug_str     0x000005e4      0x3ab .\CortexM3\ARM_GCC_541\Debug\event_groups.o
                                0x659 (size before relaxing)
 .debug_str     0x0000098f       0x36 .\CortexM3\ARM_GCC_541\Debug\FreeRTOS_PSoC.o
                                0x236 (size before relaxing)
 .debug_str     0x000009c5       0x90 .\CortexM3\ARM_GCC_541\Debug\list.o
                                0x321 (size before relaxing)
 .debug_str     0x00000a55      0x669 .\CortexM3\ARM_GCC_541\Debug\queue.o
                                0xa20 (size before relaxing)
 .debug_str     0x000010be      0x489 .\CortexM3\ARM_GCC_541\Debug\stream_buffer.o
                                0x829 (size before relaxing)
 .debug_str     0x00001547      0x837 .\CortexM3\ARM_GCC_541\Debug\tasks.o
                                0xf7b (size before relaxing)
 .debug_str     0x00001d7e       0x15 .\CortexM3\ARM_GCC_541\Debug\timers.o
                                0x1d0 (size before relaxing)
 .debug_str     0x00001d93      0x16b .\CortexM3\ARM_GCC_541\Debug\cyfitter_cfg.o
                                0x330 (size before relaxing)
 .debug_str     0x00001efe       0x75 .\CortexM3\ARM_GCC_541\Debug\cymetadata.o
                                0x205 (size before relaxing)
 .debug_str     0x00001f73      0x12a .\CortexM3\ARM_GCC_541\Debug\Cm3Start.o
                                0x32b (size before relaxing)
 .debug_str     0x0000209d      0x84c .\CortexM3\ARM_GCC_541\Debug\RTOS_UART_Project_Psoc1_Copy_02.a(CyLib.o)
                                0xa68 (size before relaxing)
 .debug_str     0x000028e9      0x365 .\CortexM3\ARM_GCC_541\Debug\RTOS_UART_Project_Psoc1_Copy_02.a(cyPm.o)
                                0x754 (size before relaxing)
 .debug_str     0x00002c4e      0x127 .\CortexM3\ARM_GCC_541\Debug\RTOS_UART_Project_Psoc1_Copy_02.a(LCD.o)
                                0x34c (size before relaxing)
 .debug_str     0x00002d75       0x52 .\CortexM3\ARM_GCC_541\Debug\RTOS_UART_Project_Psoc1_Copy_02.a(LED.o)
                                0x1f9 (size before relaxing)
 .debug_str     0x00002dc7      0x139 .\CortexM3\ARM_GCC_541\Debug\RTOS_UART_Project_Psoc1_Copy_02.a(Timer.o)
                                0x316 (size before relaxing)
 .debug_str     0x00002f00       0x4c .\CortexM3\ARM_GCC_541\Debug\RTOS_UART_Project_Psoc1_Copy_02.a(Echo.o)
                                0x1fe (size before relaxing)
 .debug_str     0x00002f4c       0x57 .\CortexM3\ARM_GCC_541\Debug\RTOS_UART_Project_Psoc1_Copy_02.a(Trigger.o)
                                0x20d (size before relaxing)
 .debug_str     0x00002fa3      0x12e .\CortexM3\ARM_GCC_541\Debug\RTOS_UART_Project_Psoc1_Copy_02.a(PWM_Servo.o)
                                0x326 (size before relaxing)
 .debug_str     0x000030d1      0x11a .\CortexM3\ARM_GCC_541\Debug\RTOS_UART_Project_Psoc1_Copy_02.a(PWM_Music.o)
                                0x326 (size before relaxing)
 .debug_str     0x000031eb      0x1bb .\CortexM3\ARM_GCC_541\Debug\RTOS_UART_Project_Psoc1_Copy_02.a(CyFlash.o)
                                0x3e1 (size before relaxing)
 .debug_str     0x000033a6       0xac .\CortexM3\ARM_GCC_541\Debug\RTOS_UART_Project_Psoc1_Copy_02.a(CySpc.o)
                                0x359 (size before relaxing)

.debug_loc      0x00000000     0x6091
 *(.debug_loc)
 .debug_loc     0x00000000       0xa4 .\CortexM3\ARM_GCC_541\Debug\main.o
 .debug_loc     0x000000a4       0x5f .\CortexM3\ARM_GCC_541\Debug\heap_1.o
 .debug_loc     0x00000103       0xa8 .\CortexM3\ARM_GCC_541\Debug\port.o
 .debug_loc     0x000001ab      0x6e0 .\CortexM3\ARM_GCC_541\Debug\event_groups.o
 .debug_loc     0x0000088b       0x65 .\CortexM3\ARM_GCC_541\Debug\list.o
 .debug_loc     0x000008f0     0x135f .\CortexM3\ARM_GCC_541\Debug\queue.o
 .debug_loc     0x00001c4f      0xfce .\CortexM3\ARM_GCC_541\Debug\stream_buffer.o
 .debug_loc     0x00002c1d     0x15fb .\CortexM3\ARM_GCC_541\Debug\tasks.o
 .debug_loc     0x00004218      0x1d7 .\CortexM3\ARM_GCC_541\Debug\cyfitter_cfg.o
 .debug_loc     0x000043ef      0x144 .\CortexM3\ARM_GCC_541\Debug\Cm3Start.o
 .debug_loc     0x00004533      0xa11 .\CortexM3\ARM_GCC_541\Debug\RTOS_UART_Project_Psoc1_Copy_02.a(CyLib.o)
 .debug_loc     0x00004f44      0x1e4 .\CortexM3\ARM_GCC_541\Debug\RTOS_UART_Project_Psoc1_Copy_02.a(cyPm.o)
 .debug_loc     0x00005128      0x3c6 .\CortexM3\ARM_GCC_541\Debug\RTOS_UART_Project_Psoc1_Copy_02.a(LCD.o)
 .debug_loc     0x000054ee       0x42 .\CortexM3\ARM_GCC_541\Debug\RTOS_UART_Project_Psoc1_Copy_02.a(LED.o)
 .debug_loc     0x00005530       0x42 .\CortexM3\ARM_GCC_541\Debug\RTOS_UART_Project_Psoc1_Copy_02.a(Echo.o)
 .debug_loc     0x00005572       0x42 .\CortexM3\ARM_GCC_541\Debug\RTOS_UART_Project_Psoc1_Copy_02.a(Trigger.o)
 .debug_loc     0x000055b4       0x13 .\CortexM3\ARM_GCC_541\Debug\RTOS_UART_Project_Psoc1_Copy_02.a(PWM_Servo.o)
 .debug_loc     0x000055c7       0x13 .\CortexM3\ARM_GCC_541\Debug\RTOS_UART_Project_Psoc1_Copy_02.a(PWM_Music.o)
 .debug_loc     0x000055da      0x3b2 .\CortexM3\ARM_GCC_541\Debug\RTOS_UART_Project_Psoc1_Copy_02.a(CyFlash.o)
 .debug_loc     0x0000598c      0x705 .\CortexM3\ARM_GCC_541\Debug\RTOS_UART_Project_Psoc1_Copy_02.a(CySpc.o)

.debug_macinfo
 *(.debug_macinfo)

.debug_ranges   0x00000000      0xc18
 *(.debug_ranges)
 .debug_ranges  0x00000000       0x40 .\CortexM3\ARM_GCC_541\Debug\main.o
 .debug_ranges  0x00000040       0x28 .\CortexM3\ARM_GCC_541\Debug\heap_1.o
 .debug_ranges  0x00000068       0x60 .\CortexM3\ARM_GCC_541\Debug\port.o
 .debug_ranges  0x000000c8       0x70 .\CortexM3\ARM_GCC_541\Debug\event_groups.o
 .debug_ranges  0x00000138       0x10 .\CortexM3\ARM_GCC_541\Debug\FreeRTOS_PSoC.o
 .debug_ranges  0x00000148       0x30 .\CortexM3\ARM_GCC_541\Debug\list.o
 .debug_ranges  0x00000178      0x148 .\CortexM3\ARM_GCC_541\Debug\queue.o
 .debug_ranges  0x000002c0       0xa8 .\CortexM3\ARM_GCC_541\Debug\stream_buffer.o
 .debug_ranges  0x00000368      0x1e8 .\CortexM3\ARM_GCC_541\Debug\tasks.o
 .debug_ranges  0x00000550       0x48 .\CortexM3\ARM_GCC_541\Debug\cyfitter_cfg.o
 .debug_ranges  0x00000598       0x38 .\CortexM3\ARM_GCC_541\Debug\Cm3Start.o
 .debug_ranges  0x000005d0      0x290 .\CortexM3\ARM_GCC_541\Debug\RTOS_UART_Project_Psoc1_Copy_02.a(CyLib.o)
 .debug_ranges  0x00000860       0x88 .\CortexM3\ARM_GCC_541\Debug\RTOS_UART_Project_Psoc1_Copy_02.a(cyPm.o)
 .debug_ranges  0x000008e8       0x88 .\CortexM3\ARM_GCC_541\Debug\RTOS_UART_Project_Psoc1_Copy_02.a(LCD.o)
 .debug_ranges  0x00000970       0x28 .\CortexM3\ARM_GCC_541\Debug\RTOS_UART_Project_Psoc1_Copy_02.a(LED.o)
 .debug_ranges  0x00000998       0x78 .\CortexM3\ARM_GCC_541\Debug\RTOS_UART_Project_Psoc1_Copy_02.a(Timer.o)
 .debug_ranges  0x00000a10       0x28 .\CortexM3\ARM_GCC_541\Debug\RTOS_UART_Project_Psoc1_Copy_02.a(Echo.o)
 .debug_ranges  0x00000a38       0x28 .\CortexM3\ARM_GCC_541\Debug\RTOS_UART_Project_Psoc1_Copy_02.a(Trigger.o)
 .debug_ranges  0x00000a60       0x68 .\CortexM3\ARM_GCC_541\Debug\RTOS_UART_Project_Psoc1_Copy_02.a(PWM_Servo.o)
 .debug_ranges  0x00000ac8       0x68 .\CortexM3\ARM_GCC_541\Debug\RTOS_UART_Project_Psoc1_Copy_02.a(PWM_Music.o)
 .debug_ranges  0x00000b30       0x78 .\CortexM3\ARM_GCC_541\Debug\RTOS_UART_Project_Psoc1_Copy_02.a(CyFlash.o)
 .debug_ranges  0x00000ba8       0x70 .\CortexM3\ARM_GCC_541\Debug\RTOS_UART_Project_Psoc1_Copy_02.a(CySpc.o)

.comment        0x00000000       0x6e
 .comment       0x00000000       0x6e .\CortexM3\ARM_GCC_541\Debug\main.o
                                 0x6f (size before relaxing)
 .comment       0x0000006e       0x6f .\CortexM3\ARM_GCC_541\Debug\heap_1.o
 .comment       0x0000006e       0x6f .\CortexM3\ARM_GCC_541\Debug\port.o
 .comment       0x0000006e       0x6f .\CortexM3\ARM_GCC_541\Debug\croutine.o
 .comment       0x0000006e       0x6f .\CortexM3\ARM_GCC_541\Debug\event_groups.o
 .comment       0x0000006e       0x6f .\CortexM3\ARM_GCC_541\Debug\FreeRTOS_PSoC.o
 .comment       0x0000006e       0x6f .\CortexM3\ARM_GCC_541\Debug\list.o
 .comment       0x0000006e       0x6f .\CortexM3\ARM_GCC_541\Debug\queue.o
 .comment       0x0000006e       0x6f .\CortexM3\ARM_GCC_541\Debug\stream_buffer.o
 .comment       0x0000006e       0x6f .\CortexM3\ARM_GCC_541\Debug\tasks.o
 .comment       0x0000006e       0x6f .\CortexM3\ARM_GCC_541\Debug\timers.o
 .comment       0x0000006e       0x6f .\CortexM3\ARM_GCC_541\Debug\cyfitter_cfg.o
 .comment       0x0000006e       0x6f .\CortexM3\ARM_GCC_541\Debug\cymetadata.o
 .comment       0x0000006e       0x6f .\CortexM3\ARM_GCC_541\Debug\Cm3Start.o
 .comment       0x0000006e       0x6f .\CortexM3\ARM_GCC_541\Debug\RTOS_UART_Project_Psoc1_Copy_02.a(CyLib.o)
 .comment       0x0000006e       0x6f .\CortexM3\ARM_GCC_541\Debug\RTOS_UART_Project_Psoc1_Copy_02.a(cyPm.o)
 .comment       0x0000006e       0x6f .\CortexM3\ARM_GCC_541\Debug\RTOS_UART_Project_Psoc1_Copy_02.a(LCD.o)
 .comment       0x0000006e       0x6f .\CortexM3\ARM_GCC_541\Debug\RTOS_UART_Project_Psoc1_Copy_02.a(LED.o)
 .comment       0x0000006e       0x6f .\CortexM3\ARM_GCC_541\Debug\RTOS_UART_Project_Psoc1_Copy_02.a(Timer.o)
 .comment       0x0000006e       0x6f .\CortexM3\ARM_GCC_541\Debug\RTOS_UART_Project_Psoc1_Copy_02.a(Echo.o)
 .comment       0x0000006e       0x6f .\CortexM3\ARM_GCC_541\Debug\RTOS_UART_Project_Psoc1_Copy_02.a(Trigger.o)
 .comment       0x0000006e       0x6f .\CortexM3\ARM_GCC_541\Debug\RTOS_UART_Project_Psoc1_Copy_02.a(PWM_Servo.o)
 .comment       0x0000006e       0x6f .\CortexM3\ARM_GCC_541\Debug\RTOS_UART_Project_Psoc1_Copy_02.a(PWM_Music.o)
 .comment       0x0000006e       0x6f .\CortexM3\ARM_GCC_541\Debug\RTOS_UART_Project_Psoc1_Copy_02.a(CyFlash.o)
 .comment       0x0000006e       0x6f .\CortexM3\ARM_GCC_541\Debug\RTOS_UART_Project_Psoc1_Copy_02.a(CySpc.o)

.debug_weaknames
 *(.debug_weaknames)

.debug_funcnames
 *(.debug_funcnames)

.debug_typenames
 *(.debug_typenames)

.debug_varnames
 *(.debug_varnames)

.note.gnu.arm.ident
 *(.note.gnu.arm.ident)

.ARM.attributes
                0x00000000       0x29
 *(.ARM.attributes)
 .ARM.attributes
                0x00000000       0x1d c:/program files (x86)/cypress/psoc creator/4.2/psoc creator/import/gnu/arm/5.4.1/bin/../lib/gcc/arm-none-eabi/5.4.1/armv7-m/crti.o
 .ARM.attributes
                0x0000001d       0x2d c:/program files (x86)/cypress/psoc creator/4.2/psoc creator/import/gnu/arm/5.4.1/bin/../lib/gcc/arm-none-eabi/5.4.1/armv7-m/crtbegin.o
 .ARM.attributes
                0x0000004a       0x1b c:/program files (x86)/cypress/psoc creator/4.2/psoc creator/import/gnu/arm/5.4.1/bin/../lib/gcc/arm-none-eabi/5.4.1/../../../../arm-none-eabi/lib/armv7-m/crt0.o
 .ARM.attributes
                0x00000065       0x33 .\CortexM3\ARM_GCC_541\Debug\main.o
 .ARM.attributes
                0x00000098       0x33 .\CortexM3\ARM_GCC_541\Debug\heap_1.o
 .ARM.attributes
                0x000000cb       0x33 .\CortexM3\ARM_GCC_541\Debug\port.o
 .ARM.attributes
                0x000000fe       0x33 .\CortexM3\ARM_GCC_541\Debug\croutine.o
 .ARM.attributes
                0x00000131       0x33 .\CortexM3\ARM_GCC_541\Debug\event_groups.o
 .ARM.attributes
                0x00000164       0x33 .\CortexM3\ARM_GCC_541\Debug\FreeRTOS_PSoC.o
 .ARM.attributes
                0x00000197       0x33 .\CortexM3\ARM_GCC_541\Debug\list.o
 .ARM.attributes
                0x000001ca       0x33 .\CortexM3\ARM_GCC_541\Debug\queue.o
 .ARM.attributes
                0x000001fd       0x33 .\CortexM3\ARM_GCC_541\Debug\stream_buffer.o
 .ARM.attributes
                0x00000230       0x33 .\CortexM3\ARM_GCC_541\Debug\tasks.o
 .ARM.attributes
                0x00000263       0x33 .\CortexM3\ARM_GCC_541\Debug\timers.o
 .ARM.attributes
                0x00000296       0x33 .\CortexM3\ARM_GCC_541\Debug\cyfitter_cfg.o
 .ARM.attributes
                0x000002c9       0x33 .\CortexM3\ARM_GCC_541\Debug\cymetadata.o
 .ARM.attributes
                0x000002fc       0x33 .\CortexM3\ARM_GCC_541\Debug\Cm3Start.o
 .ARM.attributes
                0x0000032f       0x33 .\CortexM3\ARM_GCC_541\Debug\RTOS_UART_Project_Psoc1_Copy_02.a(CyLib.o)
 .ARM.attributes
                0x00000362       0x33 .\CortexM3\ARM_GCC_541\Debug\RTOS_UART_Project_Psoc1_Copy_02.a(cyPm.o)
 .ARM.attributes
                0x00000395       0x33 .\CortexM3\ARM_GCC_541\Debug\RTOS_UART_Project_Psoc1_Copy_02.a(LCD.o)
 .ARM.attributes
                0x000003c8       0x33 .\CortexM3\ARM_GCC_541\Debug\RTOS_UART_Project_Psoc1_Copy_02.a(LED.o)
 .ARM.attributes
                0x000003fb       0x33 .\CortexM3\ARM_GCC_541\Debug\RTOS_UART_Project_Psoc1_Copy_02.a(Timer.o)
 .ARM.attributes
                0x0000042e       0x33 .\CortexM3\ARM_GCC_541\Debug\RTOS_UART_Project_Psoc1_Copy_02.a(Echo.o)
 .ARM.attributes
                0x00000461       0x33 .\CortexM3\ARM_GCC_541\Debug\RTOS_UART_Project_Psoc1_Copy_02.a(Trigger.o)
 .ARM.attributes
                0x00000494       0x33 .\CortexM3\ARM_GCC_541\Debug\RTOS_UART_Project_Psoc1_Copy_02.a(PWM_Servo.o)
 .ARM.attributes
                0x000004c7       0x33 .\CortexM3\ARM_GCC_541\Debug\RTOS_UART_Project_Psoc1_Copy_02.a(PWM_Music.o)
 .ARM.attributes
                0x000004fa       0x21 .\CortexM3\ARM_GCC_541\Debug\RTOS_UART_Project_Psoc1_Copy_02.a(CyBootAsmGnu.o)
 .ARM.attributes
                0x0000051b       0x33 .\CortexM3\ARM_GCC_541\Debug\RTOS_UART_Project_Psoc1_Copy_02.a(CyFlash.o)
 .ARM.attributes
                0x0000054e       0x33 .\CortexM3\ARM_GCC_541\Debug\RTOS_UART_Project_Psoc1_Copy_02.a(CySpc.o)
 .ARM.attributes
                0x00000581       0x1d c:/program files (x86)/cypress/psoc creator/4.2/psoc creator/import/gnu/arm/5.4.1/bin/../lib/gcc/arm-none-eabi/5.4.1/armv7-m\libgcc.a(_arm_addsubdf3.o)
 .ARM.attributes
                0x0000059e       0x1d c:/program files (x86)/cypress/psoc creator/4.2/psoc creator/import/gnu/arm/5.4.1/bin/../lib/gcc/arm-none-eabi/5.4.1/armv7-m\libgcc.a(_arm_muldivdf3.o)
 .ARM.attributes
                0x000005bb       0x1d c:/program files (x86)/cypress/psoc creator/4.2/psoc creator/import/gnu/arm/5.4.1/bin/../lib/gcc/arm-none-eabi/5.4.1/armv7-m\libgcc.a(_arm_fixdfsi.o)
 .ARM.attributes
                0x000005d8       0x2d c:/program files (x86)/cypress/psoc creator/4.2/psoc creator/import/gnu/arm/5.4.1/bin/../lib/gcc/arm-none-eabi/5.4.1/../../../../arm-none-eabi/lib/armv7-m\libg_nano.a(lib_a-errno.o)
 .ARM.attributes
                0x00000605       0x2d c:/program files (x86)/cypress/psoc creator/4.2/psoc creator/import/gnu/arm/5.4.1/bin/../lib/gcc/arm-none-eabi/5.4.1/../../../../arm-none-eabi/lib/armv7-m\libg_nano.a(lib_a-exit.o)
 .ARM.attributes
                0x00000632       0x2d c:/program files (x86)/cypress/psoc creator/4.2/psoc creator/import/gnu/arm/5.4.1/bin/../lib/gcc/arm-none-eabi/5.4.1/../../../../arm-none-eabi/lib/armv7-m\libg_nano.a(lib_a-impure.o)
 .ARM.attributes
                0x0000065f       0x2d c:/program files (x86)/cypress/psoc creator/4.2/psoc creator/import/gnu/arm/5.4.1/bin/../lib/gcc/arm-none-eabi/5.4.1/../../../../arm-none-eabi/lib/armv7-m\libg_nano.a(lib_a-init.o)
 .ARM.attributes
                0x0000068c       0x2d c:/program files (x86)/cypress/psoc creator/4.2/psoc creator/import/gnu/arm/5.4.1/bin/../lib/gcc/arm-none-eabi/5.4.1/../../../../arm-none-eabi/lib/armv7-m\libg_nano.a(lib_a-memcpy-stub.o)
 .ARM.attributes
                0x000006b9       0x2d c:/program files (x86)/cypress/psoc creator/4.2/psoc creator/import/gnu/arm/5.4.1/bin/../lib/gcc/arm-none-eabi/5.4.1/../../../../arm-none-eabi/lib/armv7-m\libg_nano.a(lib_a-memset.o)
 .ARM.attributes
                0x000006e6       0x2d c:/program files (x86)/cypress/psoc creator/4.2/psoc creator/import/gnu/arm/5.4.1/bin/../lib/gcc/arm-none-eabi/5.4.1/../../../../arm-none-eabi/lib/armv7-m\libg_nano.a(lib_a-sprintf.o)
 .ARM.attributes
                0x00000713       0x2d c:/program files (x86)/cypress/psoc creator/4.2/psoc creator/import/gnu/arm/5.4.1/bin/../lib/gcc/arm-none-eabi/5.4.1/../../../../arm-none-eabi/lib/armv7-m\libg_nano.a(lib_a-nano-svfprintf.o)
 .ARM.attributes
                0x00000740       0x2d c:/program files (x86)/cypress/psoc creator/4.2/psoc creator/import/gnu/arm/5.4.1/bin/../lib/gcc/arm-none-eabi/5.4.1/../../../../arm-none-eabi/lib/armv7-m\libg_nano.a(lib_a-nano-vfprintf_i.o)
 .ARM.attributes
                0x0000076d       0x2d c:/program files (x86)/cypress/psoc creator/4.2/psoc creator/import/gnu/arm/5.4.1/bin/../lib/gcc/arm-none-eabi/5.4.1/../../../../arm-none-eabi/lib/armv7-m\libg_nano.a(lib_a-memchr-stub.o)
 .ARM.attributes
                0x0000079a       0x2d c:/program files (x86)/cypress/psoc creator/4.2/psoc creator/import/gnu/arm/5.4.1/bin/../lib/gcc/arm-none-eabi/5.4.1/../../../../arm-none-eabi/lib/armv7-m\libg_nano.a(lib_a-memmove.o)
 .ARM.attributes
                0x000007c7       0x2d c:/program files (x86)/cypress/psoc creator/4.2/psoc creator/import/gnu/arm/5.4.1/bin/../lib/gcc/arm-none-eabi/5.4.1/../../../../arm-none-eabi/lib/armv7-m\libg_nano.a(lib_a-nano-freer.o)
 .ARM.attributes
                0x000007f4       0x2d c:/program files (x86)/cypress/psoc creator/4.2/psoc creator/import/gnu/arm/5.4.1/bin/../lib/gcc/arm-none-eabi/5.4.1/../../../../arm-none-eabi/lib/armv7-m\libg_nano.a(lib_a-nano-mallocr.o)
 .ARM.attributes
                0x00000821       0x2d c:/program files (x86)/cypress/psoc creator/4.2/psoc creator/import/gnu/arm/5.4.1/bin/../lib/gcc/arm-none-eabi/5.4.1/../../../../arm-none-eabi/lib/armv7-m\libg_nano.a(lib_a-nano-reallocr.o)
 .ARM.attributes
                0x0000084e       0x2d c:/program files (x86)/cypress/psoc creator/4.2/psoc creator/import/gnu/arm/5.4.1/bin/../lib/gcc/arm-none-eabi/5.4.1/../../../../arm-none-eabi/lib/armv7-m\libg_nano.a(lib_a-sbrkr.o)
 .ARM.attributes
                0x0000087b       0x2d c:/program files (x86)/cypress/psoc creator/4.2/psoc creator/import/gnu/arm/5.4.1/bin/../lib/gcc/arm-none-eabi/5.4.1/../../../../arm-none-eabi/lib/armv7-m\libg_nano.a(lib_a-mlock.o)
 .ARM.attributes
                0x000008a8       0x2d c:/program files (x86)/cypress/psoc creator/4.2/psoc creator/import/gnu/arm/5.4.1/bin/../lib/gcc/arm-none-eabi/5.4.1/../../../../arm-none-eabi/lib/armv7-m\libg_nano.a(lib_a-nano-msizer.o)
 .ARM.attributes
                0x000008d5       0x2d c:/program files (x86)/cypress/psoc creator/4.2/psoc creator/import/gnu/arm/5.4.1/bin/../lib/gcc/arm-none-eabi/5.4.1/../../../../arm-none-eabi/lib/armv7-m\libg_nano.a(lib_a-reent.o)
 .ARM.attributes
                0x00000902       0x2d c:/program files (x86)/cypress/psoc creator/4.2/psoc creator/import/gnu/arm/5.4.1/bin/../lib/gcc/arm-none-eabi/5.4.1/armv7-m/crtend.o
 .ARM.attributes
                0x0000092f       0x1d c:/program files (x86)/cypress/psoc creator/4.2/psoc creator/import/gnu/arm/5.4.1/bin/../lib/gcc/arm-none-eabi/5.4.1/armv7-m/crtn.o

/DISCARD/
 *(.note.GNU-stack)
OUTPUT(C:\Users\Tri94\Documents\PSoC Creator\EE4450\EE4450-Projects\RTOS_UART_Project_Psoc1_Copy_02.cydsn\CortexM3\ARM_GCC_541\Debug\RTOS_UART_Project_Psoc1_Copy_02.elf elf32-littlearm)
