Archive member included to satisfy reference by file (symbol)

.\CortexM3\ARM_GCC_541\Debug\RTOS_UART_StringMessage_Copy_01.a(CyLib.o)
                              .\CortexM3\ARM_GCC_541\Debug\Cm3Start.o (CyHalt)
.\CortexM3\ARM_GCC_541\Debug\RTOS_UART_StringMessage_Copy_01.a(cyPm.o)
                              .\CortexM3\ARM_GCC_541\Debug\RTOS_UART_StringMessage_Copy_01.a(CyLib.o) (CyPmReadStatus)
.\CortexM3\ARM_GCC_541\Debug\RTOS_UART_StringMessage_Copy_01.a(LED.o)
                              .\CortexM3\ARM_GCC_541\Debug\main.o (LED_Write)
.\CortexM3\ARM_GCC_541\Debug\RTOS_UART_StringMessage_Copy_01.a(ISR_UART.o)
                              .\CortexM3\ARM_GCC_541\Debug\main.o (ISR_UART_StartEx)
.\CortexM3\ARM_GCC_541\Debug\RTOS_UART_StringMessage_Copy_01.a(UART.o)
                              .\CortexM3\ARM_GCC_541\Debug\main.o (UART_Start)
.\CortexM3\ARM_GCC_541\Debug\RTOS_UART_StringMessage_Copy_01.a(UART_INT.o)
                              .\CortexM3\ARM_GCC_541\Debug\RTOS_UART_StringMessage_Copy_01.a(UART.o) (UART_RXISR)
.\CortexM3\ARM_GCC_541\Debug\RTOS_UART_StringMessage_Copy_01.a(UART_IntClock.o)
                              .\CortexM3\ARM_GCC_541\Debug\RTOS_UART_StringMessage_Copy_01.a(UART.o) (UART_IntClock_Start)
.\CortexM3\ARM_GCC_541\Debug\RTOS_UART_StringMessage_Copy_01.a(CyBootAsmGnu.o)
                              .\CortexM3\ARM_GCC_541\Debug\cyfitter_cfg.o (CyDelayCycles)
.\CortexM3\ARM_GCC_541\Debug\RTOS_UART_StringMessage_Copy_01.a(CyFlash.o)
                              .\CortexM3\ARM_GCC_541\Debug\RTOS_UART_StringMessage_Copy_01.a(cyPm.o) (CyFlash_SetWaitCycles)
.\CortexM3\ARM_GCC_541\Debug\RTOS_UART_StringMessage_Copy_01.a(CySpc.o)
                              .\CortexM3\ARM_GCC_541\Debug\RTOS_UART_StringMessage_Copy_01.a(CyFlash.o) (CySpcStart)
c:/program files (x86)/cypress/psoc creator/4.2/psoc creator/import/gnu/arm/5.4.1/bin/../lib/gcc/arm-none-eabi/5.4.1/../../../../arm-none-eabi/lib/armv7-m\libg_nano.a(lib_a-atoi.o)
                              .\CortexM3\ARM_GCC_541\Debug\main.o (atoi)
c:/program files (x86)/cypress/psoc creator/4.2/psoc creator/import/gnu/arm/5.4.1/bin/../lib/gcc/arm-none-eabi/5.4.1/../../../../arm-none-eabi/lib/armv7-m\libg_nano.a(lib_a-errno.o)
                              .\CortexM3\ARM_GCC_541\Debug\Cm3Start.o (__errno)
c:/program files (x86)/cypress/psoc creator/4.2/psoc creator/import/gnu/arm/5.4.1/bin/../lib/gcc/arm-none-eabi/5.4.1/../../../../arm-none-eabi/lib/armv7-m\libg_nano.a(lib_a-exit.o)
                              c:/program files (x86)/cypress/psoc creator/4.2/psoc creator/import/gnu/arm/5.4.1/bin/../lib/gcc/arm-none-eabi/5.4.1/../../../../arm-none-eabi/lib/armv7-m/crt0.o (exit)
c:/program files (x86)/cypress/psoc creator/4.2/psoc creator/import/gnu/arm/5.4.1/bin/../lib/gcc/arm-none-eabi/5.4.1/../../../../arm-none-eabi/lib/armv7-m\libg_nano.a(lib_a-impure.o)
                              c:/program files (x86)/cypress/psoc creator/4.2/psoc creator/import/gnu/arm/5.4.1/bin/../lib/gcc/arm-none-eabi/5.4.1/../../../../arm-none-eabi/lib/armv7-m\libg_nano.a(lib_a-exit.o) (_global_impure_ptr)
c:/program files (x86)/cypress/psoc creator/4.2/psoc creator/import/gnu/arm/5.4.1/bin/../lib/gcc/arm-none-eabi/5.4.1/../../../../arm-none-eabi/lib/armv7-m\libg_nano.a(lib_a-init.o)
                              c:/program files (x86)/cypress/psoc creator/4.2/psoc creator/import/gnu/arm/5.4.1/bin/../lib/gcc/arm-none-eabi/5.4.1/../../../../arm-none-eabi/lib/armv7-m/crt0.o (__libc_init_array)
c:/program files (x86)/cypress/psoc creator/4.2/psoc creator/import/gnu/arm/5.4.1/bin/../lib/gcc/arm-none-eabi/5.4.1/../../../../arm-none-eabi/lib/armv7-m\libg_nano.a(lib_a-memcpy-stub.o)
                              .\CortexM3\ARM_GCC_541\Debug\queue.o (memcpy)
c:/program files (x86)/cypress/psoc creator/4.2/psoc creator/import/gnu/arm/5.4.1/bin/../lib/gcc/arm-none-eabi/5.4.1/../../../../arm-none-eabi/lib/armv7-m\libg_nano.a(lib_a-memset.o)
                              c:/program files (x86)/cypress/psoc creator/4.2/psoc creator/import/gnu/arm/5.4.1/bin/../lib/gcc/arm-none-eabi/5.4.1/../../../../arm-none-eabi/lib/armv7-m/crt0.o (memset)
c:/program files (x86)/cypress/psoc creator/4.2/psoc creator/import/gnu/arm/5.4.1/bin/../lib/gcc/arm-none-eabi/5.4.1/../../../../arm-none-eabi/lib/armv7-m\libg_nano.a(lib_a-strcmp.o)
                              .\CortexM3\ARM_GCC_541\Debug\main.o (strcmp)
c:/program files (x86)/cypress/psoc creator/4.2/psoc creator/import/gnu/arm/5.4.1/bin/../lib/gcc/arm-none-eabi/5.4.1/../../../../arm-none-eabi/lib/armv7-m\libg_nano.a(lib_a-strcpy.o)
                              .\CortexM3\ARM_GCC_541\Debug\main.o (strcpy)
c:/program files (x86)/cypress/psoc creator/4.2/psoc creator/import/gnu/arm/5.4.1/bin/../lib/gcc/arm-none-eabi/5.4.1/../../../../arm-none-eabi/lib/armv7-m\libg_nano.a(lib_a-strtok.o)
                              .\CortexM3\ARM_GCC_541\Debug\main.o (strtok)
[...]
Memory Configuration

Name             Origin             Length             Attributes
rom              0x00000000         0x00040000         xr
ram              0x1fff8000         0x00010000         xrw
*default*        0x00000000         0xffffffff

Linker script and memory map

LOAD c:/program files (x86)/cypress/psoc creator/4.2/psoc creator/import/gnu/arm/5.4.1/bin/../lib/gcc/arm-none-eabi/5.4.1/armv7-m/crti.o
LOAD c:/program files (x86)/cypress/psoc creator/4.2/psoc creator/import/gnu/arm/5.4.1/bin/../lib/gcc/arm-none-eabi/5.4.1/armv7-m/crtbegin.o
LOAD c:/program files (x86)/cypress/psoc creator/4.2/psoc creator/import/gnu/arm/5.4.1/bin/../lib/gcc/arm-none-eabi/5.4.1/../../../../arm-none-eabi/lib/armv7-m/crt0.o
START GROUP
LOAD .\CortexM3\ARM_GCC_541\Debug\main.o
LOAD .\CortexM3\ARM_GCC_541\Debug\heap_1.o
LOAD .\CortexM3\ARM_GCC_541\Debug\port.o
LOAD .\CortexM3\ARM_GCC_541\Debug\croutine.o
LOAD .\CortexM3\ARM_GCC_541\Debug\event_groups.o
LOAD .\CortexM3\ARM_GCC_541\Debug\FreeRTOS_PSoC.o
LOAD .\CortexM3\ARM_GCC_541\Debug\list.o
LOAD .\CortexM3\ARM_GCC_541\Debug\queue.o
LOAD .\CortexM3\ARM_GCC_541\Debug\stream_buffer.o
LOAD .\CortexM3\ARM_GCC_541\Debug\tasks.o
LOAD .\CortexM3\ARM_GCC_541\Debug\timers.o
LOAD .\CortexM3\ARM_GCC_541\Debug\cyfitter_cfg.o
LOAD .\CortexM3\ARM_GCC_541\Debug\cymetadata.o
LOAD .\CortexM3\ARM_GCC_541\Debug\Cm3Start.o
LOAD .\CortexM3\ARM_GCC_541\Debug\RTOS_UART_StringMessage_Copy_01.a
LOAD C:\Program Files (x86)\Cypress\PSoC Creator\4.2\PSoC Creator\psoc\content\cycomponentlibrary\CyComponentLibrary.cylib\CortexM3\ARM_GCC_541\Debug\CyComponentLibrary.a
END GROUP
START GROUP
LOAD c:/program files (x86)/cypress/psoc creator/4.2/psoc creator/import/gnu/arm/5.4.1/bin/../lib/gcc/arm-none-eabi/5.4.1/armv7-m\libgcc.a
LOAD c:/program files (x86)/cypress/psoc creator/4.2/psoc creator/import/gnu/arm/5.4.1/bin/../lib/gcc/arm-none-eabi/5.4.1/../../../../arm-none-eabi/lib/armv7-m\libg_nano.a
LOAD c:/program files (x86)/cypress/psoc creator/4.2/psoc creator/import/gnu/arm/5.4.1/bin/../lib/gcc/arm-none-eabi/5.4.1/../../../../arm-none-eabi/lib/armv7-m\libc_nano.a
END GROUP
START GROUP
LOAD c:/program files (x86)/cypress/psoc creator/4.2/psoc creator/import/gnu/arm/5.4.1/bin/../lib/gcc/arm-none-eabi/5.4.1/armv7-m\libgcc.a
LOAD c:/program files (x86)/cypress/psoc creator/4.2/psoc creator/import/gnu/arm/5.4.1/bin/../lib/gcc/arm-none-eabi/5.4.1/../../../../arm-none-eabi/lib/armv7-m\libc_nano.a
END GROUP
LOAD c:/program files (x86)/cypress/psoc creator/4.2/psoc creator/import/gnu/arm/5.4.1/bin/../lib/gcc/arm-none-eabi/5.4.1/armv7-m/crtend.o
LOAD c:/program files (x86)/cypress/psoc creator/4.2/psoc creator/import/gnu/arm/5.4.1/bin/../lib/gcc/arm-none-eabi/5.4.1/armv7-m/crtn.o
START GROUP
LOAD c:/program files (x86)/cypress/psoc creator/4.2/psoc creator/import/gnu/arm/5.4.1/bin/../lib/gcc/arm-none-eabi/5.4.1/armv7-m\libgcc.a
LOAD c:/program files (x86)/cypress/psoc creator/4.2/psoc creator/import/gnu/arm/5.4.1/bin/../lib/gcc/arm-none-eabi/5.4.1/../../../../arm-none-eabi/lib/armv7-m\libc.a
LOAD c:/program files (x86)/cypress/psoc creator/4.2/psoc creator/import/gnu/arm/5.4.1/bin/../lib/gcc/arm-none-eabi/5.4.1/../../../../arm-none-eabi/lib/armv7-m\libnosys.a
END GROUP
                0x00000000                CY_APPL_ORIGIN = 0x0
                0x00000100                CY_FLASH_ROW_SIZE = 0x100
                0x00000020                CY_ECC_ROW_SIZE = 0x20
                0x00000000                CY_EE_IN_BTLDR = 0x0
                0x00000000                CY_APPL_LOADABLE = 0x0
                0x00000800                CY_EE_SIZE = 0x800
                0x00000001                CY_APPL_NUM = 0x1
                0x00000001                CY_APPL_MAX = 0x1
                0x00000040                CY_METADATA_SIZE = 0x40
                0x00000000                CY_APPL_LOADABLE = 0x0
                0x00000000                CY_CHECKSUM_EXCLUDE_SIZE = ALIGN (0x0, CY_FLASH_ROW_SIZE)
                [!provide]                PROVIDE (__cy_heap_start, _end)
                0x00000001                PROVIDE (__cy_region_num, ((__cy_regions_end - __cy_regions) / 0x10))
                0x20008000                PROVIDE (__cy_stack, (ORIGIN (ram) + LENGTH (ram)))
                [!provide]                PROVIDE (__cy_heap_end, (__cy_stack - 0x800))

.cybootloader   0x00000000        0x0
 *(.cybootloader)
                0x00000000                appl1_start = CY_APPL_ORIGIN?CY_APPL_ORIGIN:ALIGN (CY_FLASH_ROW_SIZE)
                0x0001ff00                appl2_start = (appl1_start + ALIGN ((((LENGTH (rom) - appl1_start) - (0x2 * CY_FLASH_ROW_SIZE)) / 0x2), CY_FLASH_ROW_SIZE))
                0x00000000                appl_start = (CY_APPL_NUM == 0x1)?appl1_start:appl2_start
                0x00000000                ecc_offset = ((appl_start / CY_FLASH_ROW_SIZE) * CY_ECC_ROW_SIZE)
                0x00000000                ee_offset = (CY_APPL_LOADABLE && ! (CY_EE_IN_BTLDR))?((CY_EE_SIZE / CY_APPL_MAX) * (CY_APPL_NUM - 0x1)):0x0
                0x00000800                ee_size = (CY_APPL_LOADABLE && ! (CY_EE_IN_BTLDR))?(CY_EE_SIZE / CY_APPL_MAX):CY_EE_SIZE
                [!provide]                PROVIDE (CY_ECC_OFFSET, ecc_offset)

.text           0x00000000     0x1ad0
 CREATE_OBJECT_SYMBOLS
                0x00000000                PROVIDE (__cy_interrupt_vector, RomVectors)
 *(.romvectors)
 .romvectors    0x00000000       0x10 .\CortexM3\ARM_GCC_541\Debug\Cm3Start.o
                0x00000000                RomVectors
                0x00000001                ASSERT ((. != __cy_interrupt_vector), No interrupt vector)
                0x00000001                ASSERT (CY_APPL_ORIGIN?(SIZEOF (.cybootloader) <= CY_APPL_ORIGIN):0x1, Wrong image location)
                0x00000010                PROVIDE (__cy_reset, Reset)
 *(.text.Reset)
 .text.Reset    0x00000010       0x18 .\CortexM3\ARM_GCC_541\Debug\Cm3Start.o
                0x00000010                Reset
                0x00000001                ASSERT ((. != __cy_reset), No reset code)
 *(.dma_init)
                0x00000001                ASSERT ((((appl_start + .) <= 0x10000) || 0x1), DMA Init must be within the first 64k of flash)
 *(.text .text.* .gnu.linkonce.t.*)
 .text          0x00000028       0x5c c:/program files (x86)/cypress/psoc creator/4.2/psoc creator/import/gnu/arm/5.4.1/bin/../lib/gcc/arm-none-eabi/5.4.1/armv7-m/crtbegin.o
 .text.myISR_UART
                0x00000084       0x74 .\CortexM3\ARM_GCC_541\Debug\main.o
                0x00000084                myISR_UART
 .text.vUARTTask1
                0x000000f8       0xa0 .\CortexM3\ARM_GCC_541\Debug\main.o
                0x000000f8                vUARTTask1
 .text.myPSoCSetup
                0x00000198       0x14 .\CortexM3\ARM_GCC_541\Debug\main.o
                0x00000198                myPSoCSetup
 .text.main     0x000001ac       0x4c .\CortexM3\ARM_GCC_541\Debug\main.o
                0x000001ac                main
 .text.pvPortMalloc
                0x000001f8       0x60 .\CortexM3\ARM_GCC_541\Debug\heap_1.o
                0x000001f8                pvPortMalloc
 .text.vPortFree
                0x00000258        0x4 .\CortexM3\ARM_GCC_541\Debug\heap_1.o
                0x00000258                vPortFree
 .text.prvTaskExitError
                0x0000025c       0x20 .\CortexM3\ARM_GCC_541\Debug\port.o
 .text.prvPortStartFirstTask
                0x0000027c       0x20 .\CortexM3\ARM_GCC_541\Debug\port.o
 .text.pxPortInitialiseStack
                0x0000029c       0x24 .\CortexM3\ARM_GCC_541\Debug\port.o
                0x0000029c                pxPortInitialiseStack
 .text.vPortSVCHandler
                0x000002c0       0x24 .\CortexM3\ARM_GCC_541\Debug\port.o
                0x000002c0                vPortSVCHandler
 .text.vPortEnterCritical
                0x000002e4       0x20 .\CortexM3\ARM_GCC_541\Debug\port.o
                0x000002e4                vPortEnterCritical
 .text.vPortExitCritical
                0x00000304       0x14 .\CortexM3\ARM_GCC_541\Debug\port.o
                0x00000304                vPortExitCritical
 *fill*         0x00000318        0x8 
 .text.xPortPendSVHandler
                0x00000320       0x44 .\CortexM3\ARM_GCC_541\Debug\port.o
                0x00000320                xPortPendSVHandler
 .text.xPortSysTickHandler
                0x00000364       0x2c .\CortexM3\ARM_GCC_541\Debug\port.o
                0x00000364                xPortSysTickHandler
 .text.vPortSetupTimerInterrupt
                0x00000390       0x24 .\CortexM3\ARM_GCC_541\Debug\port.o
                0x00000390                vPortSetupTimerInterrupt
 .text.xPortStartScheduler
                0x000003b4       0x38 .\CortexM3\ARM_GCC_541\Debug\port.o
                0x000003b4                xPortStartScheduler
 .text.FreeRTOS_Init
                0x000003ec       0x20 .\CortexM3\ARM_GCC_541\Debug\FreeRTOS_PSoC.o
                0x000003ec                FreeRTOS_Init
 .text.vListInitialise
                0x0000040c       0x18 .\CortexM3\ARM_GCC_541\Debug\list.o
                0x0000040c                vListInitialise
 .text.vListInitialiseItem
                0x00000424        0x8 .\CortexM3\ARM_GCC_541\Debug\list.o
                0x00000424                vListInitialiseItem
 .text.vListInsertEnd
                0x0000042c       0x18 .\CortexM3\ARM_GCC_541\Debug\list.o
                0x0000042c                vListInsertEnd
 .text.vListInsert
                0x00000444       0x34 .\CortexM3\ARM_GCC_541\Debug\list.o
                0x00000444                vListInsert
 .text.uxListRemove
                0x00000478       0x28 .\CortexM3\ARM_GCC_541\Debug\list.o
                0x00000478                uxListRemove
 .text.prvBytesInBuffer
                0x000004a0       0x14 .\CortexM3\ARM_GCC_541\Debug\stream_buffer.o
 .text.prvInitialiseNewStreamBuffer
                0x000004b4       0x28 .\CortexM3\ARM_GCC_541\Debug\stream_buffer.o
 .text.prvWriteBytesToBuffer
                0x000004dc       0x44 .\CortexM3\ARM_GCC_541\Debug\stream_buffer.o
 .text.prvWriteMessageToBuffer
                0x00000520       0x54 .\CortexM3\ARM_GCC_541\Debug\stream_buffer.o
 .text.prvReadBytesFromBuffer
                0x00000574       0x4c .\CortexM3\ARM_GCC_541\Debug\stream_buffer.o
 .text.prvReadMessageFromBuffer
                0x000005c0       0x44 .\CortexM3\ARM_GCC_541\Debug\stream_buffer.o
 .text.xStreamBufferGenericCreate
                0x00000604       0x2c .\CortexM3\ARM_GCC_541\Debug\stream_buffer.o
                0x00000604                xStreamBufferGenericCreate
 .text.xStreamBufferSpacesAvailable
                0x00000630       0x14 .\CortexM3\ARM_GCC_541\Debug\stream_buffer.o
                0x00000630                xStreamBufferSpacesAvailable
 .text.xStreamBufferSendFromISR
                0x00000644       0x78 .\CortexM3\ARM_GCC_541\Debug\stream_buffer.o
                0x00000644                xStreamBufferSendFromISR
 .text.xStreamBufferReceive
                0x000006bc       0xa4 .\CortexM3\ARM_GCC_541\Debug\stream_buffer.o
                0x000006bc                xStreamBufferReceive
 .text.xStreamBufferIsEmpty
                0x00000760       0x10 .\CortexM3\ARM_GCC_541\Debug\stream_buffer.o
                0x00000760                xStreamBufferIsEmpty
 .text.prvResetNextTaskUnblockTime
                0x00000770       0x2c .\CortexM3\ARM_GCC_541\Debug\tasks.o
 .text.prvDeleteTCB
                0x0000079c       0x14 .\CortexM3\ARM_GCC_541\Debug\tasks.o
 .text.prvInitialiseNewTask
                0x000007b0       0x90 .\CortexM3\ARM_GCC_541\Debug\tasks.o
 .text.prvInitialiseTaskLists
                0x00000840       0x58 .\CortexM3\ARM_GCC_541\Debug\tasks.o
 .text.prvAddNewTaskToReadyList
                0x00000898       0xac .\CortexM3\ARM_GCC_541\Debug\tasks.o
 .text.prvCheckTasksWaitingTermination
                0x00000944       0x44 .\CortexM3\ARM_GCC_541\Debug\tasks.o
 .text.prvIdleTask
                0x00000988        0x8 .\CortexM3\ARM_GCC_541\Debug\tasks.o
 .text.prvAddCurrentTaskToDelayedList
                0x00000990       0x84 .\CortexM3\ARM_GCC_541\Debug\tasks.o
 .text.xTaskCreate
                0x00000a14       0x64 .\CortexM3\ARM_GCC_541\Debug\tasks.o
                0x00000a14                xTaskCreate
 .text.vTaskStartScheduler
                0x00000a78       0x58 .\CortexM3\ARM_GCC_541\Debug\tasks.o
                0x00000a78                vTaskStartScheduler
 .text.vTaskSuspendAll
                0x00000ad0       0x14 .\CortexM3\ARM_GCC_541\Debug\tasks.o
                0x00000ad0                vTaskSuspendAll
 .text.xTaskIncrementTick
                0x00000ae4      0x108 .\CortexM3\ARM_GCC_541\Debug\tasks.o
                0x00000ae4                xTaskIncrementTick
 .text.xTaskResumeAll
                0x00000bec       0xd8 .\CortexM3\ARM_GCC_541\Debug\tasks.o
                0x00000bec                xTaskResumeAll
 .text.vTaskDelay
                0x00000cc4       0x34 .\CortexM3\ARM_GCC_541\Debug\tasks.o
                0x00000cc4                vTaskDelay
 .text.vTaskSwitchContext
                0x00000cf8       0x70 .\CortexM3\ARM_GCC_541\Debug\tasks.o
                0x00000cf8                vTaskSwitchContext
 .text.xTaskGetCurrentTaskHandle
                0x00000d68        0xc .\CortexM3\ARM_GCC_541\Debug\tasks.o
                0x00000d68                xTaskGetCurrentTaskHandle
 .text.xTaskNotifyWait
                0x00000d74       0xa4 .\CortexM3\ARM_GCC_541\Debug\tasks.o
                0x00000d74                xTaskNotifyWait
 .text.xTaskGenericNotify
                0x00000e18       0xb8 .\CortexM3\ARM_GCC_541\Debug\tasks.o
                0x00000e18                xTaskGenericNotify
 .text.xTaskGenericNotifyFromISR
                0x00000ed0       0xd8 .\CortexM3\ARM_GCC_541\Debug\tasks.o
                0x00000ed0                xTaskGenericNotifyFromISR
 .text.xTaskNotifyStateClear
                0x00000fa8       0x34 .\CortexM3\ARM_GCC_541\Debug\tasks.o
                0x00000fa8                xTaskNotifyStateClear
 .text.CyClockStartupError
                0x00000fdc        0x4 .\CortexM3\ARM_GCC_541\Debug\cyfitter_cfg.o
 .text.cfg_write_bytes32
                0x00000fe0       0x34 .\CortexM3\ARM_GCC_541\Debug\cyfitter_cfg.o
 .text.AnalogSetDefault
                0x00001014       0x28 .\CortexM3\ARM_GCC_541\Debug\cyfitter_cfg.o
 .text.CYMEMZERO
                0x0000103c        0xc .\CortexM3\ARM_GCC_541\Debug\cyfitter_cfg.o
 .text.ClockSetup
                0x00001048       0xc8 .\CortexM3\ARM_GCC_541\Debug\cyfitter_cfg.o
 .text.CYCONFIGCPY
                0x00001110        0x8 .\CortexM3\ARM_GCC_541\Debug\cyfitter_cfg.o
 .text.cyfitter_cfg
                0x00001118       0xf0 .\CortexM3\ARM_GCC_541\Debug\cyfitter_cfg.o
                0x00001118                cyfitter_cfg
 .text.IntDefaultHandler
                0x00001208       0x10 .\CortexM3\ARM_GCC_541\Debug\Cm3Start.o
                0x00001208                IntDefaultHandler
 .text._sbrk    0x00001218       0x30 .\CortexM3\ARM_GCC_541\Debug\Cm3Start.o
                0x00001218                _sbrk
 .text.Start_c  0x00001248       0x4c .\CortexM3\ARM_GCC_541\Debug\Cm3Start.o
                0x00001248                Start_c
 .text.initialize_psoc
                0x00001294       0x68 .\CortexM3\ARM_GCC_541\Debug\Cm3Start.o
                0x00001294                initialize_psoc
 .text.CyHalt   0x000012fc        0x4 .\CortexM3\ARM_GCC_541\Debug\RTOS_UART_StringMessage_Copy_01.a(CyLib.o)
                0x000012fc                CyHalt
 .text.CyIntSetVector
                0x00001300       0x28 .\CortexM3\ARM_GCC_541\Debug\RTOS_UART_StringMessage_Copy_01.a(CyLib.o)
                0x00001300                CyIntSetVector
 .text.CyIntSetPriority
                0x00001328       0x30 .\CortexM3\ARM_GCC_541\Debug\RTOS_UART_StringMessage_Copy_01.a(CyLib.o)
                0x00001328                CyIntSetPriority
 .text.LED_Write
                0x00001358       0x18 .\CortexM3\ARM_GCC_541\Debug\RTOS_UART_StringMessage_Copy_01.a(LED.o)
                0x00001358                LED_Write
 .text.ISR_UART_SetVector
                0x00001370        0xc .\CortexM3\ARM_GCC_541\Debug\RTOS_UART_StringMessage_Copy_01.a(ISR_UART.o)
                0x00001370                ISR_UART_SetVector
 .text.ISR_UART_SetPriority
                0x0000137c       0x10 .\CortexM3\ARM_GCC_541\Debug\RTOS_UART_StringMessage_Copy_01.a(ISR_UART.o)
                0x0000137c                ISR_UART_SetPriority
 .text.ISR_UART_Enable
                0x0000138c        0xc .\CortexM3\ARM_GCC_541\Debug\RTOS_UART_StringMessage_Copy_01.a(ISR_UART.o)
                0x0000138c                ISR_UART_Enable
 .text.ISR_UART_Disable
                0x00001398        0xc .\CortexM3\ARM_GCC_541\Debug\RTOS_UART_StringMessage_Copy_01.a(ISR_UART.o)
                0x00001398                ISR_UART_Disable
 .text.ISR_UART_StartEx
                0x000013a4       0x1c .\CortexM3\ARM_GCC_541\Debug\RTOS_UART_StringMessage_Copy_01.a(ISR_UART.o)
                0x000013a4                ISR_UART_StartEx
 .text.UART_Init
                0x000013c0       0x60 .\CortexM3\ARM_GCC_541\Debug\RTOS_UART_StringMessage_Copy_01.a(UART.o)
                0x000013c0                UART_Init
 .text.UART_Enable
                0x00001420       0x54 .\CortexM3\ARM_GCC_541\Debug\RTOS_UART_StringMessage_Copy_01.a(UART.o)
                0x00001420                UART_Enable
 .text.UART_Start
                0x00001474       0x1c .\CortexM3\ARM_GCC_541\Debug\RTOS_UART_StringMessage_Copy_01.a(UART.o)
                0x00001474                UART_Start
 .text.UART_ReadRxStatus
                0x00001490       0x28 .\CortexM3\ARM_GCC_541\Debug\RTOS_UART_StringMessage_Copy_01.a(UART.o)
                0x00001490                UART_ReadRxStatus
 .text.UART_GetChar
                0x000014b8       0x80 .\CortexM3\ARM_GCC_541\Debug\RTOS_UART_StringMessage_Copy_01.a(UART.o)
                0x000014b8                UART_GetChar
 .text.UART_GetRxBufferSize
                0x00001538       0x60 .\CortexM3\ARM_GCC_541\Debug\RTOS_UART_StringMessage_Copy_01.a(UART.o)
                0x00001538                UART_GetRxBufferSize
 .text.UART_PutChar
                0x00001598       0x70 .\CortexM3\ARM_GCC_541\Debug\RTOS_UART_StringMessage_Copy_01.a(UART.o)
                0x00001598                UART_PutChar
 .text.UART_PutString
                0x00001608       0x24 .\CortexM3\ARM_GCC_541\Debug\RTOS_UART_StringMessage_Copy_01.a(UART.o)
                0x00001608                UART_PutString
 .text.UART_RXISR
                0x0000162c       0x98 .\CortexM3\ARM_GCC_541\Debug\RTOS_UART_StringMessage_Copy_01.a(UART_INT.o)
                0x0000162c                UART_RXISR
 .text.UART_TXISR
                0x000016c4       0x58 .\CortexM3\ARM_GCC_541\Debug\RTOS_UART_StringMessage_Copy_01.a(UART_INT.o)
                0x000016c4                UART_TXISR
 .text.UART_IntClock_Start
                0x0000171c       0x1c .\CortexM3\ARM_GCC_541\Debug\RTOS_UART_StringMessage_Copy_01.a(UART_IntClock.o)
                0x0000171c                UART_IntClock_Start
 .text          0x00001738       0x20 .\CortexM3\ARM_GCC_541\Debug\RTOS_UART_StringMessage_Copy_01.a(CyBootAsmGnu.o)
                0x00001738                CyDelayCycles
                0x00001748                CyEnterCriticalSection
                0x00001750                CyExitCriticalSection
 .text.atoi     0x00001758        0x8 c:/program files (x86)/cypress/psoc creator/4.2/psoc creator/import/gnu/arm/5.4.1/bin/../lib/gcc/arm-none-eabi/5.4.1/../../../../arm-none-eabi/lib/armv7-m\libg_nano.a(lib_a-atoi.o)
                0x00001758                atoi
 .text.__errno  0x00001760        0xc c:/program files (x86)/cypress/psoc creator/4.2/psoc creator/import/gnu/arm/5.4.1/bin/../lib/gcc/arm-none-eabi/5.4.1/../../../../arm-none-eabi/lib/armv7-m\libg_nano.a(lib_a-errno.o)
                0x00001760                __errno
 .text.__libc_init_array
                0x0000176c       0x4c c:/program files (x86)/cypress/psoc creator/4.2/psoc creator/import/gnu/arm/5.4.1/bin/../lib/gcc/arm-none-eabi/5.4.1/../../../../arm-none-eabi/lib/armv7-m\libg_nano.a(lib_a-init.o)
                0x0000176c                __libc_init_array
 .text.memcpy   0x000017b8       0x16 c:/program files (x86)/cypress/psoc creator/4.2/psoc creator/import/gnu/arm/5.4.1/bin/../lib/gcc/arm-none-eabi/5.4.1/../../../../arm-none-eabi/lib/armv7-m\libg_nano.a(lib_a-memcpy-stub.o)
                0x000017b8                memcpy
 .text.memset   0x000017ce       0x10 c:/program files (x86)/cypress/psoc creator/4.2/psoc creator/import/gnu/arm/5.4.1/bin/../lib/gcc/arm-none-eabi/5.4.1/../../../../arm-none-eabi/lib/armv7-m\libg_nano.a(lib_a-memset.o)
                0x000017ce                memset
 .text          0x000017de       0x14 c:/program files (x86)/cypress/psoc creator/4.2/psoc creator/import/gnu/arm/5.4.1/bin/../lib/gcc/arm-none-eabi/5.4.1/../../../../arm-none-eabi/lib/armv7-m\libg_nano.a(lib_a-strcmp.o)
                0x000017de                strcmp
 .text.strcpy   0x000017f2       0x10 c:/program files (x86)/cypress/psoc creator/4.2/psoc creator/import/gnu/arm/5.4.1/bin/../lib/gcc/arm-none-eabi/5.4.1/../../../../arm-none-eabi/lib/armv7-m\libg_nano.a(lib_a-strcpy.o)
                0x000017f2                strcpy
 *fill*         0x00001802        0x2 
 .text.strtok   0x00001804       0x64 c:/program files (x86)/cypress/psoc creator/4.2/psoc creator/import/gnu/arm/5.4.1/bin/../lib/gcc/arm-none-eabi/5.4.1/../../../../arm-none-eabi/lib/armv7-m\libg_nano.a(lib_a-strtok.o)
                0x00001804                strtok
 .text.__strtok_r
                0x00001868       0x56 c:/program files (x86)/cypress/psoc creator/4.2/psoc creator/import/gnu/arm/5.4.1/bin/../lib/gcc/arm-none-eabi/5.4.1/../../../../arm-none-eabi/lib/armv7-m\libg_nano.a(lib_a-strtok_r.o)
                0x00001868                __strtok_r
 *fill*         0x000018be        0x2 
 .text._strtol_r
                0x000018c0      0x10c c:/program files (x86)/cypress/psoc creator/4.2/psoc creator/import/gnu/arm/5.4.1/bin/../lib/gcc/arm-none-eabi/5.4.1/../../../../arm-none-eabi/lib/armv7-m\libg_nano.a(lib_a-strtol.o)
                0x000018c0                _strtol_r
 .text.strtol   0x000019cc       0x14 c:/program files (x86)/cypress/psoc creator/4.2/psoc creator/import/gnu/arm/5.4.1/bin/../lib/gcc/arm-none-eabi/5.4.1/../../../../arm-none-eabi/lib/armv7-m\libg_nano.a(lib_a-strtol.o)
                0x000019cc                strtol
 .text.malloc   0x000019e0       0x10 c:/program files (x86)/cypress/psoc creator/4.2/psoc creator/import/gnu/arm/5.4.1/bin/../lib/gcc/arm-none-eabi/5.4.1/../../../../arm-none-eabi/lib/armv7-m\libg_nano.a(lib_a-malloc.o)
                0x000019e0                malloc
 .text._malloc_r
                0x000019f0       0xbc c:/program files (x86)/cypress/psoc creator/4.2/psoc creator/import/gnu/arm/5.4.1/bin/../lib/gcc/arm-none-eabi/5.4.1/../../../../arm-none-eabi/lib/armv7-m\libg_nano.a(lib_a-nano-mallocr.o)
                0x000019f0                _malloc_r
 .text._sbrk_r  0x00001aac       0x20 c:/program files (x86)/cypress/psoc creator/4.2/psoc creator/import/gnu/arm/5.4.1/bin/../lib/gcc/arm-none-eabi/5.4.1/../../../../arm-none-eabi/lib/armv7-m\libg_nano.a(lib_a-sbrkr.o)
                0x00001aac                _sbrk_r
 .text.__malloc_lock
                0x00001acc        0x2 c:/program files (x86)/cypress/psoc creator/4.2/psoc creator/import/gnu/arm/5.4.1/bin/../lib/gcc/arm-none-eabi/5.4.1/../../../../arm-none-eabi/lib/armv7-m\libg_nano.a(lib_a-mlock.o)
                0x00001acc                __malloc_lock
 .text.__malloc_unlock
                0x00001ace        0x2 c:/program files (x86)/cypress/psoc creator/4.2/psoc creator/import/gnu/arm/5.4.1/bin/../lib/gcc/arm-none-eabi/5.4.1/../../../../arm-none-eabi/lib/armv7-m\libg_nano.a(lib_a-mlock.o)
                0x00001ace                __malloc_unlock
 *(.plt)
 *(.gnu.warning)
 *(.glue_7t)
 .glue_7t       0x00001ad0        0x0 linker stubs
 *(.glue_7)
 .glue_7        0x00001ad0        0x0 linker stubs
 *(.vfp11_veneer)
 .vfp11_veneer  0x00001ad0        0x0 linker stubs
 *(.bootloader)
 *(.ARM.extab* .gnu.linkonce.armextab.*)
 *(.gcc_except_table)

.v4_bx          0x00001ad0        0x0
 .v4_bx         0x00001ad0        0x0 linker stubs

.iplt           0x00001ad0        0x0
 .iplt          0x00001ad0        0x0 c:/program files (x86)/cypress/psoc creator/4.2/psoc creator/import/gnu/arm/5.4.1/bin/../lib/gcc/arm-none-eabi/5.4.1/armv7-m/crtbegin.o

.eh_frame_hdr
 *(.eh_frame_hdr)

.eh_frame       0x00001ad0        0x4
 *(.eh_frame)
 .eh_frame      0x00001ad0        0x0 c:/program files (x86)/cypress/psoc creator/4.2/psoc creator/import/gnu/arm/5.4.1/bin/../lib/gcc/arm-none-eabi/5.4.1/armv7-m/crtbegin.o
 .eh_frame      0x00001ad0        0x4 c:/program files (x86)/cypress/psoc creator/4.2/psoc creator/import/gnu/arm/5.4.1/bin/../lib/gcc/arm-none-eabi/5.4.1/armv7-m/crtend.o
                [!provide]                PROVIDE (__exidx_start, .)

.ARM.exidx
 *(.ARM.exidx* .gnu.linkonce.armexidx.*)
                0x00001ad4                __exidx_end = .

.rodata         0x00001ad4      0x1c4
 *(.rodata .rodata.* .gnu.linkonce.r.*)
 .rodata.str1.4
                0x00001ad4       0x54 .\CortexM3\ARM_GCC_541\Debug\main.o
 .rodata.str1.4
                0x00001b28        0x8 .\CortexM3\ARM_GCC_541\Debug\tasks.o
                                  0x5 (size before relaxing)
 .rodata        0x00001b30       0x30 .\CortexM3\ARM_GCC_541\Debug\cyfitter_cfg.o
 .rodata.str1.1
                0x00001b60        0x2 c:/program files (x86)/cypress/psoc creator/4.2/psoc creator/import/gnu/arm/5.4.1/bin/../lib/gcc/arm-none-eabi/5.4.1/../../../../arm-none-eabi/lib/armv7-m\libg_nano.a(lib_a-impure.o)
 .rodata._ctype_
                0x00001b62      0x101 c:/program files (x86)/cypress/psoc creator/4.2/psoc creator/import/gnu/arm/5.4.1/bin/../lib/gcc/arm-none-eabi/5.4.1/../../../../arm-none-eabi/lib/armv7-m\libg_nano.a(lib_a-ctype_.o)
                0x00001b62                _ctype_
                0x00001c64                . = ALIGN (0x4)
 *fill*         0x00001c63        0x1 
 *(.init)
 .init          0x00001c64        0x4 c:/program files (x86)/cypress/psoc creator/4.2/psoc creator/import/gnu/arm/5.4.1/bin/../lib/gcc/arm-none-eabi/5.4.1/armv7-m/crti.o
                0x00001c64                _init
 .init          0x00001c68        0x8 c:/program files (x86)/cypress/psoc creator/4.2/psoc creator/import/gnu/arm/5.4.1/bin/../lib/gcc/arm-none-eabi/5.4.1/armv7-m/crtn.o
                0x00001c70                . = ALIGN (0x4)
                0x00001c70                __preinit_array_start = .
 *(.preinit_array)
                0x00001c70                __preinit_array_end = .
                0x00001c70                . = ALIGN (0x4)
                0x00001c70                __init_array_start = .
 *(SORT(.init_array.*))
 *(.init_array)
 .init_array    0x00001c70        0x4 c:/program files (x86)/cypress/psoc creator/4.2/psoc creator/import/gnu/arm/5.4.1/bin/../lib/gcc/arm-none-eabi/5.4.1/armv7-m/crtbegin.o
 .init_array    0x00001c74        0x4 .\CortexM3\ARM_GCC_541\Debug\Cm3Start.o
                0x00001c78                __init_array_end = .
                0x00001c78                . = ALIGN (0x4)
 *(.fini)
 .fini          0x00001c78        0x4 c:/program files (x86)/cypress/psoc creator/4.2/psoc creator/import/gnu/arm/5.4.1/bin/../lib/gcc/arm-none-eabi/5.4.1/armv7-m/crti.o
                0x00001c78                _fini
 .fini          0x00001c7c        0x8 c:/program files (x86)/cypress/psoc creator/4.2/psoc creator/import/gnu/arm/5.4.1/bin/../lib/gcc/arm-none-eabi/5.4.1/armv7-m/crtn.o
                0x00001c84                . = ALIGN (0x4)
                0x00001c84                __fini_array_start = .
 *(.fini_array)
 .fini_array    0x00001c84        0x4 c:/program files (x86)/cypress/psoc creator/4.2/psoc creator/import/gnu/arm/5.4.1/bin/../lib/gcc/arm-none-eabi/5.4.1/armv7-m/crtbegin.o
 *(SORT(.fini_array.*))
                0x00001c88                __fini_array_end = .
                0x00001c88                . = ALIGN (0x4)
 *crtbegin.o(.ctors)
 *(EXCLUDE_FILE(*crtend.o) .ctors)
 *(SORT(.ctors.*))
 *crtend.o(.ctors)
                0x00001c88                . = ALIGN (0x4)
 *crtbegin.o(.dtors)
 *(EXCLUDE_FILE(*crtend.o) .dtors)
 *(SORT(.dtors.*))
 *crtend.o(.dtors)
                0x00001c88                . = ALIGN (0x4)
                0x00001c88                __cy_regions = .
                0x00001c88        0x4 LONG 0x1c98 __cy_region_init_ram
                0x00001c8c        0x4 LONG 0x1fff80c8 __cy_region_start_data
                0x00001c90        0x4 LONG 0x78 __cy_region_init_size_ram
                0x00001c94        0x4 LONG 0x8180 __cy_region_zero_size_ram
                0x00001c98                __cy_regions_end = .
                0x00001c98                . = ALIGN (0x8)
                0x00001c98                _etext = .

.cy_checksum_exclude
                0x00001c98        0x0
 *(.cy_checksum_exclude)

.ramvectors     0x1fff8000       0xc0
                0x1fff8000                __cy_region_start_ram = .
 *(.ramvectors)
 .ramvectors    0x1fff8000       0xc0 .\CortexM3\ARM_GCC_541\Debug\Cm3Start.o
                0x1fff8000                CyRamVectors

.noinit         0x1fff80c0        0x1
 *(.noinit)
 .noinit        0x1fff80c0        0x1 .\CortexM3\ARM_GCC_541\Debug\RTOS_UART_StringMessage_Copy_01.a(CyLib.o)
                0x1fff80c0                CyResetStatus

.data           0x1fff80c8       0x78 load address 0x00001c98
                0x1fff80c8                __cy_region_start_data = .
 *(.jcr)
 .jcr           0x1fff80c8        0x0 c:/program files (x86)/cypress/psoc creator/4.2/psoc creator/import/gnu/arm/5.4.1/bin/../lib/gcc/arm-none-eabi/5.4.1/armv7-m/crtbegin.o
 .jcr           0x1fff80c8        0x4 c:/program files (x86)/cypress/psoc creator/4.2/psoc creator/import/gnu/arm/5.4.1/bin/../lib/gcc/arm-none-eabi/5.4.1/armv7-m/crtend.o
 *(.got.plt)
 *(.got)
 *(.shdata)
 *(.data .data.* .gnu.linkonce.d.*)
 .data          0x1fff80cc        0x4 .\CortexM3\ARM_GCC_541\Debug\port.o
 .data          0x1fff80d0        0x4 .\CortexM3\ARM_GCC_541\Debug\Cm3Start.o
 .data.impure_data
                0x1fff80d4       0x60 c:/program files (x86)/cypress/psoc creator/4.2/psoc creator/import/gnu/arm/5.4.1/bin/../lib/gcc/arm-none-eabi/5.4.1/../../../../arm-none-eabi/lib/armv7-m\libg_nano.a(lib_a-impure.o)
 .data._impure_ptr
                0x1fff8134        0x4 c:/program files (x86)/cypress/psoc creator/4.2/psoc creator/import/gnu/arm/5.4.1/bin/../lib/gcc/arm-none-eabi/5.4.1/../../../../arm-none-eabi/lib/armv7-m\libg_nano.a(lib_a-impure.o)
                0x1fff8134                _impure_ptr
 .data.__ctype_ptr__
                0x1fff8138        0x4 c:/program files (x86)/cypress/psoc creator/4.2/psoc creator/import/gnu/arm/5.4.1/bin/../lib/gcc/arm-none-eabi/5.4.1/../../../../arm-none-eabi/lib/armv7-m\libg_nano.a(lib_a-ctype_.o)
                0x1fff8138                __ctype_ptr__
                0x1fff8140                . = ALIGN (0x8)
 *fill*         0x1fff813c        0x4 
 *(.ram)
                0x1fff8140                _edata = .

.igot.plt       0x1fff8140        0x0 load address 0x00001d10
 .igot.plt      0x1fff8140        0x0 c:/program files (x86)/cypress/psoc creator/4.2/psoc creator/import/gnu/arm/5.4.1/bin/../lib/gcc/arm-none-eabi/5.4.1/armv7-m/crtbegin.o

.bss            0x1fff8140     0x8180 load address 0x00001d10
                0x1fff8140                PROVIDE (__bss_start__, .)
 *(.shbss)
 *(.bss .bss.* .gnu.linkonce.b.*)
 .bss           0x1fff8140       0x1c c:/program files (x86)/cypress/psoc creator/4.2/psoc creator/import/gnu/arm/5.4.1/bin/../lib/gcc/arm-none-eabi/5.4.1/armv7-m/crtbegin.o
 .bss           0x1fff815c       0x20 .\CortexM3\ARM_GCC_541\Debug\main.o
                0x1fff8178                xMessageBuffer
 .bss           0x1fff817c     0x8008 .\CortexM3\ARM_GCC_541\Debug\heap_1.o
 .bss           0x20000184      0x104 .\CortexM3\ARM_GCC_541\Debug\tasks.o
                0x2000025c                pxCurrentTCB
 .bss           0x20000288        0x9 .\CortexM3\ARM_GCC_541\Debug\RTOS_UART_StringMessage_Copy_01.a(UART.o)
                0x20000288                UART_errorStatus
                0x20000289                UART_initVar
                0x2000028a                UART_rxBufferRead
                0x2000028b                UART_rxBufferWrite
                0x2000028c                UART_rxBufferLoopDetect
                0x2000028d                UART_rxBufferOverflow
                0x2000028e                UART_txBufferRead
                0x2000028f                UART_txBufferWrite
 *fill*         0x20000291        0x3 
 .bss.__malloc_sbrk_start
                0x20000294        0x4 c:/program files (x86)/cypress/psoc creator/4.2/psoc creator/import/gnu/arm/5.4.1/bin/../lib/gcc/arm-none-eabi/5.4.1/../../../../arm-none-eabi/lib/armv7-m\libg_nano.a(lib_a-nano-mallocr.o)
                0x20000294                __malloc_sbrk_start
 .bss.__malloc_free_list
                0x20000298        0x4 c:/program files (x86)/cypress/psoc creator/4.2/psoc creator/import/gnu/arm/5.4.1/bin/../lib/gcc/arm-none-eabi/5.4.1/../../../../arm-none-eabi/lib/armv7-m\libg_nano.a(lib_a-nano-mallocr.o)
                0x20000298                __malloc_free_list
 *(COMMON)
 COMMON         0x2000029c       0x1f .\CortexM3\ARM_GCC_541\Debug\RTOS_UART_StringMessage_Copy_01.a(UART.o)
                0x2000029c                UART_rxBuffer
                0x200002ac                UART_txBuffer
 *fill*         0x200002bb        0x1 
 COMMON         0x200002bc        0x4 c:/program files (x86)/cypress/psoc creator/4.2/psoc creator/import/gnu/arm/5.4.1/bin/../lib/gcc/arm-none-eabi/5.4.1/../../../../arm-none-eabi/lib/armv7-m\libg_nano.a(lib_a-reent.o)
                0x200002bc                errno
                0x200002c0                . = ALIGN (0x8)
 *(.ram.b)
                0x200002c0                _end = .
                0x200002c0                __end = .
                0x200002c0                PROVIDE (end, .)
                0x200002c0                PROVIDE (__bss_end__, .)
                0x00001c98                __cy_region_init_ram = LOADADDR (.data)
                0x00000078                __cy_region_init_size_ram = (_edata - ADDR (.data))
                0x00008180                __cy_region_zero_size_ram = (_end - _edata)

.heap           0x200002c0       0x80 load address 0x00001d10
                0x200002c0                . = _end
                0x20000340                . = (. + 0x80)
 *fill*         0x200002c0       0x80 
                0x20000340                __cy_heap_limit = .

.stack          0x20007800      0x800
                0x20007800                __cy_stack_limit = .
                0x20008000                . = (. + 0x800)
 *fill*         0x20007800      0x800 
                0x00000001                ASSERT ((__cy_stack_limit >= __cy_heap_limit), region RAM overflowed with stack)
                0x00000000                cy_checksum_exclude_size = (CY_APPL_LOADABLE == 0x1)?SIZEOF (.cy_checksum_exclude):0x0
                0x00000001                ASSERT ((cy_checksum_exclude_size <= CY_CHECKSUM_EXCLUDE_SIZE), CY_BOOT: Section .cy_checksum_exclude size exceedes specified limit.)

.cyloadermeta
 *(.cyloadermeta)

.cyloadablemeta
 *(.cyloadablemeta)

.cyconfigecc    0x80000000      0x464
 *(.cyconfigecc)
 .cyconfigecc   0x80000000      0x464 .\CortexM3\ARM_GCC_541\Debug\cymetadata.o
                0x80000000                cy_meta_configecc

.cycustnvl      0x90000000        0x4
 *(.cycustnvl)
 .cycustnvl     0x90000000        0x4 .\CortexM3\ARM_GCC_541\Debug\cymetadata.o
                0x90000000                cy_meta_custnvl

.cywolatch      0x90100000        0x4
 *(.cywolatch)
 .cywolatch     0x90100000        0x4 .\CortexM3\ARM_GCC_541\Debug\cymetadata.o
                0x90100000                cy_meta_wonvl

.cyeeprom       0x90200000        0x0
 *(.cyeeprom)
                0x00000001                ASSERT ((. <= ((0x90200000 + ee_offset) + ee_size)), .cyeeprom data will not fit in EEPROM)

.cyflashprotect
                0x90400000      0x100
 *(.cyflashprotect)
 .cyflashprotect
                0x90400000      0x100 .\CortexM3\ARM_GCC_541\Debug\cymetadata.o
                0x90400000                cy_meta_flashprotect

.cymeta         0x90500000        0xc
 *(.cymeta)
 .cymeta        0x90500000        0xc .\CortexM3\ARM_GCC_541\Debug\cymetadata.o
                0x90500000                cy_metadata

.rel.dyn        0x00001d10        0x0 load address 0x9050000c
 .rel.iplt      0x00001d10        0x0 c:/program files (x86)/cypress/psoc creator/4.2/psoc creator/import/gnu/arm/5.4.1/bin/../lib/gcc/arm-none-eabi/5.4.1/armv7-m/crtbegin.o

.stab
 *(.stab)

.stabstr
 *(.stabstr)

.debug
 *(.debug)

.line
 *(.line)

.debug_srcinfo
 *(.debug_srcinfo)

.debug_sfnames
 *(.debug_sfnames)

.debug_aranges  0x00000000      0xcb0
 *(.debug_aranges)
 .debug_aranges
                0x00000000       0x38 .\CortexM3\ARM_GCC_541\Debug\main.o
 .debug_aranges
                0x00000038       0x38 .\CortexM3\ARM_GCC_541\Debug\heap_1.o
 .debug_aranges
                0x00000070       0x70 .\CortexM3\ARM_GCC_541\Debug\port.o
 .debug_aranges
                0x000000e0       0x18 .\CortexM3\ARM_GCC_541\Debug\croutine.o
 .debug_aranges
                0x000000f8       0x68 .\CortexM3\ARM_GCC_541\Debug\event_groups.o
 .debug_aranges
                0x00000160       0x20 .\CortexM3\ARM_GCC_541\Debug\FreeRTOS_PSoC.o
 .debug_aranges
                0x00000180       0x40 .\CortexM3\ARM_GCC_541\Debug\list.o
 .debug_aranges
                0x000001c0      0x110 .\CortexM3\ARM_GCC_541\Debug\queue.o
 .debug_aranges
                0x000002d0       0xb8 .\CortexM3\ARM_GCC_541\Debug\stream_buffer.o
 .debug_aranges
                0x00000388      0x1b8 .\CortexM3\ARM_GCC_541\Debug\tasks.o
 .debug_aranges
                0x00000540       0x18 .\CortexM3\ARM_GCC_541\Debug\timers.o
 .debug_aranges
                0x00000558       0x58 .\CortexM3\ARM_GCC_541\Debug\cyfitter_cfg.o
 .debug_aranges
                0x000005b0       0x18 .\CortexM3\ARM_GCC_541\Debug\cymetadata.o
 .debug_aranges
                0x000005c8       0x48 .\CortexM3\ARM_GCC_541\Debug\Cm3Start.o
 .debug_aranges
                0x00000610      0x2a0 .\CortexM3\ARM_GCC_541\Debug\RTOS_UART_StringMessage_Copy_01.a(CyLib.o)
 .debug_aranges
                0x000008b0       0x98 .\CortexM3\ARM_GCC_541\Debug\RTOS_UART_StringMessage_Copy_01.a(cyPm.o)
 .debug_aranges
                0x00000948       0x38 .\CortexM3\ARM_GCC_541\Debug\RTOS_UART_StringMessage_Copy_01.a(LED.o)
 .debug_aranges
                0x00000980       0x80 .\CortexM3\ARM_GCC_541\Debug\RTOS_UART_StringMessage_Copy_01.a(ISR_UART.o)
 .debug_aranges
                0x00000a00       0xf0 .\CortexM3\ARM_GCC_541\Debug\RTOS_UART_StringMessage_Copy_01.a(UART.o)
 .debug_aranges
                0x00000af0       0x28 .\CortexM3\ARM_GCC_541\Debug\RTOS_UART_StringMessage_Copy_01.a(UART_INT.o)
 .debug_aranges
                0x00000b18       0x70 .\CortexM3\ARM_GCC_541\Debug\RTOS_UART_StringMessage_Copy_01.a(UART_IntClock.o)
 .debug_aranges
                0x00000b88       0x20 .\CortexM3\ARM_GCC_541\Debug\RTOS_UART_StringMessage_Copy_01.a(CyBootAsmGnu.o)
 .debug_aranges
                0x00000ba8       0x88 .\CortexM3\ARM_GCC_541\Debug\RTOS_UART_StringMessage_Copy_01.a(CyFlash.o)
 .debug_aranges
                0x00000c30       0x80 .\CortexM3\ARM_GCC_541\Debug\RTOS_UART_StringMessage_Copy_01.a(CySpc.o)

.debug_pubnames
 *(.debug_pubnames)

.debug_info     0x00000000     0xa6bb
 *(.debug_info .gnu.linkonce.wi.*)
 .debug_info    0x00000000      0x5ba .\CortexM3\ARM_GCC_541\Debug\main.o
 .debug_info    0x000005ba      0x1e3 .\CortexM3\ARM_GCC_541\Debug\heap_1.o
 .debug_info    0x0000079d      0x363 .\CortexM3\ARM_GCC_541\Debug\port.o
 .debug_info    0x00000b00       0xae .\CortexM3\ARM_GCC_541\Debug\croutine.o
 .debug_info    0x00000bae      0x910 .\CortexM3\ARM_GCC_541\Debug\event_groups.o
 .debug_info    0x000014be      0x115 .\CortexM3\ARM_GCC_541\Debug\FreeRTOS_PSoC.o
 .debug_info    0x000015d3      0x2df .\CortexM3\ARM_GCC_541\Debug\list.o
 .debug_info    0x000018b2     0x18b1 .\CortexM3\ARM_GCC_541\Debug\queue.o
 .debug_info    0x00003163     0x1194 .\CortexM3\ARM_GCC_541\Debug\stream_buffer.o
 .debug_info    0x000042f7     0x1fc8 .\CortexM3\ARM_GCC_541\Debug\tasks.o
 .debug_info    0x000062bf       0xae .\CortexM3\ARM_GCC_541\Debug\timers.o
 .debug_info    0x0000636d      0x4c9 .\CortexM3\ARM_GCC_541\Debug\cyfitter_cfg.o
 .debug_info    0x00006836      0x136 .\CortexM3\ARM_GCC_541\Debug\cymetadata.o
 .debug_info    0x0000696c      0x3bb .\CortexM3\ARM_GCC_541\Debug\Cm3Start.o
 .debug_info    0x00006d27     0x1374 .\CortexM3\ARM_GCC_541\Debug\RTOS_UART_StringMessage_Copy_01.a(CyLib.o)
 .debug_info    0x0000809b      0xa2a .\CortexM3\ARM_GCC_541\Debug\RTOS_UART_StringMessage_Copy_01.a(cyPm.o)
 .debug_info    0x00008ac5      0x11f .\CortexM3\ARM_GCC_541\Debug\RTOS_UART_StringMessage_Copy_01.a(LED.o)
 .debug_info    0x00008be4      0x2d2 .\CortexM3\ARM_GCC_541\Debug\RTOS_UART_StringMessage_Copy_01.a(ISR_UART.o)
 .debug_info    0x00008eb6      0x7ae .\CortexM3\ARM_GCC_541\Debug\RTOS_UART_StringMessage_Copy_01.a(UART.o)
 .debug_info    0x00009664      0x186 .\CortexM3\ARM_GCC_541\Debug\RTOS_UART_StringMessage_Copy_01.a(UART_INT.o)
 .debug_info    0x000097ea      0x283 .\CortexM3\ARM_GCC_541\Debug\RTOS_UART_StringMessage_Copy_01.a(UART_IntClock.o)
 .debug_info    0x00009a6d       0xb1 .\CortexM3\ARM_GCC_541\Debug\RTOS_UART_StringMessage_Copy_01.a(CyBootAsmGnu.o)
 .debug_info    0x00009b1e      0x64d .\CortexM3\ARM_GCC_541\Debug\RTOS_UART_StringMessage_Copy_01.a(CyFlash.o)
 .debug_info    0x0000a16b      0x550 .\CortexM3\ARM_GCC_541\Debug\RTOS_UART_StringMessage_Copy_01.a(CySpc.o)

.debug_abbrev   0x00000000     0x226a
 *(.debug_abbrev)
 .debug_abbrev  0x00000000      0x1d3 .\CortexM3\ARM_GCC_541\Debug\main.o
 .debug_abbrev  0x000001d3      0x131 .\CortexM3\ARM_GCC_541\Debug\heap_1.o
 .debug_abbrev  0x00000304      0x1db .\CortexM3\ARM_GCC_541\Debug\port.o
 .debug_abbrev  0x000004df       0x4b .\CortexM3\ARM_GCC_541\Debug\croutine.o
 .debug_abbrev  0x0000052a      0x226 .\CortexM3\ARM_GCC_541\Debug\event_groups.o
 .debug_abbrev  0x00000750       0xb4 .\CortexM3\ARM_GCC_541\Debug\FreeRTOS_PSoC.o
 .debug_abbrev  0x00000804       0xf6 .\CortexM3\ARM_GCC_541\Debug\list.o
 .debug_abbrev  0x000008fa      0x2ce .\CortexM3\ARM_GCC_541\Debug\queue.o
 .debug_abbrev  0x00000bc8      0x25d .\CortexM3\ARM_GCC_541\Debug\stream_buffer.o
 .debug_abbrev  0x00000e25      0x302 .\CortexM3\ARM_GCC_541\Debug\tasks.o
 .debug_abbrev  0x00001127       0x4b .\CortexM3\ARM_GCC_541\Debug\timers.o
 .debug_abbrev  0x00001172      0x1fe .\CortexM3\ARM_GCC_541\Debug\cyfitter_cfg.o
 .debug_abbrev  0x00001370       0x77 .\CortexM3\ARM_GCC_541\Debug\cymetadata.o
 .debug_abbrev  0x000013e7      0x1e8 .\CortexM3\ARM_GCC_541\Debug\Cm3Start.o
 .debug_abbrev  0x000015cf      0x254 .\CortexM3\ARM_GCC_541\Debug\RTOS_UART_StringMessage_Copy_01.a(CyLib.o)
 .debug_abbrev  0x00001823      0x1ab .\CortexM3\ARM_GCC_541\Debug\RTOS_UART_StringMessage_Copy_01.a(cyPm.o)
 .debug_abbrev  0x000019ce       0x90 .\CortexM3\ARM_GCC_541\Debug\RTOS_UART_StringMessage_Copy_01.a(LED.o)
 .debug_abbrev  0x00001a5e      0x173 .\CortexM3\ARM_GCC_541\Debug\RTOS_UART_StringMessage_Copy_01.a(ISR_UART.o)
 .debug_abbrev  0x00001bd1      0x16f .\CortexM3\ARM_GCC_541\Debug\RTOS_UART_StringMessage_Copy_01.a(UART.o)
 .debug_abbrev  0x00001d40       0xa2 .\CortexM3\ARM_GCC_541\Debug\RTOS_UART_StringMessage_Copy_01.a(UART_INT.o)
 .debug_abbrev  0x00001de2      0x139 .\CortexM3\ARM_GCC_541\Debug\RTOS_UART_StringMessage_Copy_01.a(UART_IntClock.o)
 .debug_abbrev  0x00001f1b       0x14 .\CortexM3\ARM_GCC_541\Debug\RTOS_UART_StringMessage_Copy_01.a(CyBootAsmGnu.o)
 .debug_abbrev  0x00001f2f      0x1a7 .\CortexM3\ARM_GCC_541\Debug\RTOS_UART_StringMessage_Copy_01.a(CyFlash.o)
 .debug_abbrev  0x000020d6      0x194 .\CortexM3\ARM_GCC_541\Debug\RTOS_UART_StringMessage_Copy_01.a(CySpc.o)

.debug_line     0x00000000     0x458c
 *(.debug_line)
 .debug_line    0x00000000      0x38f .\CortexM3\ARM_GCC_541\Debug\main.o
 .debug_line    0x0000038f      0x263 .\CortexM3\ARM_GCC_541\Debug\heap_1.o
 .debug_line    0x000005f2      0x2ae .\CortexM3\ARM_GCC_541\Debug\port.o
 .debug_line    0x000008a0      0x13f .\CortexM3\ARM_GCC_541\Debug\croutine.o
 .debug_line    0x000009df      0x339 .\CortexM3\ARM_GCC_541\Debug\event_groups.o
 .debug_line    0x00000d18      0x17f .\CortexM3\ARM_GCC_541\Debug\FreeRTOS_PSoC.o
 .debug_line    0x00000e97      0x21f .\CortexM3\ARM_GCC_541\Debug\list.o
 .debug_line    0x000010b6      0x6f3 .\CortexM3\ARM_GCC_541\Debug\queue.o
 .debug_line    0x000017a9      0x508 .\CortexM3\ARM_GCC_541\Debug\stream_buffer.o
 .debug_line    0x00001cb1      0xad0 .\CortexM3\ARM_GCC_541\Debug\tasks.o
 .debug_line    0x00002781      0x13f .\CortexM3\ARM_GCC_541\Debug\timers.o
 .debug_line    0x000028c0      0x1d9 .\CortexM3\ARM_GCC_541\Debug\cyfitter_cfg.o
 .debug_line    0x00002a99      0x141 .\CortexM3\ARM_GCC_541\Debug\cymetadata.o
 .debug_line    0x00002bda      0x234 .\CortexM3\ARM_GCC_541\Debug\Cm3Start.o
 .debug_line    0x00002e0e      0x816 .\CortexM3\ARM_GCC_541\Debug\RTOS_UART_StringMessage_Copy_01.a(CyLib.o)
 .debug_line    0x00003624      0x367 .\CortexM3\ARM_GCC_541\Debug\RTOS_UART_StringMessage_Copy_01.a(cyPm.o)
 .debug_line    0x0000398b       0x90 .\CortexM3\ARM_GCC_541\Debug\RTOS_UART_StringMessage_Copy_01.a(LED.o)
 .debug_line    0x00003a1b      0x135 .\CortexM3\ARM_GCC_541\Debug\RTOS_UART_StringMessage_Copy_01.a(ISR_UART.o)
 .debug_line    0x00003b50      0x33b .\CortexM3\ARM_GCC_541\Debug\RTOS_UART_StringMessage_Copy_01.a(UART.o)
 .debug_line    0x00003e8b       0xa5 .\CortexM3\ARM_GCC_541\Debug\RTOS_UART_StringMessage_Copy_01.a(UART_INT.o)
 .debug_line    0x00003f30      0x17c .\CortexM3\ARM_GCC_541\Debug\RTOS_UART_StringMessage_Copy_01.a(UART_IntClock.o)
 .debug_line    0x000040ac       0x66 .\CortexM3\ARM_GCC_541\Debug\RTOS_UART_StringMessage_Copy_01.a(CyBootAsmGnu.o)
 .debug_line    0x00004112      0x21a .\CortexM3\ARM_GCC_541\Debug\RTOS_UART_StringMessage_Copy_01.a(CyFlash.o)
 .debug_line    0x0000432c      0x260 .\CortexM3\ARM_GCC_541\Debug\RTOS_UART_StringMessage_Copy_01.a(CySpc.o)

.debug_frame    0x00000000     0x25f8
 *(.debug_frame)
 .debug_frame   0x00000000       0x8c .\CortexM3\ARM_GCC_541\Debug\main.o
 .debug_frame   0x0000008c       0x60 .\CortexM3\ARM_GCC_541\Debug\heap_1.o
 .debug_frame   0x000000ec       0xe0 .\CortexM3\ARM_GCC_541\Debug\port.o
 .debug_frame   0x000001cc      0x13c .\CortexM3\ARM_GCC_541\Debug\event_groups.o
 .debug_frame   0x00000308       0x20 .\CortexM3\ARM_GCC_541\Debug\FreeRTOS_PSoC.o
 .debug_frame   0x00000328       0x70 .\CortexM3\ARM_GCC_541\Debug\list.o
 .debug_frame   0x00000398      0x3a0 .\CortexM3\ARM_GCC_541\Debug\queue.o
 .debug_frame   0x00000738      0x2c0 .\CortexM3\ARM_GCC_541\Debug\stream_buffer.o
 .debug_frame   0x000009f8      0x62c .\CortexM3\ARM_GCC_541\Debug\tasks.o
 .debug_frame   0x00001024       0xe4 .\CortexM3\ARM_GCC_541\Debug\cyfitter_cfg.o
 .debug_frame   0x00001108       0xb8 .\CortexM3\ARM_GCC_541\Debug\Cm3Start.o
 .debug_frame   0x000011c0      0x738 .\CortexM3\ARM_GCC_541\Debug\RTOS_UART_StringMessage_Copy_01.a(CyLib.o)
 .debug_frame   0x000018f8      0x1f8 .\CortexM3\ARM_GCC_541\Debug\RTOS_UART_StringMessage_Copy_01.a(cyPm.o)
 .debug_frame   0x00001af0       0x50 .\CortexM3\ARM_GCC_541\Debug\RTOS_UART_StringMessage_Copy_01.a(LED.o)
 .debug_frame   0x00001b40      0x104 .\CortexM3\ARM_GCC_541\Debug\RTOS_UART_StringMessage_Copy_01.a(ISR_UART.o)
 .debug_frame   0x00001c44      0x25c .\CortexM3\ARM_GCC_541\Debug\RTOS_UART_StringMessage_Copy_01.a(UART.o)
 .debug_frame   0x00001ea0       0x30 .\CortexM3\ARM_GCC_541\Debug\RTOS_UART_StringMessage_Copy_01.a(UART_INT.o)
 .debug_frame   0x00001ed0       0xe0 .\CortexM3\ARM_GCC_541\Debug\RTOS_UART_StringMessage_Copy_01.a(UART_IntClock.o)
 .debug_frame   0x00001fb0      0x194 .\CortexM3\ARM_GCC_541\Debug\RTOS_UART_StringMessage_Copy_01.a(CyFlash.o)
 .debug_frame   0x00002144      0x180 .\CortexM3\ARM_GCC_541\Debug\RTOS_UART_StringMessage_Copy_01.a(CySpc.o)
 .debug_frame   0x000022c4       0x30 c:/program files (x86)/cypress/psoc creator/4.2/psoc creator/import/gnu/arm/5.4.1/bin/../lib/gcc/arm-none-eabi/5.4.1/../../../../arm-none-eabi/lib/armv7-m\libg_nano.a(lib_a-atoi.o)
 .debug_frame   0x000022f4       0x20 c:/program files (x86)/cypress/psoc creator/4.2/psoc creator/import/gnu/arm/5.4.1/bin/../lib/gcc/arm-none-eabi/5.4.1/../../../../arm-none-eabi/lib/armv7-m\libg_nano.a(lib_a-errno.o)
 .debug_frame   0x00002314       0x28 c:/program files (x86)/cypress/psoc creator/4.2/psoc creator/import/gnu/arm/5.4.1/bin/../lib/gcc/arm-none-eabi/5.4.1/../../../../arm-none-eabi/lib/armv7-m\libg_nano.a(lib_a-exit.o)
 .debug_frame   0x0000233c       0x2c c:/program files (x86)/cypress/psoc creator/4.2/psoc creator/import/gnu/arm/5.4.1/bin/../lib/gcc/arm-none-eabi/5.4.1/../../../../arm-none-eabi/lib/armv7-m\libg_nano.a(lib_a-init.o)
 .debug_frame   0x00002368       0x28 c:/program files (x86)/cypress/psoc creator/4.2/psoc creator/import/gnu/arm/5.4.1/bin/../lib/gcc/arm-none-eabi/5.4.1/../../../../arm-none-eabi/lib/armv7-m\libg_nano.a(lib_a-memcpy-stub.o)
 .debug_frame   0x00002390       0x20 c:/program files (x86)/cypress/psoc creator/4.2/psoc creator/import/gnu/arm/5.4.1/bin/../lib/gcc/arm-none-eabi/5.4.1/../../../../arm-none-eabi/lib/armv7-m\libg_nano.a(lib_a-memset.o)
 .debug_frame   0x000023b0       0x20 c:/program files (x86)/cypress/psoc creator/4.2/psoc creator/import/gnu/arm/5.4.1/bin/../lib/gcc/arm-none-eabi/5.4.1/../../../../arm-none-eabi/lib/armv7-m\libg_nano.a(lib_a-strcmp.o)
 .debug_frame   0x000023d0       0x20 c:/program files (x86)/cypress/psoc creator/4.2/psoc creator/import/gnu/arm/5.4.1/bin/../lib/gcc/arm-none-eabi/5.4.1/../../../../arm-none-eabi/lib/armv7-m\libg_nano.a(lib_a-strcpy.o)
 .debug_frame   0x000023f0       0x38 c:/program files (x86)/cypress/psoc creator/4.2/psoc creator/import/gnu/arm/5.4.1/bin/../lib/gcc/arm-none-eabi/5.4.1/../../../../arm-none-eabi/lib/armv7-m\libg_nano.a(lib_a-strtok.o)
 .debug_frame   0x00002428       0x40 c:/program files (x86)/cypress/psoc creator/4.2/psoc creator/import/gnu/arm/5.4.1/bin/../lib/gcc/arm-none-eabi/5.4.1/../../../../arm-none-eabi/lib/armv7-m\libg_nano.a(lib_a-strtok_r.o)
 .debug_frame   0x00002468       0x44 c:/program files (x86)/cypress/psoc creator/4.2/psoc creator/import/gnu/arm/5.4.1/bin/../lib/gcc/arm-none-eabi/5.4.1/../../../../arm-none-eabi/lib/armv7-m\libg_nano.a(lib_a-strtol.o)
 .debug_frame   0x000024ac       0x30 c:/program files (x86)/cypress/psoc creator/4.2/psoc creator/import/gnu/arm/5.4.1/bin/../lib/gcc/arm-none-eabi/5.4.1/../../../../arm-none-eabi/lib/armv7-m\libg_nano.a(lib_a-malloc.o)
 .debug_frame   0x000024dc       0x38 c:/program files (x86)/cypress/psoc creator/4.2/psoc creator/import/gnu/arm/5.4.1/bin/../lib/gcc/arm-none-eabi/5.4.1/../../../../arm-none-eabi/lib/armv7-m\libg_nano.a(lib_a-nano-freer.o)
 .debug_frame   0x00002514       0x2c c:/program files (x86)/cypress/psoc creator/4.2/psoc creator/import/gnu/arm/5.4.1/bin/../lib/gcc/arm-none-eabi/5.4.1/../../../../arm-none-eabi/lib/armv7-m\libg_nano.a(lib_a-nano-mallocr.o)
 .debug_frame   0x00002540       0x2c c:/program files (x86)/cypress/psoc creator/4.2/psoc creator/import/gnu/arm/5.4.1/bin/../lib/gcc/arm-none-eabi/5.4.1/../../../../arm-none-eabi/lib/armv7-m\libg_nano.a(lib_a-sbrkr.o)
 .debug_frame   0x0000256c       0x30 c:/program files (x86)/cypress/psoc creator/4.2/psoc creator/import/gnu/arm/5.4.1/bin/../lib/gcc/arm-none-eabi/5.4.1/../../../../arm-none-eabi/lib/armv7-m\libg_nano.a(lib_a-mlock.o)
 .debug_frame   0x0000259c       0x5c c:/program files (x86)/cypress/psoc creator/4.2/psoc creator/import/gnu/arm/5.4.1/bin/../lib/gcc/arm-none-eabi/5.4.1/../../../../arm-none-eabi/lib/armv7-m\libg_nano.a(lib_a-reent.o)

.debug_str      0x00000000     0x34d6
 *(.debug_str)
 .debug_str     0x00000000      0x364 .\CortexM3\ARM_GCC_541\Debug\main.o
                                0x3eb (size before relaxing)
 .debug_str     0x00000364       0xca .\CortexM3\ARM_GCC_541\Debug\heap_1.o
                                0x2a8 (size before relaxing)
 .debug_str     0x0000042e      0x1c6 .\CortexM3\ARM_GCC_541\Debug\port.o
                                0x3ab (size before relaxing)
 .debug_str     0x000005f4       0x17 .\CortexM3\ARM_GCC_541\Debug\croutine.o
                                0x1d2 (size before relaxing)
 .debug_str     0x0000060b      0x3ab .\CortexM3\ARM_GCC_541\Debug\event_groups.o
                                0x659 (size before relaxing)
 .debug_str     0x000009b6       0x36 .\CortexM3\ARM_GCC_541\Debug\FreeRTOS_PSoC.o
                                0x236 (size before relaxing)
 .debug_str     0x000009ec       0x90 .\CortexM3\ARM_GCC_541\Debug\list.o
                                0x321 (size before relaxing)
 .debug_str     0x00000a7c      0x669 .\CortexM3\ARM_GCC_541\Debug\queue.o
                                0xa20 (size before relaxing)
 .debug_str     0x000010e5      0x416 .\CortexM3\ARM_GCC_541\Debug\stream_buffer.o
                                0x829 (size before relaxing)
 .debug_str     0x000014fb      0x837 .\CortexM3\ARM_GCC_541\Debug\tasks.o
                                0xf7b (size before relaxing)
 .debug_str     0x00001d32       0x15 .\CortexM3\ARM_GCC_541\Debug\timers.o
                                0x1d0 (size before relaxing)
 .debug_str     0x00001d47      0x16b .\CortexM3\ARM_GCC_541\Debug\cyfitter_cfg.o
                                0x330 (size before relaxing)
 .debug_str     0x00001eb2       0x75 .\CortexM3\ARM_GCC_541\Debug\cymetadata.o
                                0x205 (size before relaxing)
 .debug_str     0x00001f27      0x12a .\CortexM3\ARM_GCC_541\Debug\Cm3Start.o
                                0x32b (size before relaxing)
 .debug_str     0x00002051      0x84e .\CortexM3\ARM_GCC_541\Debug\RTOS_UART_StringMessage_Copy_01.a(CyLib.o)
                                0xa68 (size before relaxing)
 .debug_str     0x0000289f      0x365 .\CortexM3\ARM_GCC_541\Debug\RTOS_UART_StringMessage_Copy_01.a(cyPm.o)
                                0x754 (size before relaxing)
 .debug_str     0x00002c04       0x52 .\CortexM3\ARM_GCC_541\Debug\RTOS_UART_StringMessage_Copy_01.a(LED.o)
                                0x1f9 (size before relaxing)
 .debug_str     0x00002c56       0xff .\CortexM3\ARM_GCC_541\Debug\RTOS_UART_StringMessage_Copy_01.a(ISR_UART.o)
                                0x2f1 (size before relaxing)
 .debug_str     0x00002d55      0x339 .\CortexM3\ARM_GCC_541\Debug\RTOS_UART_StringMessage_Copy_01.a(UART.o)
                                0x5b9 (size before relaxing)
 .debug_str     0x0000308e       0x5e .\CortexM3\ARM_GCC_541\Debug\RTOS_UART_StringMessage_Copy_01.a(UART_INT.o)
                                0x2aa (size before relaxing)
 .debug_str     0x000030ec      0x183 .\CortexM3\ARM_GCC_541\Debug\RTOS_UART_StringMessage_Copy_01.a(UART_IntClock.o)
                                0x357 (size before relaxing)
 .debug_str     0x0000326f      0x1bb .\CortexM3\ARM_GCC_541\Debug\RTOS_UART_StringMessage_Copy_01.a(CyFlash.o)
                                0x3e1 (size before relaxing)
 .debug_str     0x0000342a       0xac .\CortexM3\ARM_GCC_541\Debug\RTOS_UART_StringMessage_Copy_01.a(CySpc.o)
                                0x359 (size before relaxing)

.debug_loc      0x00000000     0x6145
 *(.debug_loc)
 .debug_loc     0x00000000       0x99 .\CortexM3\ARM_GCC_541\Debug\main.o
 .debug_loc     0x00000099       0x5f .\CortexM3\ARM_GCC_541\Debug\heap_1.o
 .debug_loc     0x000000f8       0xa8 .\CortexM3\ARM_GCC_541\Debug\port.o
 .debug_loc     0x000001a0      0x6e0 .\CortexM3\ARM_GCC_541\Debug\event_groups.o
 .debug_loc     0x00000880       0x65 .\CortexM3\ARM_GCC_541\Debug\list.o
 .debug_loc     0x000008e5     0x135f .\CortexM3\ARM_GCC_541\Debug\queue.o
 .debug_loc     0x00001c44      0xfce .\CortexM3\ARM_GCC_541\Debug\stream_buffer.o
 .debug_loc     0x00002c12     0x15fb .\CortexM3\ARM_GCC_541\Debug\tasks.o
 .debug_loc     0x0000420d      0x1d7 .\CortexM3\ARM_GCC_541\Debug\cyfitter_cfg.o
 .debug_loc     0x000043e4      0x144 .\CortexM3\ARM_GCC_541\Debug\Cm3Start.o
 .debug_loc     0x00004528      0xa11 .\CortexM3\ARM_GCC_541\Debug\RTOS_UART_StringMessage_Copy_01.a(CyLib.o)
 .debug_loc     0x00004f39      0x1e4 .\CortexM3\ARM_GCC_541\Debug\RTOS_UART_StringMessage_Copy_01.a(cyPm.o)
 .debug_loc     0x0000511d       0x42 .\CortexM3\ARM_GCC_541\Debug\RTOS_UART_StringMessage_Copy_01.a(LED.o)
 .debug_loc     0x0000515f       0x56 .\CortexM3\ARM_GCC_541\Debug\RTOS_UART_StringMessage_Copy_01.a(ISR_UART.o)
 .debug_loc     0x000051b5      0x36c .\CortexM3\ARM_GCC_541\Debug\RTOS_UART_StringMessage_Copy_01.a(UART.o)
 .debug_loc     0x00005521       0x45 .\CortexM3\ARM_GCC_541\Debug\RTOS_UART_StringMessage_Copy_01.a(UART_INT.o)
 .debug_loc     0x00005566      0x128 .\CortexM3\ARM_GCC_541\Debug\RTOS_UART_StringMessage_Copy_01.a(UART_IntClock.o)
 .debug_loc     0x0000568e      0x3b2 .\CortexM3\ARM_GCC_541\Debug\RTOS_UART_StringMessage_Copy_01.a(CyFlash.o)
 .debug_loc     0x00005a40      0x705 .\CortexM3\ARM_GCC_541\Debug\RTOS_UART_StringMessage_Copy_01.a(CySpc.o)

.debug_macinfo
 *(.debug_macinfo)

.debug_ranges   0x00000000      0xba8
 *(.debug_ranges)
 .debug_ranges  0x00000000       0x28 .\CortexM3\ARM_GCC_541\Debug\main.o
 .debug_ranges  0x00000028       0x28 .\CortexM3\ARM_GCC_541\Debug\heap_1.o
 .debug_ranges  0x00000050       0x60 .\CortexM3\ARM_GCC_541\Debug\port.o
 .debug_ranges  0x000000b0       0x70 .\CortexM3\ARM_GCC_541\Debug\event_groups.o
 .debug_ranges  0x00000120       0x10 .\CortexM3\ARM_GCC_541\Debug\FreeRTOS_PSoC.o
 .debug_ranges  0x00000130       0x30 .\CortexM3\ARM_GCC_541\Debug\list.o
 .debug_ranges  0x00000160      0x148 .\CortexM3\ARM_GCC_541\Debug\queue.o
 .debug_ranges  0x000002a8       0xa8 .\CortexM3\ARM_GCC_541\Debug\stream_buffer.o
 .debug_ranges  0x00000350      0x1e8 .\CortexM3\ARM_GCC_541\Debug\tasks.o
 .debug_ranges  0x00000538       0x48 .\CortexM3\ARM_GCC_541\Debug\cyfitter_cfg.o
 .debug_ranges  0x00000580       0x38 .\CortexM3\ARM_GCC_541\Debug\Cm3Start.o
 .debug_ranges  0x000005b8      0x290 .\CortexM3\ARM_GCC_541\Debug\RTOS_UART_StringMessage_Copy_01.a(CyLib.o)
 .debug_ranges  0x00000848       0x88 .\CortexM3\ARM_GCC_541\Debug\RTOS_UART_StringMessage_Copy_01.a(cyPm.o)
 .debug_ranges  0x000008d0       0x28 .\CortexM3\ARM_GCC_541\Debug\RTOS_UART_StringMessage_Copy_01.a(LED.o)
 .debug_ranges  0x000008f8       0x70 .\CortexM3\ARM_GCC_541\Debug\RTOS_UART_StringMessage_Copy_01.a(ISR_UART.o)
 .debug_ranges  0x00000968       0xe0 .\CortexM3\ARM_GCC_541\Debug\RTOS_UART_StringMessage_Copy_01.a(UART.o)
 .debug_ranges  0x00000a48       0x18 .\CortexM3\ARM_GCC_541\Debug\RTOS_UART_StringMessage_Copy_01.a(UART_INT.o)
 .debug_ranges  0x00000a60       0x60 .\CortexM3\ARM_GCC_541\Debug\RTOS_UART_StringMessage_Copy_01.a(UART_IntClock.o)
 .debug_ranges  0x00000ac0       0x78 .\CortexM3\ARM_GCC_541\Debug\RTOS_UART_StringMessage_Copy_01.a(CyFlash.o)
 .debug_ranges  0x00000b38       0x70 .\CortexM3\ARM_GCC_541\Debug\RTOS_UART_StringMessage_Copy_01.a(CySpc.o)

.comment        0x00000000       0x6e
 .comment       0x00000000       0x6e .\CortexM3\ARM_GCC_541\Debug\main.o
                                 0x6f (size before relaxing)
 .comment       0x0000006e       0x6f .\CortexM3\ARM_GCC_541\Debug\heap_1.o
 .comment       0x0000006e       0x6f .\CortexM3\ARM_GCC_541\Debug\port.o
 .comment       0x0000006e       0x6f .\CortexM3\ARM_GCC_541\Debug\croutine.o
 .comment       0x0000006e       0x6f .\CortexM3\ARM_GCC_541\Debug\event_groups.o
 .comment       0x0000006e       0x6f .\CortexM3\ARM_GCC_541\Debug\FreeRTOS_PSoC.o
 .comment       0x0000006e       0x6f .\CortexM3\ARM_GCC_541\Debug\list.o
 .comment       0x0000006e       0x6f .\CortexM3\ARM_GCC_541\Debug\queue.o
 .comment       0x0000006e       0x6f .\CortexM3\ARM_GCC_541\Debug\stream_buffer.o
 .comment       0x0000006e       0x6f .\CortexM3\ARM_GCC_541\Debug\tasks.o
 .comment       0x0000006e       0x6f .\CortexM3\ARM_GCC_541\Debug\timers.o
 .comment       0x0000006e       0x6f .\CortexM3\ARM_GCC_541\Debug\cyfitter_cfg.o
 .comment       0x0000006e       0x6f .\CortexM3\ARM_GCC_541\Debug\cymetadata.o
 .comment       0x0000006e       0x6f .\CortexM3\ARM_GCC_541\Debug\Cm3Start.o
 .comment       0x0000006e       0x6f .\CortexM3\ARM_GCC_541\Debug\RTOS_UART_StringMessage_Copy_01.a(CyLib.o)
 .comment       0x0000006e       0x6f .\CortexM3\ARM_GCC_541\Debug\RTOS_UART_StringMessage_Copy_01.a(cyPm.o)
 .comment       0x0000006e       0x6f .\CortexM3\ARM_GCC_541\Debug\RTOS_UART_StringMessage_Copy_01.a(LED.o)
 .comment       0x0000006e       0x6f .\CortexM3\ARM_GCC_541\Debug\RTOS_UART_StringMessage_Copy_01.a(ISR_UART.o)
 .comment       0x0000006e       0x6f .\CortexM3\ARM_GCC_541\Debug\RTOS_UART_StringMessage_Copy_01.a(UART.o)
 .comment       0x0000006e       0x6f .\CortexM3\ARM_GCC_541\Debug\RTOS_UART_StringMessage_Copy_01.a(UART_INT.o)
 .comment       0x0000006e       0x6f .\CortexM3\ARM_GCC_541\Debug\RTOS_UART_StringMessage_Copy_01.a(UART_IntClock.o)
 .comment       0x0000006e       0x6f .\CortexM3\ARM_GCC_541\Debug\RTOS_UART_StringMessage_Copy_01.a(CyFlash.o)
 .comment       0x0000006e       0x6f .\CortexM3\ARM_GCC_541\Debug\RTOS_UART_StringMessage_Copy_01.a(CySpc.o)

.debug_weaknames
 *(.debug_weaknames)

.debug_funcnames
 *(.debug_funcnames)

.debug_typenames
 *(.debug_typenames)

.debug_varnames
 *(.debug_varnames)

.note.gnu.arm.ident
 *(.note.gnu.arm.ident)

.ARM.attributes
                0x00000000       0x29
 *(.ARM.attributes)
 .ARM.attributes
                0x00000000       0x1d c:/program files (x86)/cypress/psoc creator/4.2/psoc creator/import/gnu/arm/5.4.1/bin/../lib/gcc/arm-none-eabi/5.4.1/armv7-m/crti.o
 .ARM.attributes
                0x0000001d       0x2d c:/program files (x86)/cypress/psoc creator/4.2/psoc creator/import/gnu/arm/5.4.1/bin/../lib/gcc/arm-none-eabi/5.4.1/armv7-m/crtbegin.o
 .ARM.attributes
                0x0000004a       0x1b c:/program files (x86)/cypress/psoc creator/4.2/psoc creator/import/gnu/arm/5.4.1/bin/../lib/gcc/arm-none-eabi/5.4.1/../../../../arm-none-eabi/lib/armv7-m/crt0.o
 .ARM.attributes
                0x00000065       0x33 .\CortexM3\ARM_GCC_541\Debug\main.o
 .ARM.attributes
                0x00000098       0x33 .\CortexM3\ARM_GCC_541\Debug\heap_1.o
 .ARM.attributes
                0x000000cb       0x33 .\CortexM3\ARM_GCC_541\Debug\port.o
 .ARM.attributes
                0x000000fe       0x33 .\CortexM3\ARM_GCC_541\Debug\croutine.o
 .ARM.attributes
                0x00000131       0x33 .\CortexM3\ARM_GCC_541\Debug\event_groups.o
 .ARM.attributes
                0x00000164       0x33 .\CortexM3\ARM_GCC_541\Debug\FreeRTOS_PSoC.o
 .ARM.attributes
                0x00000197       0x33 .\CortexM3\ARM_GCC_541\Debug\list.o
 .ARM.attributes
                0x000001ca       0x33 .\CortexM3\ARM_GCC_541\Debug\queue.o
 .ARM.attributes
                0x000001fd       0x33 .\CortexM3\ARM_GCC_541\Debug\stream_buffer.o
 .ARM.attributes
                0x00000230       0x33 .\CortexM3\ARM_GCC_541\Debug\tasks.o
 .ARM.attributes
                0x00000263       0x33 .\CortexM3\ARM_GCC_541\Debug\timers.o
 .ARM.attributes
                0x00000296       0x33 .\CortexM3\ARM_GCC_541\Debug\cyfitter_cfg.o
 .ARM.attributes
                0x000002c9       0x33 .\CortexM3\ARM_GCC_541\Debug\cymetadata.o
 .ARM.attributes
                0x000002fc       0x33 .\CortexM3\ARM_GCC_541\Debug\Cm3Start.o
 .ARM.attributes
                0x0000032f       0x33 .\CortexM3\ARM_GCC_541\Debug\RTOS_UART_StringMessage_Copy_01.a(CyLib.o)
 .ARM.attributes
                0x00000362       0x33 .\CortexM3\ARM_GCC_541\Debug\RTOS_UART_StringMessage_Copy_01.a(cyPm.o)
 .ARM.attributes
                0x00000395       0x33 .\CortexM3\ARM_GCC_541\Debug\RTOS_UART_StringMessage_Copy_01.a(LED.o)
 .ARM.attributes
                0x000003c8       0x33 .\CortexM3\ARM_GCC_541\Debug\RTOS_UART_StringMessage_Copy_01.a(ISR_UART.o)
 .ARM.attributes
                0x000003fb       0x33 .\CortexM3\ARM_GCC_541\Debug\RTOS_UART_StringMessage_Copy_01.a(UART.o)
 .ARM.attributes
                0x0000042e       0x33 .\CortexM3\ARM_GCC_541\Debug\RTOS_UART_StringMessage_Copy_01.a(UART_INT.o)
 .ARM.attributes
                0x00000461       0x33 .\CortexM3\ARM_GCC_541\Debug\RTOS_UART_StringMessage_Copy_01.a(UART_IntClock.o)
 .ARM.attributes
                0x00000494       0x21 .\CortexM3\ARM_GCC_541\Debug\RTOS_UART_StringMessage_Copy_01.a(CyBootAsmGnu.o)
 .ARM.attributes
                0x000004b5       0x33 .\CortexM3\ARM_GCC_541\Debug\RTOS_UART_StringMessage_Copy_01.a(CyFlash.o)
 .ARM.attributes
                0x000004e8       0x33 .\CortexM3\ARM_GCC_541\Debug\RTOS_UART_StringMessage_Copy_01.a(CySpc.o)
 .ARM.attributes
                0x0000051b       0x2d c:/program files (x86)/cypress/psoc creator/4.2/psoc creator/import/gnu/arm/5.4.1/bin/../lib/gcc/arm-none-eabi/5.4.1/../../../../arm-none-eabi/lib/armv7-m\libg_nano.a(lib_a-atoi.o)
 .ARM.attributes
                0x00000548       0x2d c:/program files (x86)/cypress/psoc creator/4.2/psoc creator/import/gnu/arm/5.4.1/bin/../lib/gcc/arm-none-eabi/5.4.1/../../../../arm-none-eabi/lib/armv7-m\libg_nano.a(lib_a-errno.o)
 .ARM.attributes
                0x00000575       0x2d c:/program files (x86)/cypress/psoc creator/4.2/psoc creator/import/gnu/arm/5.4.1/bin/../lib/gcc/arm-none-eabi/5.4.1/../../../../arm-none-eabi/lib/armv7-m\libg_nano.a(lib_a-exit.o)
 .ARM.attributes
                0x000005a2       0x2d c:/program files (x86)/cypress/psoc creator/4.2/psoc creator/import/gnu/arm/5.4.1/bin/../lib/gcc/arm-none-eabi/5.4.1/../../../../arm-none-eabi/lib/armv7-m\libg_nano.a(lib_a-impure.o)
 .ARM.attributes
                0x000005cf       0x2d c:/program files (x86)/cypress/psoc creator/4.2/psoc creator/import/gnu/arm/5.4.1/bin/../lib/gcc/arm-none-eabi/5.4.1/../../../../arm-none-eabi/lib/armv7-m\libg_nano.a(lib_a-init.o)
 .ARM.attributes
                0x000005fc       0x2d c:/program files (x86)/cypress/psoc creator/4.2/psoc creator/import/gnu/arm/5.4.1/bin/../lib/gcc/arm-none-eabi/5.4.1/../../../../arm-none-eabi/lib/armv7-m\libg_nano.a(lib_a-memcpy-stub.o)
 .ARM.attributes
                0x00000629       0x2d c:/program files (x86)/cypress/psoc creator/4.2/psoc creator/import/gnu/arm/5.4.1/bin/../lib/gcc/arm-none-eabi/5.4.1/../../../../arm-none-eabi/lib/armv7-m\libg_nano.a(lib_a-memset.o)
 .ARM.attributes
                0x00000656       0x1b c:/program files (x86)/cypress/psoc creator/4.2/psoc creator/import/gnu/arm/5.4.1/bin/../lib/gcc/arm-none-eabi/5.4.1/../../../../arm-none-eabi/lib/armv7-m\libg_nano.a(lib_a-strcmp.o)
 .ARM.attributes
                0x00000671       0x2d c:/program files (x86)/cypress/psoc creator/4.2/psoc creator/import/gnu/arm/5.4.1/bin/../lib/gcc/arm-none-eabi/5.4.1/../../../../arm-none-eabi/lib/armv7-m\libg_nano.a(lib_a-strcpy.o)
 .ARM.attributes
                0x0000069e       0x2d c:/program files (x86)/cypress/psoc creator/4.2/psoc creator/import/gnu/arm/5.4.1/bin/../lib/gcc/arm-none-eabi/5.4.1/../../../../arm-none-eabi/lib/armv7-m\libg_nano.a(lib_a-strtok.o)
 .ARM.attributes
                0x000006cb       0x2d c:/program files (x86)/cypress/psoc creator/4.2/psoc creator/import/gnu/arm/5.4.1/bin/../lib/gcc/arm-none-eabi/5.4.1/../../../../arm-none-eabi/lib/armv7-m\libg_nano.a(lib_a-strtok_r.o)
 .ARM.attributes
                0x000006f8       0x2d c:/program files (x86)/cypress/psoc creator/4.2/psoc creator/import/gnu/arm/5.4.1/bin/../lib/gcc/arm-none-eabi/5.4.1/../../../../arm-none-eabi/lib/armv7-m\libg_nano.a(lib_a-strtol.o)
 .ARM.attributes
                0x00000725       0x2d c:/program files (x86)/cypress/psoc creator/4.2/psoc creator/import/gnu/arm/5.4.1/bin/../lib/gcc/arm-none-eabi/5.4.1/../../../../arm-none-eabi/lib/armv7-m\libg_nano.a(lib_a-ctype_.o)
 .ARM.attributes
                0x00000752       0x2d c:/program files (x86)/cypress/psoc creator/4.2/psoc creator/import/gnu/arm/5.4.1/bin/../lib/gcc/arm-none-eabi/5.4.1/../../../../arm-none-eabi/lib/armv7-m\libg_nano.a(lib_a-malloc.o)
 .ARM.attributes
                0x0000077f       0x2d c:/program files (x86)/cypress/psoc creator/4.2/psoc creator/import/gnu/arm/5.4.1/bin/../lib/gcc/arm-none-eabi/5.4.1/../../../../arm-none-eabi/lib/armv7-m\libg_nano.a(lib_a-nano-freer.o)
 .ARM.attributes
                0x000007ac       0x2d c:/program files (x86)/cypress/psoc creator/4.2/psoc creator/import/gnu/arm/5.4.1/bin/../lib/gcc/arm-none-eabi/5.4.1/../../../../arm-none-eabi/lib/armv7-m\libg_nano.a(lib_a-nano-mallocr.o)
 .ARM.attributes
                0x000007d9       0x2d c:/program files (x86)/cypress/psoc creator/4.2/psoc creator/import/gnu/arm/5.4.1/bin/../lib/gcc/arm-none-eabi/5.4.1/../../../../arm-none-eabi/lib/armv7-m\libg_nano.a(lib_a-sbrkr.o)
 .ARM.attributes
                0x00000806       0x2d c:/program files (x86)/cypress/psoc creator/4.2/psoc creator/import/gnu/arm/5.4.1/bin/../lib/gcc/arm-none-eabi/5.4.1/../../../../arm-none-eabi/lib/armv7-m\libg_nano.a(lib_a-mlock.o)
 .ARM.attributes
                0x00000833       0x2d c:/program files (x86)/cypress/psoc creator/4.2/psoc creator/import/gnu/arm/5.4.1/bin/../lib/gcc/arm-none-eabi/5.4.1/../../../../arm-none-eabi/lib/armv7-m\libg_nano.a(lib_a-reent.o)
 .ARM.attributes
                0x00000860       0x2d c:/program files (x86)/cypress/psoc creator/4.2/psoc creator/import/gnu/arm/5.4.1/bin/../lib/gcc/arm-none-eabi/5.4.1/armv7-m/crtend.o
 .ARM.attributes
                0x0000088d       0x1d c:/program files (x86)/cypress/psoc creator/4.2/psoc creator/import/gnu/arm/5.4.1/bin/../lib/gcc/arm-none-eabi/5.4.1/armv7-m/crtn.o

/DISCARD/
 *(.note.GNU-stack)
OUTPUT(C:\Users\Tri94\Documents\PSoC Creator\EE4450\EE4450-Projects\RTOS_UART_StringMessage_Copy_01.cydsn\CortexM3\ARM_GCC_541\Debug\RTOS_UART_StringMessage_Copy_01.elf elf32-littlearm)
