Archive member included to satisfy reference by file (symbol)

.\CortexM3\ARM_GCC_541\Debug\Led_Display_Extra_Credit.a(nSW.o)
                              .\CortexM3\ARM_GCC_541\Debug\main.o (nSW_Read)
.\CortexM3\ARM_GCC_541\Debug\Led_Display_Extra_Credit.a(CyDmac.o)
                              .\CortexM3\ARM_GCC_541\Debug\Cm3Start.o (CyDmacConfigure)
.\CortexM3\ARM_GCC_541\Debug\Led_Display_Extra_Credit.a(CyLib.o)
                              .\CortexM3\ARM_GCC_541\Debug\Cm3Start.o (CyHalt)
.\CortexM3\ARM_GCC_541\Debug\Led_Display_Extra_Credit.a(cyPm.o)
                              .\CortexM3\ARM_GCC_541\Debug\Led_Display_Extra_Credit.a(CyLib.o) (CyPmReadStatus)
.\CortexM3\ARM_GCC_541\Debug\Led_Display_Extra_Credit.a(LED.o)
                              .\CortexM3\ARM_GCC_541\Debug\main.o (LED_Enable)
.\CortexM3\ARM_GCC_541\Debug\Led_Display_Extra_Credit.a(LED_Com_Driver.o)
                              .\CortexM3\ARM_GCC_541\Debug\Led_Display_Extra_Credit.a(LED.o) (LED_Com_Driver_Write)
.\CortexM3\ARM_GCC_541\Debug\Led_Display_Extra_Credit.a(LED_DMA_Com_dma.o)
                              .\CortexM3\ARM_GCC_541\Debug\Led_Display_Extra_Credit.a(LED.o) (LED_DMA_Com_DmaInitialize)
.\CortexM3\ARM_GCC_541\Debug\Led_Display_Extra_Credit.a(LED_DMA_Seg_dma.o)
                              .\CortexM3\ARM_GCC_541\Debug\Led_Display_Extra_Credit.a(LED.o) (LED_DMA_Seg_DmaInitialize)
.\CortexM3\ARM_GCC_541\Debug\Led_Display_Extra_Credit.a(CyBootAsmGnu.o)
                              .\CortexM3\ARM_GCC_541\Debug\cyfitter_cfg.o (CyDelayCycles)
.\CortexM3\ARM_GCC_541\Debug\Led_Display_Extra_Credit.a(CyFlash.o)
                              .\CortexM3\ARM_GCC_541\Debug\Led_Display_Extra_Credit.a(cyPm.o) (CyFlash_SetWaitCycles)
.\CortexM3\ARM_GCC_541\Debug\Led_Display_Extra_Credit.a(CySpc.o)
                              .\CortexM3\ARM_GCC_541\Debug\Led_Display_Extra_Credit.a(CyFlash.o) (CySpcStart)
c:/program files (x86)/cypress/psoc creator/4.2/psoc creator/import/gnu/arm/5.4.1/bin/../lib/gcc/arm-none-eabi/5.4.1/../../../../arm-none-eabi/lib/armv7-m\libg_nano.a(lib_a-errno.o)
                              .\CortexM3\ARM_GCC_541\Debug\Cm3Start.o (__errno)
c:/program files (x86)/cypress/psoc creator/4.2/psoc creator/import/gnu/arm/5.4.1/bin/../lib/gcc/arm-none-eabi/5.4.1/../../../../arm-none-eabi/lib/armv7-m\libg_nano.a(lib_a-exit.o)
                              c:/program files (x86)/cypress/psoc creator/4.2/psoc creator/import/gnu/arm/5.4.1/bin/../lib/gcc/arm-none-eabi/5.4.1/../../../../arm-none-eabi/lib/armv7-m/crt0.o (exit)
c:/program files (x86)/cypress/psoc creator/4.2/psoc creator/import/gnu/arm/5.4.1/bin/../lib/gcc/arm-none-eabi/5.4.1/../../../../arm-none-eabi/lib/armv7-m\libg_nano.a(lib_a-impure.o)
                              c:/program files (x86)/cypress/psoc creator/4.2/psoc creator/import/gnu/arm/5.4.1/bin/../lib/gcc/arm-none-eabi/5.4.1/../../../../arm-none-eabi/lib/armv7-m\libg_nano.a(lib_a-exit.o) (_global_impure_ptr)
c:/program files (x86)/cypress/psoc creator/4.2/psoc creator/import/gnu/arm/5.4.1/bin/../lib/gcc/arm-none-eabi/5.4.1/../../../../arm-none-eabi/lib/armv7-m\libg_nano.a(lib_a-init.o)
                              c:/program files (x86)/cypress/psoc creator/4.2/psoc creator/import/gnu/arm/5.4.1/bin/../lib/gcc/arm-none-eabi/5.4.1/../../../../arm-none-eabi/lib/armv7-m/crt0.o (__libc_init_array)
c:/program files (x86)/cypress/psoc creator/4.2/psoc creator/import/gnu/arm/5.4.1/bin/../lib/gcc/arm-none-eabi/5.4.1/../../../../arm-none-eabi/lib/armv7-m\libg_nano.a(lib_a-memcpy-stub.o)
                              .\CortexM3\ARM_GCC_541\Debug\cyfitter_cfg.o (memcpy)
c:/program files (x86)/cypress/psoc creator/4.2/psoc creator/import/gnu/arm/5.4.1/bin/../lib/gcc/arm-none-eabi/5.4.1/../../../../arm-none-eabi/lib/armv7-m\libg_nano.a(lib_a-memset.o)
                              c:/program files (x86)/cypress/psoc creator/4.2/psoc creator/import/gnu/arm/5.4.1/bin/../lib/gcc/arm-none-eabi/5.4.1/../../../../arm-none-eabi/lib/armv7-m/crt0.o (memset)
c:/program files (x86)/cypress/psoc creator/4.2/psoc creator/import/gnu/arm/5.4.1/bin/../lib/gcc/arm-none-eabi/5.4.1/../../../../arm-none-eabi/lib/armv7-m\libg_nano.a(lib_a-rand.o)
                              .\CortexM3\ARM_GCC_541\Debug\main.o (rand)
c:/program files (x86)/cypress/psoc creator/4.2/psoc creator/import/gnu/arm/5.4.1/bin/../lib/gcc/arm-none-eabi/5.4.1/../../../../arm-none-eabi/lib/armv7-m\libg_nano.a(lib_a-strlen.o)
                              .\CortexM3\ARM_GCC_541\Debug\Led_Display_Extra_Credit.a(LED.o) (strlen)
c:/program files (x86)/cypress/psoc creator/4.2/psoc creator/import/gnu/arm/5.4.1/bin/../lib/gcc/arm-none-eabi/5.4.1/../../../../arm-none-eabi/lib/armv7-m\libg_nano.a(lib_a-malloc.o)
                              c:/program files (x86)/cypress/psoc creator/4.2/psoc creator/import/gnu/arm/5.4.1/bin/../lib/gcc/arm-none-eabi/5.4.1/../../../../arm-none-eabi/lib/armv7-m\libg_nano.a(lib_a-rand.o) (malloc)
c:/program files (x86)/cypress/psoc creator/4.2/psoc creator/import/gnu/arm/5.4.1/bin/../lib/gcc/arm-none-eabi/5.4.1/../../../../arm-none-eabi/lib/armv7-m\libg_nano.a(lib_a-nano-freer.o)
                              c:/program files (x86)/cypress/psoc creator/4.2/psoc creator/import/gnu/arm/5.4.1/bin/../lib/gcc/arm-none-eabi/5.4.1/../../../../arm-none-eabi/lib/armv7-m\libg_nano.a(lib_a-malloc.o) (_free_r)
c:/program files (x86)/cypress/psoc creator/4.2/psoc creator/import/gnu/arm/5.4.1/bin/../lib/gcc/arm-none-eabi/5.4.1/../../../../arm-none-eabi/lib/armv7-m\libg_nano.a(lib_a-nano-mallocr.o)
                              c:/program files (x86)/cypress/psoc creator/4.2/psoc creator/import/gnu/arm/5.4.1/bin/../lib/gcc/arm-none-eabi/5.4.1/../../../../arm-none-eabi/lib/armv7-m\libg_nano.a(lib_a-malloc.o) (_malloc_r)
c:/program files (x86)/cypress/psoc creator/4.2/psoc creator/import/gnu/arm/5.4.1/bin/../lib/gcc/arm-none-eabi/5.4.1/../../../../arm-none-eabi/lib/armv7-m\libg_nano.a(lib_a-sbrkr.o)
                              c:/program files (x86)/cypress/psoc creator/4.2/psoc creator/import/gnu/arm/5.4.1/bin/../lib/gcc/arm-none-eabi/5.4.1/../../../../arm-none-eabi/lib/armv7-m\libg_nano.a(lib_a-nano-mallocr.o) (_sbrk_r)
c:/program files (x86)/cypress/psoc creator/4.2/psoc creator/import/gnu/arm/5.4.1/bin/../lib/gcc/arm-none-eabi/5.4.1/../../../../arm-none-eabi/lib/armv7-m\libg_nano.a(lib_a-mlock.o)
                              c:/program files (x86)/cypress/psoc creator/4.2/psoc creator/import/gnu/arm/5.4.1/bin/../lib/gcc/arm-none-eabi/5.4.1/../../../../arm-none-eabi/lib/armv7-m\libg_nano.a(lib_a-nano-freer.o) (__malloc_lock)
c:/program files (x86)/cypress/psoc creator/4.2/psoc creator/import/gnu/arm/5.4.1/bin/../lib/gcc/arm-none-eabi/5.4.1/../../../../arm-none-eabi/lib/armv7-m\libg_nano.a(lib_a-reent.o)
                              c:/program files (x86)/cypress/psoc creator/4.2/psoc creator/import/gnu/arm/5.4.1/bin/../lib/gcc/arm-none-eabi/5.4.1/../../../../arm-none-eabi/lib/armv7-m\libg_nano.a(lib_a-sbrkr.o) (errno)

Allocating common symbols
Common symbol       size              file

errno               0x4               c:/program files (x86)/cypress/psoc creator/4.2/psoc creator/import/gnu/arm/5.4.1/bin/../lib/gcc/arm-none-eabi/5.4.1/../../../../arm-none-eabi/lib/armv7-m\libg_nano.a(lib_a-reent.o)
LED_segLBuffer      0x4               .\CortexM3\ARM_GCC_541\Debug\Led_Display_Extra_Credit.a(LED.o)
dieTemperature      0x2               .\CortexM3\ARM_GCC_541\Debug\Led_Display_Extra_Credit.a(CyFlash.o)

Discarded input sections

 .text          0x00000000        0x0 c:/program files (x86)/cypress/psoc creator/4.2/psoc creator/import/gnu/arm/5.4.1/bin/../lib/gcc/arm-none-eabi/5.4.1/armv7-m/crti.o
 .data          0x00000000        0x0 c:/program files (x86)/cypress/psoc creator/4.2/psoc creator/import/gnu/arm/5.4.1/bin/../lib/gcc/arm-none-eabi/5.4.1/armv7-m/crti.o
 .bss           0x00000000        0x0 c:/program files (x86)/cypress/psoc creator/4.2/psoc creator/import/gnu/arm/5.4.1/bin/../lib/gcc/arm-none-eabi/5.4.1/armv7-m/crti.o
 .data          0x00000000        0x4 c:/program files (x86)/cypress/psoc creator/4.2/psoc creator/import/gnu/arm/5.4.1/bin/../lib/gcc/arm-none-eabi/5.4.1/armv7-m/crtbegin.o
 .text          0x00000000       0x74 c:/program files (x86)/cypress/psoc creator/4.2/psoc creator/import/gnu/arm/5.4.1/bin/../lib/gcc/arm-none-eabi/5.4.1/../../../../arm-none-eabi/lib/armv7-m/crt0.o
 .data          0x00000000        0x0 c:/program files (x86)/cypress/psoc creator/4.2/psoc creator/import/gnu/arm/5.4.1/bin/../lib/gcc/arm-none-eabi/5.4.1/../../../../arm-none-eabi/lib/armv7-m/crt0.o
 .bss           0x00000000        0x0 c:/program files (x86)/cypress/psoc creator/4.2/psoc creator/import/gnu/arm/5.4.1/bin/../lib/gcc/arm-none-eabi/5.4.1/../../../../arm-none-eabi/lib/armv7-m/crt0.o
 .ARM.extab     0x00000000        0x0 c:/program files (x86)/cypress/psoc creator/4.2/psoc creator/import/gnu/arm/5.4.1/bin/../lib/gcc/arm-none-eabi/5.4.1/../../../../arm-none-eabi/lib/armv7-m/crt0.o
 .ARM.exidx     0x00000000        0x8 c:/program files (x86)/cypress/psoc creator/4.2/psoc creator/import/gnu/arm/5.4.1/bin/../lib/gcc/arm-none-eabi/5.4.1/../../../../arm-none-eabi/lib/armv7-m/crt0.o
 .text          0x00000000        0x0 .\CortexM3\ARM_GCC_541\Debug\main.o
 .data          0x00000000        0x0 .\CortexM3\ARM_GCC_541\Debug\main.o
 .bss           0x00000000        0x0 .\CortexM3\ARM_GCC_541\Debug\main.o
 .text          0x00000000        0x0 .\CortexM3\ARM_GCC_541\Debug\cyfitter_cfg.o
 .data          0x00000000        0x0 .\CortexM3\ARM_GCC_541\Debug\cyfitter_cfg.o
 .bss           0x00000000        0x0 .\CortexM3\ARM_GCC_541\Debug\cyfitter_cfg.o
 .text.SetAnalogRoutingPumps
                0x00000000       0x10 .\CortexM3\ARM_GCC_541\Debug\cyfitter_cfg.o
 .text          0x00000000        0x0 .\CortexM3\ARM_GCC_541\Debug\cymetadata.o
 .data          0x00000000        0x0 .\CortexM3\ARM_GCC_541\Debug\cymetadata.o
 .bss           0x00000000        0x0 .\CortexM3\ARM_GCC_541\Debug\cymetadata.o
 .text          0x00000000        0x0 .\CortexM3\ARM_GCC_541\Debug\Cm3Start.o
 .bss           0x00000000        0x0 .\CortexM3\ARM_GCC_541\Debug\Cm3Start.o
 .text._exit    0x00000000        0xc .\CortexM3\ARM_GCC_541\Debug\Cm3Start.o
 .text          0x00000000        0x0 .\CortexM3\ARM_GCC_541\Debug\Led_Display_Extra_Credit.a(nSW.o)
 .data          0x00000000        0x0 .\CortexM3\ARM_GCC_541\Debug\Led_Display_Extra_Credit.a(nSW.o)
 .bss           0x00000000        0x0 .\CortexM3\ARM_GCC_541\Debug\Led_Display_Extra_Credit.a(nSW.o)
 .text.nSW_Write
                0x00000000       0x18 .\CortexM3\ARM_GCC_541\Debug\Led_Display_Extra_Credit.a(nSW.o)
 .text.nSW_SetDriveMode
                0x00000000       0x18 .\CortexM3\ARM_GCC_541\Debug\Led_Display_Extra_Credit.a(nSW.o)
 .text.nSW_ReadDataReg
                0x00000000       0x10 .\CortexM3\ARM_GCC_541\Debug\Led_Display_Extra_Credit.a(nSW.o)
 .text          0x00000000        0x0 .\CortexM3\ARM_GCC_541\Debug\Led_Display_Extra_Credit.a(CyDmac.o)
 .bss           0x00000000        0x0 .\CortexM3\ARM_GCC_541\Debug\Led_Display_Extra_Credit.a(CyDmac.o)
 .text.CyDmacError
                0x00000000       0x10 .\CortexM3\ARM_GCC_541\Debug\Led_Display_Extra_Credit.a(CyDmac.o)
 .text.CyDmacClearError
                0x00000000       0x10 .\CortexM3\ARM_GCC_541\Debug\Led_Display_Extra_Credit.a(CyDmac.o)
 .text.CyDmacErrorAddress
                0x00000000        0xc .\CortexM3\ARM_GCC_541\Debug\Led_Display_Extra_Credit.a(CyDmac.o)
 .text.CyDmaChAlloc
                0x00000000       0x38 .\CortexM3\ARM_GCC_541\Debug\Led_Display_Extra_Credit.a(CyDmac.o)
 .text.CyDmaChFree
                0x00000000       0x2c .\CortexM3\ARM_GCC_541\Debug\Led_Display_Extra_Credit.a(CyDmac.o)
 .text.CyDmaChDisable
                0x00000000       0x24 .\CortexM3\ARM_GCC_541\Debug\Led_Display_Extra_Credit.a(CyDmac.o)
 .text.CyDmaClearPendingDrq
                0x00000000       0x28 .\CortexM3\ARM_GCC_541\Debug\Led_Display_Extra_Credit.a(CyDmac.o)
 .text.CyDmaChSetRequest
                0x00000000       0x20 .\CortexM3\ARM_GCC_541\Debug\Led_Display_Extra_Credit.a(CyDmac.o)
 .text.CyDmaChGetRequest
                0x00000000       0x1c .\CortexM3\ARM_GCC_541\Debug\Led_Display_Extra_Credit.a(CyDmac.o)
 .text.CyDmaChStatus
                0x00000000       0x30 .\CortexM3\ARM_GCC_541\Debug\Led_Display_Extra_Credit.a(CyDmac.o)
 .text.CyDmaTdFree
                0x00000000       0x34 .\CortexM3\ARM_GCC_541\Debug\Led_Display_Extra_Credit.a(CyDmac.o)
 .text.CyDmaTdFreeCount
                0x00000000       0x10 .\CortexM3\ARM_GCC_541\Debug\Led_Display_Extra_Credit.a(CyDmac.o)
 .text.CyDmaTdGetConfiguration
                0x00000000       0x4c .\CortexM3\ARM_GCC_541\Debug\Led_Display_Extra_Credit.a(CyDmac.o)
 .text.CyDmaTdGetAddress
                0x00000000       0x34 .\CortexM3\ARM_GCC_541\Debug\Led_Display_Extra_Credit.a(CyDmac.o)
 .text.CyDmaChRoundRobin
                0x00000000       0x30 .\CortexM3\ARM_GCC_541\Debug\Led_Display_Extra_Credit.a(CyDmac.o)
 .text          0x00000000        0x0 .\CortexM3\ARM_GCC_541\Debug\Led_Display_Extra_Credit.a(CyLib.o)
 .bss           0x00000000       0x1c .\CortexM3\ARM_GCC_541\Debug\Led_Display_Extra_Credit.a(CyLib.o)
 .text.CyUSB_PowerOnCheck
                0x00000000       0x48 .\CortexM3\ARM_GCC_541\Debug\Led_Display_Extra_Credit.a(CyLib.o)
 .text.CyBusClk_Internal_SetDivider
                0x00000000       0x48 .\CortexM3\ARM_GCC_541\Debug\Led_Display_Extra_Credit.a(CyLib.o)
 .text.CyPLL_OUT_Stop
                0x00000000       0x10 .\CortexM3\ARM_GCC_541\Debug\Led_Display_Extra_Credit.a(CyLib.o)
 .text.CyIMO_Stop
                0x00000000       0x1c .\CortexM3\ARM_GCC_541\Debug\Led_Display_Extra_Credit.a(CyLib.o)
 .text.CyIMO_EnableDoubler
                0x00000000       0x10 .\CortexM3\ARM_GCC_541\Debug\Led_Display_Extra_Credit.a(CyLib.o)
 .text.CyIMO_DisableDoubler
                0x00000000       0x10 .\CortexM3\ARM_GCC_541\Debug\Led_Display_Extra_Credit.a(CyLib.o)
 .text.CyMasterClk_SetSource
                0x00000000       0x18 .\CortexM3\ARM_GCC_541\Debug\Led_Display_Extra_Credit.a(CyLib.o)
 .text.CyMasterClk_SetDivider
                0x00000000        0xc .\CortexM3\ARM_GCC_541\Debug\Led_Display_Extra_Credit.a(CyLib.o)
 .text.CyBusClk_SetDivider
                0x00000000       0x70 .\CortexM3\ARM_GCC_541\Debug\Led_Display_Extra_Credit.a(CyLib.o)
 .text.CyUsbClk_SetSource
                0x00000000       0x18 .\CortexM3\ARM_GCC_541\Debug\Led_Display_Extra_Credit.a(CyLib.o)
 .text.CyILO_Start1K
                0x00000000       0x10 .\CortexM3\ARM_GCC_541\Debug\Led_Display_Extra_Credit.a(CyLib.o)
 .text.CyILO_Stop1K
                0x00000000       0x10 .\CortexM3\ARM_GCC_541\Debug\Led_Display_Extra_Credit.a(CyLib.o)
 .text.CyILO_Start100K
                0x00000000       0x10 .\CortexM3\ARM_GCC_541\Debug\Led_Display_Extra_Credit.a(CyLib.o)
 .text.CyILO_Stop100K
                0x00000000       0x10 .\CortexM3\ARM_GCC_541\Debug\Led_Display_Extra_Credit.a(CyLib.o)
 .text.CyPLL_OUT_Start
                0x00000000       0x78 .\CortexM3\ARM_GCC_541\Debug\Led_Display_Extra_Credit.a(CyLib.o)
 .text.CyIMO_Start
                0x00000000       0x60 .\CortexM3\ARM_GCC_541\Debug\Led_Display_Extra_Credit.a(CyLib.o)
 .text.CyILO_Enable33K
                0x00000000       0x10 .\CortexM3\ARM_GCC_541\Debug\Led_Display_Extra_Credit.a(CyLib.o)
 .text.CyILO_Disable33K
                0x00000000       0x10 .\CortexM3\ARM_GCC_541\Debug\Led_Display_Extra_Credit.a(CyLib.o)
 .text.CyILO_SetSource
                0x00000000       0x18 .\CortexM3\ARM_GCC_541\Debug\Led_Display_Extra_Credit.a(CyLib.o)
 .text.CyILO_SetPowerMode
                0x00000000       0x24 .\CortexM3\ARM_GCC_541\Debug\Led_Display_Extra_Credit.a(CyLib.o)
 .text.CyXTAL_32KHZ_Stop
                0x00000000       0x30 .\CortexM3\ARM_GCC_541\Debug\Led_Display_Extra_Credit.a(CyLib.o)
 .text.CyXTAL_32KHZ_ReadStatus
                0x00000000       0x10 .\CortexM3\ARM_GCC_541\Debug\Led_Display_Extra_Credit.a(CyLib.o)
 .text.CyXTAL_Start
                0x00000000       0xac .\CortexM3\ARM_GCC_541\Debug\Led_Display_Extra_Credit.a(CyLib.o)
 .text.CyXTAL_Stop
                0x00000000       0x10 .\CortexM3\ARM_GCC_541\Debug\Led_Display_Extra_Credit.a(CyLib.o)
 .text.CyXTAL_EnableErrStatus
                0x00000000       0x10 .\CortexM3\ARM_GCC_541\Debug\Led_Display_Extra_Credit.a(CyLib.o)
 .text.CyXTAL_DisableErrStatus
                0x00000000       0x10 .\CortexM3\ARM_GCC_541\Debug\Led_Display_Extra_Credit.a(CyLib.o)
 .text.CyXTAL_ReadStatus
                0x00000000       0x18 .\CortexM3\ARM_GCC_541\Debug\Led_Display_Extra_Credit.a(CyLib.o)
 .text.CyXTAL_EnableFaultRecovery
                0x00000000       0x10 .\CortexM3\ARM_GCC_541\Debug\Led_Display_Extra_Credit.a(CyLib.o)
 .text.CyXTAL_DisableFaultRecovery
                0x00000000       0x10 .\CortexM3\ARM_GCC_541\Debug\Led_Display_Extra_Credit.a(CyLib.o)
 .text.CyXTAL_SetStartup
                0x00000000       0x18 .\CortexM3\ARM_GCC_541\Debug\Led_Display_Extra_Credit.a(CyLib.o)
 .text.CyXTAL_SetFbVoltage
                0x00000000       0x18 .\CortexM3\ARM_GCC_541\Debug\Led_Display_Extra_Credit.a(CyLib.o)
 .text.CyXTAL_SetWdVoltage
                0x00000000       0x18 .\CortexM3\ARM_GCC_541\Debug\Led_Display_Extra_Credit.a(CyLib.o)
 .text.CyHalt   0x00000000        0x4 .\CortexM3\ARM_GCC_541\Debug\Led_Display_Extra_Credit.a(CyLib.o)
 .text.CyPLL_OUT_SetPQ
                0x00000000       0x60 .\CortexM3\ARM_GCC_541\Debug\Led_Display_Extra_Credit.a(CyLib.o)
 .text.CyPLL_OUT_SetSource
                0x00000000       0x34 .\CortexM3\ARM_GCC_541\Debug\Led_Display_Extra_Credit.a(CyLib.o)
 .text.CyIMO_SetTrimValue
                0x00000000       0xcc .\CortexM3\ARM_GCC_541\Debug\Led_Display_Extra_Credit.a(CyLib.o)
 .text.CyIMO_SetFreq
                0x00000000       0xf4 .\CortexM3\ARM_GCC_541\Debug\Led_Display_Extra_Credit.a(CyLib.o)
 .text.CyIMO_SetSource
                0x00000000       0x58 .\CortexM3\ARM_GCC_541\Debug\Led_Display_Extra_Credit.a(CyLib.o)
 .text.CySoftwareReset
                0x00000000       0x10 .\CortexM3\ARM_GCC_541\Debug\Led_Display_Extra_Credit.a(CyLib.o)
 .text.CyDelayUs
                0x00000000       0x14 .\CortexM3\ARM_GCC_541\Debug\Led_Display_Extra_Credit.a(CyLib.o)
 .text.CyXTAL_32KHZ_SetPowerMode
                0x00000000       0x84 .\CortexM3\ARM_GCC_541\Debug\Led_Display_Extra_Credit.a(CyLib.o)
 .text.CyXTAL_32KHZ_Start
                0x00000000       0x74 .\CortexM3\ARM_GCC_541\Debug\Led_Display_Extra_Credit.a(CyLib.o)
 .text.CyDelayFreq
                0x00000000       0x4c .\CortexM3\ARM_GCC_541\Debug\Led_Display_Extra_Credit.a(CyLib.o)
 .text.CyWdtStart
                0x00000000       0x40 .\CortexM3\ARM_GCC_541\Debug\Led_Display_Extra_Credit.a(CyLib.o)
 .text.CyWdtClear
                0x00000000        0xc .\CortexM3\ARM_GCC_541\Debug\Led_Display_Extra_Credit.a(CyLib.o)
 .text.CyVdStickyStatus
                0x00000000       0x2c .\CortexM3\ARM_GCC_541\Debug\Led_Display_Extra_Credit.a(CyLib.o)
 .text.CyVdLvDigitEnable
                0x00000000       0x84 .\CortexM3\ARM_GCC_541\Debug\Led_Display_Extra_Credit.a(CyLib.o)
 .text.CyVdLvAnalogEnable
                0x00000000       0x80 .\CortexM3\ARM_GCC_541\Debug\Led_Display_Extra_Credit.a(CyLib.o)
 .text.CyVdLvDigitDisable
                0x00000000       0x30 .\CortexM3\ARM_GCC_541\Debug\Led_Display_Extra_Credit.a(CyLib.o)
 .text.CyVdLvAnalogDisable
                0x00000000       0x28 .\CortexM3\ARM_GCC_541\Debug\Led_Display_Extra_Credit.a(CyLib.o)
 .text.CyVdHvAnalogEnable
                0x00000000       0x54 .\CortexM3\ARM_GCC_541\Debug\Led_Display_Extra_Credit.a(CyLib.o)
 .text.CyVdHvAnalogDisable
                0x00000000       0x20 .\CortexM3\ARM_GCC_541\Debug\Led_Display_Extra_Credit.a(CyLib.o)
 .text.CyVdRealTimeStatus
                0x00000000       0x1c .\CortexM3\ARM_GCC_541\Debug\Led_Display_Extra_Credit.a(CyLib.o)
 .text.CyDisableInts
                0x00000000       0x1c .\CortexM3\ARM_GCC_541\Debug\Led_Display_Extra_Credit.a(CyLib.o)
 .text.CyEnableInts
                0x00000000       0x18 .\CortexM3\ARM_GCC_541\Debug\Led_Display_Extra_Credit.a(CyLib.o)
 .text.CyFlushCache
                0x00000000       0x44 .\CortexM3\ARM_GCC_541\Debug\Led_Display_Extra_Credit.a(CyLib.o)
 .text.CyIntSetSysVector
                0x00000000       0x28 .\CortexM3\ARM_GCC_541\Debug\Led_Display_Extra_Credit.a(CyLib.o)
 .text.CyIntGetSysVector
                0x00000000       0x20 .\CortexM3\ARM_GCC_541\Debug\Led_Display_Extra_Credit.a(CyLib.o)
 .text.CyIntSetVector
                0x00000000       0x28 .\CortexM3\ARM_GCC_541\Debug\Led_Display_Extra_Credit.a(CyLib.o)
 .text.CyIntGetVector
                0x00000000       0x24 .\CortexM3\ARM_GCC_541\Debug\Led_Display_Extra_Credit.a(CyLib.o)
 .text.CyIntSetPriority
                0x00000000       0x30 .\CortexM3\ARM_GCC_541\Debug\Led_Display_Extra_Credit.a(CyLib.o)
 .text.CyIntGetPriority
                0x00000000       0x20 .\CortexM3\ARM_GCC_541\Debug\Led_Display_Extra_Credit.a(CyLib.o)
 .text.CyIntGetState
                0x00000000       0x24 .\CortexM3\ARM_GCC_541\Debug\Led_Display_Extra_Credit.a(CyLib.o)
 .text.CySysTickStop
                0x00000000       0x10 .\CortexM3\ARM_GCC_541\Debug\Led_Display_Extra_Credit.a(CyLib.o)
 .text.CySysTickEnableInterrupt
                0x00000000       0x10 .\CortexM3\ARM_GCC_541\Debug\Led_Display_Extra_Credit.a(CyLib.o)
 .text.CySysTickEnable
                0x00000000       0x18 .\CortexM3\ARM_GCC_541\Debug\Led_Display_Extra_Credit.a(CyLib.o)
 .text.CySysTickDisableInterrupt
                0x00000000       0x10 .\CortexM3\ARM_GCC_541\Debug\Led_Display_Extra_Credit.a(CyLib.o)
 .text.CySysTickSetReload
                0x00000000       0x10 .\CortexM3\ARM_GCC_541\Debug\Led_Display_Extra_Credit.a(CyLib.o)
 .text.CySysTickGetReload
                0x00000000       0x10 .\CortexM3\ARM_GCC_541\Debug\Led_Display_Extra_Credit.a(CyLib.o)
 .text.CySysTickGetValue
                0x00000000       0x10 .\CortexM3\ARM_GCC_541\Debug\Led_Display_Extra_Credit.a(CyLib.o)
 .text.CySysTickSetClockSource
                0x00000000       0x20 .\CortexM3\ARM_GCC_541\Debug\Led_Display_Extra_Credit.a(CyLib.o)
 .text.CySysTickGetClockSource
                0x00000000       0x10 .\CortexM3\ARM_GCC_541\Debug\Led_Display_Extra_Credit.a(CyLib.o)
 .text.CySysTickGetCountFlag
                0x00000000       0x10 .\CortexM3\ARM_GCC_541\Debug\Led_Display_Extra_Credit.a(CyLib.o)
 .text.CySysTickServiceCallbacks
                0x00000000       0x28 .\CortexM3\ARM_GCC_541\Debug\Led_Display_Extra_Credit.a(CyLib.o)
 .text.CySysTickClear
                0x00000000        0xc .\CortexM3\ARM_GCC_541\Debug\Led_Display_Extra_Credit.a(CyLib.o)
 .text.CySysTickInit
                0x00000000       0x58 .\CortexM3\ARM_GCC_541\Debug\Led_Display_Extra_Credit.a(CyLib.o)
 .text.CySysTickStart
                0x00000000       0x1c .\CortexM3\ARM_GCC_541\Debug\Led_Display_Extra_Credit.a(CyLib.o)
 .text.CySysTickSetCallback
                0x00000000       0x10 .\CortexM3\ARM_GCC_541\Debug\Led_Display_Extra_Credit.a(CyLib.o)
 .text.CySysTickGetCallback
                0x00000000       0x10 .\CortexM3\ARM_GCC_541\Debug\Led_Display_Extra_Credit.a(CyLib.o)
 .text.CyGetUniqueId
                0x00000000       0x70 .\CortexM3\ARM_GCC_541\Debug\Led_Display_Extra_Credit.a(CyLib.o)
 .text          0x00000000        0x0 .\CortexM3\ARM_GCC_541\Debug\Led_Display_Extra_Credit.a(cyPm.o)
 .data          0x00000000        0x0 .\CortexM3\ARM_GCC_541\Debug\Led_Display_Extra_Credit.a(cyPm.o)
 .bss           0x00000000       0x43 .\CortexM3\ARM_GCC_541\Debug\Led_Display_Extra_Credit.a(cyPm.o)
 .text.CyPmHibSlpSaveSet
                0x00000000      0x1dc .\CortexM3\ARM_GCC_541\Debug\Led_Display_Extra_Credit.a(cyPm.o)
 .text.CyPmHibSlpRestore
                0x00000000       0xd8 .\CortexM3\ARM_GCC_541\Debug\Led_Display_Extra_Credit.a(cyPm.o)
 .text.CyPmHviLviSaveDisable
                0x00000000       0xa0 .\CortexM3\ARM_GCC_541\Debug\Led_Display_Extra_Credit.a(cyPm.o)
 .text.CyPmHibSaveSet
                0x00000000       0x98 .\CortexM3\ARM_GCC_541\Debug\Led_Display_Extra_Credit.a(cyPm.o)
 .text.CyPmHviLviRestore
                0x00000000       0x48 .\CortexM3\ARM_GCC_541\Debug\Led_Display_Extra_Credit.a(cyPm.o)
 .text.CyPmHibRestore
                0x00000000       0x60 .\CortexM3\ARM_GCC_541\Debug\Led_Display_Extra_Credit.a(cyPm.o)
 .text.CyPmSaveClocks
                0x00000000      0x218 .\CortexM3\ARM_GCC_541\Debug\Led_Display_Extra_Credit.a(cyPm.o)
 .text.CyPmRestoreClocks
                0x00000000      0x24c .\CortexM3\ARM_GCC_541\Debug\Led_Display_Extra_Credit.a(cyPm.o)
 .text.CyPmAltAct
                0x00000000       0x6c .\CortexM3\ARM_GCC_541\Debug\Led_Display_Extra_Credit.a(cyPm.o)
 .text.CyPmSleep
                0x00000000       0xf4 .\CortexM3\ARM_GCC_541\Debug\Led_Display_Extra_Credit.a(cyPm.o)
 .text.CyPmHibernateEx
                0x00000000       0xf4 .\CortexM3\ARM_GCC_541\Debug\Led_Display_Extra_Credit.a(cyPm.o)
 .text.CyPmHibernate
                0x00000000        0xc .\CortexM3\ARM_GCC_541\Debug\Led_Display_Extra_Credit.a(cyPm.o)
 .text.CyPmReadStatus
                0x00000000       0x30 .\CortexM3\ARM_GCC_541\Debug\Led_Display_Extra_Credit.a(cyPm.o)
 .text.CyPmCtwSetInterval
                0x00000000       0x5c .\CortexM3\ARM_GCC_541\Debug\Led_Display_Extra_Credit.a(cyPm.o)
 .text.CyPmOppsSet
                0x00000000       0x2c .\CortexM3\ARM_GCC_541\Debug\Led_Display_Extra_Credit.a(cyPm.o)
 .text.CyPmFtwSetInterval
                0x00000000       0x5c .\CortexM3\ARM_GCC_541\Debug\Led_Display_Extra_Credit.a(cyPm.o)
 .rodata        0x00000000        0xf .\CortexM3\ARM_GCC_541\Debug\Led_Display_Extra_Credit.a(cyPm.o)
 .text          0x00000000        0x0 .\CortexM3\ARM_GCC_541\Debug\Led_Display_Extra_Credit.a(LED.o)
 .text.LED_DmaDisable
                0x00000000       0x64 .\CortexM3\ARM_GCC_541\Debug\Led_Display_Extra_Credit.a(LED.o)
 .text.LED_SetDisplayRAM
                0x00000000       0x10 .\CortexM3\ARM_GCC_541\Debug\Led_Display_Extra_Credit.a(LED.o)
 .text.LED_SetRC
                0x00000000       0x1c .\CortexM3\ARM_GCC_541\Debug\Led_Display_Extra_Credit.a(LED.o)
 .text.LED_ClearRC
                0x00000000       0x20 .\CortexM3\ARM_GCC_541\Debug\Led_Display_Extra_Credit.a(LED.o)
 .text.LED_ToggleRC
                0x00000000       0x1c .\CortexM3\ARM_GCC_541\Debug\Led_Display_Extra_Credit.a(LED.o)
 .text.LED_GetRC
                0x00000000       0x24 .\CortexM3\ARM_GCC_541\Debug\Led_Display_Extra_Credit.a(LED.o)
 .text.LED_Start
                0x00000000       0x1c .\CortexM3\ARM_GCC_541\Debug\Led_Display_Extra_Credit.a(LED.o)
 .text.LED_Stop
                0x00000000       0x18 .\CortexM3\ARM_GCC_541\Debug\Led_Display_Extra_Credit.a(LED.o)
 .text.LED_PutDecimalPoint
                0x00000000       0x24 .\CortexM3\ARM_GCC_541\Debug\Led_Display_Extra_Credit.a(LED.o)
 .text.LED_GetDecimalPoint
                0x00000000       0x14 .\CortexM3\ARM_GCC_541\Debug\Led_Display_Extra_Credit.a(LED.o)
 .text.LED_Write7SegNumberHex
                0x00000000      0x124 .\CortexM3\ARM_GCC_541\Debug\Led_Display_Extra_Credit.a(LED.o)
 .text.LED_Write7SegDigitDec
                0x00000000       0x1c .\CortexM3\ARM_GCC_541\Debug\Led_Display_Extra_Credit.a(LED.o)
 .text.LED_Write7SegDigitHex
                0x00000000       0x18 .\CortexM3\ARM_GCC_541\Debug\Led_Display_Extra_Credit.a(LED.o)
 .text.LED_WriteString7Seg
                0x00000000       0x38 .\CortexM3\ARM_GCC_541\Debug\Led_Display_Extra_Credit.a(LED.o)
 .text.LED_PutChar7Seg
                0x00000000       0x18 .\CortexM3\ARM_GCC_541\Debug\Led_Display_Extra_Credit.a(LED.o)
 .text.LED_EncodeNumber14Seg
                0x00000000       0x1c .\CortexM3\ARM_GCC_541\Debug\Led_Display_Extra_Credit.a(LED.o)
 .text.LED_Write14SegNumberHex
                0x00000000       0xc8 .\CortexM3\ARM_GCC_541\Debug\Led_Display_Extra_Credit.a(LED.o)
 .text.LED_Write14SegDigitDec
                0x00000000       0x1c .\CortexM3\ARM_GCC_541\Debug\Led_Display_Extra_Credit.a(LED.o)
 .text.LED_Write14SegDigitHex
                0x00000000       0x18 .\CortexM3\ARM_GCC_541\Debug\Led_Display_Extra_Credit.a(LED.o)
 .text.LED_EncodeChar14Seg
                0x00000000       0x2c .\CortexM3\ARM_GCC_541\Debug\Led_Display_Extra_Credit.a(LED.o)
 .text.LED_Write14SegNumberDec
                0x00000000      0x138 .\CortexM3\ARM_GCC_541\Debug\Led_Display_Extra_Credit.a(LED.o)
 .text.LED_WriteString14Seg
                0x00000000       0x34 .\CortexM3\ARM_GCC_541\Debug\Led_Display_Extra_Credit.a(LED.o)
 .text.LED_PutChar14Seg
                0x00000000       0x18 .\CortexM3\ARM_GCC_541\Debug\Led_Display_Extra_Credit.a(LED.o)
 .text.LED_EncodeNumber16Seg
                0x00000000       0x1c .\CortexM3\ARM_GCC_541\Debug\Led_Display_Extra_Credit.a(LED.o)
 .text.LED_Write16SegNumberHex
                0x00000000       0xc8 .\CortexM3\ARM_GCC_541\Debug\Led_Display_Extra_Credit.a(LED.o)
 .text.LED_Write16SegDigitDec
                0x00000000       0x1c .\CortexM3\ARM_GCC_541\Debug\Led_Display_Extra_Credit.a(LED.o)
 .text.LED_Write16SegDigitHex
                0x00000000       0x18 .\CortexM3\ARM_GCC_541\Debug\Led_Display_Extra_Credit.a(LED.o)
 .text.LED_EncodeChar16Seg
                0x00000000       0x2c .\CortexM3\ARM_GCC_541\Debug\Led_Display_Extra_Credit.a(LED.o)
 .text.LED_Write16SegNumberDec
                0x00000000      0x138 .\CortexM3\ARM_GCC_541\Debug\Led_Display_Extra_Credit.a(LED.o)
 .text.LED_WriteString16Seg
                0x00000000       0x34 .\CortexM3\ARM_GCC_541\Debug\Led_Display_Extra_Credit.a(LED.o)
 .text.LED_PutChar16Seg
                0x00000000       0x18 .\CortexM3\ARM_GCC_541\Debug\Led_Display_Extra_Credit.a(LED.o)
 .text          0x00000000        0x0 .\CortexM3\ARM_GCC_541\Debug\Led_Display_Extra_Credit.a(LED_Com_Driver.o)
 .data          0x00000000        0x0 .\CortexM3\ARM_GCC_541\Debug\Led_Display_Extra_Credit.a(LED_Com_Driver.o)
 .bss           0x00000000        0x0 .\CortexM3\ARM_GCC_541\Debug\Led_Display_Extra_Credit.a(LED_Com_Driver.o)
 .text.LED_Com_Driver_Write
                0x00000000        0xc .\CortexM3\ARM_GCC_541\Debug\Led_Display_Extra_Credit.a(LED_Com_Driver.o)
 .text.LED_Com_Driver_Read
                0x00000000        0xc .\CortexM3\ARM_GCC_541\Debug\Led_Display_Extra_Credit.a(LED_Com_Driver.o)
 .text          0x00000000        0x0 .\CortexM3\ARM_GCC_541\Debug\Led_Display_Extra_Credit.a(LED_DMA_Com_dma.o)
 .bss           0x00000000        0x0 .\CortexM3\ARM_GCC_541\Debug\Led_Display_Extra_Credit.a(LED_DMA_Com_dma.o)
 .text.LED_DMA_Com_DmaRelease
                0x00000000       0x10 .\CortexM3\ARM_GCC_541\Debug\Led_Display_Extra_Credit.a(LED_DMA_Com_dma.o)
 .text          0x00000000        0x0 .\CortexM3\ARM_GCC_541\Debug\Led_Display_Extra_Credit.a(LED_DMA_Seg_dma.o)
 .bss           0x00000000        0x0 .\CortexM3\ARM_GCC_541\Debug\Led_Display_Extra_Credit.a(LED_DMA_Seg_dma.o)
 .text.LED_DMA_Seg_DmaRelease
                0x00000000       0x10 .\CortexM3\ARM_GCC_541\Debug\Led_Display_Extra_Credit.a(LED_DMA_Seg_dma.o)
 .data          0x00000000        0x0 .\CortexM3\ARM_GCC_541\Debug\Led_Display_Extra_Credit.a(CyBootAsmGnu.o)
 .bss           0x00000000        0x0 .\CortexM3\ARM_GCC_541\Debug\Led_Display_Extra_Credit.a(CyBootAsmGnu.o)
 .text          0x00000000        0x0 .\CortexM3\ARM_GCC_541\Debug\Led_Display_Extra_Credit.a(CyFlash.o)
 .data          0x00000000        0x0 .\CortexM3\ARM_GCC_541\Debug\Led_Display_Extra_Credit.a(CyFlash.o)
 .bss           0x00000000        0x0 .\CortexM3\ARM_GCC_541\Debug\Led_Display_Extra_Credit.a(CyFlash.o)
 .text.CySetTempInt
                0x00000000       0x60 .\CortexM3\ARM_GCC_541\Debug\Led_Display_Extra_Credit.a(CyFlash.o)
 .text.CyFlash_Start
                0x00000000       0x54 .\CortexM3\ARM_GCC_541\Debug\Led_Display_Extra_Credit.a(CyFlash.o)
 .text.CyFlash_Stop
                0x00000000       0x24 .\CortexM3\ARM_GCC_541\Debug\Led_Display_Extra_Credit.a(CyFlash.o)
 .text.CyFlash_EraseRow
                0x00000000       0x78 .\CortexM3\ARM_GCC_541\Debug\Led_Display_Extra_Credit.a(CyFlash.o)
 .text.CyFlashGetSpcAlgorithm
                0x00000000       0x4c .\CortexM3\ARM_GCC_541\Debug\Led_Display_Extra_Credit.a(CyFlash.o)
 .text.CySetTemp
                0x00000000       0x14 .\CortexM3\ARM_GCC_541\Debug\Led_Display_Extra_Credit.a(CyFlash.o)
 .text.CySetFlashEEBuffer
                0x00000000       0x20 .\CortexM3\ARM_GCC_541\Debug\Led_Display_Extra_Credit.a(CyFlash.o)
 .text.CyWriteRowFull
                0x00000000       0xf8 .\CortexM3\ARM_GCC_541\Debug\Led_Display_Extra_Credit.a(CyFlash.o)
 .text.CyWriteRowData
                0x00000000       0x14 .\CortexM3\ARM_GCC_541\Debug\Led_Display_Extra_Credit.a(CyFlash.o)
 .text.CyFlash_SetWaitCycles
                0x00000000       0x7c .\CortexM3\ARM_GCC_541\Debug\Led_Display_Extra_Credit.a(CyFlash.o)
 .text.CyEEPROM_Start
                0x00000000       0x54 .\CortexM3\ARM_GCC_541\Debug\Led_Display_Extra_Credit.a(CyFlash.o)
 .text.CyEEPROM_Stop
                0x00000000       0x24 .\CortexM3\ARM_GCC_541\Debug\Led_Display_Extra_Credit.a(CyFlash.o)
 .text.CyEEPROM_ReadReserve
                0x00000000       0x1c .\CortexM3\ARM_GCC_541\Debug\Led_Display_Extra_Credit.a(CyFlash.o)
 .text.CyEEPROM_ReadRelease
                0x00000000       0x10 .\CortexM3\ARM_GCC_541\Debug\Led_Display_Extra_Credit.a(CyFlash.o)
 COMMON         0x00000000        0x2 .\CortexM3\ARM_GCC_541\Debug\Led_Display_Extra_Credit.a(CyFlash.o)
 .text          0x00000000        0x0 .\CortexM3\ARM_GCC_541\Debug\Led_Display_Extra_Credit.a(CySpc.o)
 .data          0x00000000        0x0 .\CortexM3\ARM_GCC_541\Debug\Led_Display_Extra_Credit.a(CySpc.o)
 .bss           0x00000000        0x8 .\CortexM3\ARM_GCC_541\Debug\Led_Display_Extra_Credit.a(CySpc.o)
 .text.CySpcStart
                0x00000000       0x24 .\CortexM3\ARM_GCC_541\Debug\Led_Display_Extra_Credit.a(CySpc.o)
 .text.CySpcStop
                0x00000000       0x24 .\CortexM3\ARM_GCC_541\Debug\Led_Display_Extra_Credit.a(CySpc.o)
 .text.CySpcReadData
                0x00000000       0x34 .\CortexM3\ARM_GCC_541\Debug\Led_Display_Extra_Credit.a(CySpc.o)
 .text.CySpcLoadMultiByte
                0x00000000       0x78 .\CortexM3\ARM_GCC_541\Debug\Led_Display_Extra_Credit.a(CySpc.o)
 .text.CySpcLoadRow
                0x00000000       0x50 .\CortexM3\ARM_GCC_541\Debug\Led_Display_Extra_Credit.a(CySpc.o)
 .text.CySpcLoadRowFull
                0x00000000       0x80 .\CortexM3\ARM_GCC_541\Debug\Led_Display_Extra_Credit.a(CySpc.o)
 .text.CySpcWriteRow
                0x00000000       0x4c .\CortexM3\ARM_GCC_541\Debug\Led_Display_Extra_Credit.a(CySpc.o)
 .text.CySpcEraseSector
                0x00000000       0x3c .\CortexM3\ARM_GCC_541\Debug\Led_Display_Extra_Credit.a(CySpc.o)
 .text.CySpcEraseRow
                0x00000000       0x4c .\CortexM3\ARM_GCC_541\Debug\Led_Display_Extra_Credit.a(CySpc.o)
 .text.CySpcGetTemp
                0x00000000       0x3c .\CortexM3\ARM_GCC_541\Debug\Led_Display_Extra_Credit.a(CySpc.o)
 .text.CySpcLock
                0x00000000       0x4c .\CortexM3\ARM_GCC_541\Debug\Led_Display_Extra_Credit.a(CySpc.o)
 .text.CySpcUnlock
                0x00000000       0x38 .\CortexM3\ARM_GCC_541\Debug\Led_Display_Extra_Credit.a(CySpc.o)
 .text.CySpcGetAlgorithm
                0x00000000       0x28 .\CortexM3\ARM_GCC_541\Debug\Led_Display_Extra_Credit.a(CySpc.o)
 .text          0x00000000        0x0 c:/program files (x86)/cypress/psoc creator/4.2/psoc creator/import/gnu/arm/5.4.1/bin/../lib/gcc/arm-none-eabi/5.4.1/../../../../arm-none-eabi/lib/armv7-m\libg_nano.a(lib_a-errno.o)
 .data          0x00000000        0x0 c:/program files (x86)/cypress/psoc creator/4.2/psoc creator/import/gnu/arm/5.4.1/bin/../lib/gcc/arm-none-eabi/5.4.1/../../../../arm-none-eabi/lib/armv7-m\libg_nano.a(lib_a-errno.o)
 .bss           0x00000000        0x0 c:/program files (x86)/cypress/psoc creator/4.2/psoc creator/import/gnu/arm/5.4.1/bin/../lib/gcc/arm-none-eabi/5.4.1/../../../../arm-none-eabi/lib/armv7-m\libg_nano.a(lib_a-errno.o)
 .text          0x00000000        0x0 c:/program files (x86)/cypress/psoc creator/4.2/psoc creator/import/gnu/arm/5.4.1/bin/../lib/gcc/arm-none-eabi/5.4.1/../../../../arm-none-eabi/lib/armv7-m\libg_nano.a(lib_a-exit.o)
 .data          0x00000000        0x0 c:/program files (x86)/cypress/psoc creator/4.2/psoc creator/import/gnu/arm/5.4.1/bin/../lib/gcc/arm-none-eabi/5.4.1/../../../../arm-none-eabi/lib/armv7-m\libg_nano.a(lib_a-exit.o)
 .bss           0x00000000        0x0 c:/program files (x86)/cypress/psoc creator/4.2/psoc creator/import/gnu/arm/5.4.1/bin/../lib/gcc/arm-none-eabi/5.4.1/../../../../arm-none-eabi/lib/armv7-m\libg_nano.a(lib_a-exit.o)
 .text.exit     0x00000000       0x28 c:/program files (x86)/cypress/psoc creator/4.2/psoc creator/import/gnu/arm/5.4.1/bin/../lib/gcc/arm-none-eabi/5.4.1/../../../../arm-none-eabi/lib/armv7-m\libg_nano.a(lib_a-exit.o)
 .text          0x00000000        0x0 c:/program files (x86)/cypress/psoc creator/4.2/psoc creator/import/gnu/arm/5.4.1/bin/../lib/gcc/arm-none-eabi/5.4.1/../../../../arm-none-eabi/lib/armv7-m\libg_nano.a(lib_a-impure.o)
 .data          0x00000000        0x0 c:/program files (x86)/cypress/psoc creator/4.2/psoc creator/import/gnu/arm/5.4.1/bin/../lib/gcc/arm-none-eabi/5.4.1/../../../../arm-none-eabi/lib/armv7-m\libg_nano.a(lib_a-impure.o)
 .bss           0x00000000        0x0 c:/program files (x86)/cypress/psoc creator/4.2/psoc creator/import/gnu/arm/5.4.1/bin/../lib/gcc/arm-none-eabi/5.4.1/../../../../arm-none-eabi/lib/armv7-m\libg_nano.a(lib_a-impure.o)
 .rodata._global_impure_ptr
                0x00000000        0x4 c:/program files (x86)/cypress/psoc creator/4.2/psoc creator/import/gnu/arm/5.4.1/bin/../lib/gcc/arm-none-eabi/5.4.1/../../../../arm-none-eabi/lib/armv7-m\libg_nano.a(lib_a-impure.o)
 .text          0x00000000        0x0 c:/program files (x86)/cypress/psoc creator/4.2/psoc creator/import/gnu/arm/5.4.1/bin/../lib/gcc/arm-none-eabi/5.4.1/../../../../arm-none-eabi/lib/armv7-m\libg_nano.a(lib_a-init.o)
 .data          0x00000000        0x0 c:/program files (x86)/cypress/psoc creator/4.2/psoc creator/import/gnu/arm/5.4.1/bin/../lib/gcc/arm-none-eabi/5.4.1/../../../../arm-none-eabi/lib/armv7-m\libg_nano.a(lib_a-init.o)
 .bss           0x00000000        0x0 c:/program files (x86)/cypress/psoc creator/4.2/psoc creator/import/gnu/arm/5.4.1/bin/../lib/gcc/arm-none-eabi/5.4.1/../../../../arm-none-eabi/lib/armv7-m\libg_nano.a(lib_a-init.o)
 .text          0x00000000        0x0 c:/program files (x86)/cypress/psoc creator/4.2/psoc creator/import/gnu/arm/5.4.1/bin/../lib/gcc/arm-none-eabi/5.4.1/../../../../arm-none-eabi/lib/armv7-m\libg_nano.a(lib_a-memcpy-stub.o)
 .data          0x00000000        0x0 c:/program files (x86)/cypress/psoc creator/4.2/psoc creator/import/gnu/arm/5.4.1/bin/../lib/gcc/arm-none-eabi/5.4.1/../../../../arm-none-eabi/lib/armv7-m\libg_nano.a(lib_a-memcpy-stub.o)
 .bss           0x00000000        0x0 c:/program files (x86)/cypress/psoc creator/4.2/psoc creator/import/gnu/arm/5.4.1/bin/../lib/gcc/arm-none-eabi/5.4.1/../../../../arm-none-eabi/lib/armv7-m\libg_nano.a(lib_a-memcpy-stub.o)
 .text          0x00000000        0x0 c:/program files (x86)/cypress/psoc creator/4.2/psoc creator/import/gnu/arm/5.4.1/bin/../lib/gcc/arm-none-eabi/5.4.1/../../../../arm-none-eabi/lib/armv7-m\libg_nano.a(lib_a-memset.o)
 .data          0x00000000        0x0 c:/program files (x86)/cypress/psoc creator/4.2/psoc creator/import/gnu/arm/5.4.1/bin/../lib/gcc/arm-none-eabi/5.4.1/../../../../arm-none-eabi/lib/armv7-m\libg_nano.a(lib_a-memset.o)
 .bss           0x00000000        0x0 c:/program files (x86)/cypress/psoc creator/4.2/psoc creator/import/gnu/arm/5.4.1/bin/../lib/gcc/arm-none-eabi/5.4.1/../../../../arm-none-eabi/lib/armv7-m\libg_nano.a(lib_a-memset.o)
 .text          0x00000000        0x0 c:/program files (x86)/cypress/psoc creator/4.2/psoc creator/import/gnu/arm/5.4.1/bin/../lib/gcc/arm-none-eabi/5.4.1/../../../../arm-none-eabi/lib/armv7-m\libg_nano.a(lib_a-rand.o)
 .data          0x00000000        0x0 c:/program files (x86)/cypress/psoc creator/4.2/psoc creator/import/gnu/arm/5.4.1/bin/../lib/gcc/arm-none-eabi/5.4.1/../../../../arm-none-eabi/lib/armv7-m\libg_nano.a(lib_a-rand.o)
 .bss           0x00000000        0x0 c:/program files (x86)/cypress/psoc creator/4.2/psoc creator/import/gnu/arm/5.4.1/bin/../lib/gcc/arm-none-eabi/5.4.1/../../../../arm-none-eabi/lib/armv7-m\libg_nano.a(lib_a-rand.o)
 .text.srand    0x00000000       0x50 c:/program files (x86)/cypress/psoc creator/4.2/psoc creator/import/gnu/arm/5.4.1/bin/../lib/gcc/arm-none-eabi/5.4.1/../../../../arm-none-eabi/lib/armv7-m\libg_nano.a(lib_a-rand.o)
 .text          0x00000000       0x10 c:/program files (x86)/cypress/psoc creator/4.2/psoc creator/import/gnu/arm/5.4.1/bin/../lib/gcc/arm-none-eabi/5.4.1/../../../../arm-none-eabi/lib/armv7-m\libg_nano.a(lib_a-strlen.o)
 .data          0x00000000        0x0 c:/program files (x86)/cypress/psoc creator/4.2/psoc creator/import/gnu/arm/5.4.1/bin/../lib/gcc/arm-none-eabi/5.4.1/../../../../arm-none-eabi/lib/armv7-m\libg_nano.a(lib_a-strlen.o)
 .bss           0x00000000        0x0 c:/program files (x86)/cypress/psoc creator/4.2/psoc creator/import/gnu/arm/5.4.1/bin/../lib/gcc/arm-none-eabi/5.4.1/../../../../arm-none-eabi/lib/armv7-m\libg_nano.a(lib_a-strlen.o)
 .text          0x00000000        0x0 c:/program files (x86)/cypress/psoc creator/4.2/psoc creator/import/gnu/arm/5.4.1/bin/../lib/gcc/arm-none-eabi/5.4.1/../../../../arm-none-eabi/lib/armv7-m\libg_nano.a(lib_a-malloc.o)
 .data          0x00000000        0x0 c:/program files (x86)/cypress/psoc creator/4.2/psoc creator/import/gnu/arm/5.4.1/bin/../lib/gcc/arm-none-eabi/5.4.1/../../../../arm-none-eabi/lib/armv7-m\libg_nano.a(lib_a-malloc.o)
 .bss           0x00000000        0x0 c:/program files (x86)/cypress/psoc creator/4.2/psoc creator/import/gnu/arm/5.4.1/bin/../lib/gcc/arm-none-eabi/5.4.1/../../../../arm-none-eabi/lib/armv7-m\libg_nano.a(lib_a-malloc.o)
 .text.free     0x00000000       0x10 c:/program files (x86)/cypress/psoc creator/4.2/psoc creator/import/gnu/arm/5.4.1/bin/../lib/gcc/arm-none-eabi/5.4.1/../../../../arm-none-eabi/lib/armv7-m\libg_nano.a(lib_a-malloc.o)
 .text          0x00000000        0x0 c:/program files (x86)/cypress/psoc creator/4.2/psoc creator/import/gnu/arm/5.4.1/bin/../lib/gcc/arm-none-eabi/5.4.1/../../../../arm-none-eabi/lib/armv7-m\libg_nano.a(lib_a-nano-freer.o)
 .data          0x00000000        0x0 c:/program files (x86)/cypress/psoc creator/4.2/psoc creator/import/gnu/arm/5.4.1/bin/../lib/gcc/arm-none-eabi/5.4.1/../../../../arm-none-eabi/lib/armv7-m\libg_nano.a(lib_a-nano-freer.o)
 .bss           0x00000000        0x0 c:/program files (x86)/cypress/psoc creator/4.2/psoc creator/import/gnu/arm/5.4.1/bin/../lib/gcc/arm-none-eabi/5.4.1/../../../../arm-none-eabi/lib/armv7-m\libg_nano.a(lib_a-nano-freer.o)
 .text._free_r  0x00000000       0x98 c:/program files (x86)/cypress/psoc creator/4.2/psoc creator/import/gnu/arm/5.4.1/bin/../lib/gcc/arm-none-eabi/5.4.1/../../../../arm-none-eabi/lib/armv7-m\libg_nano.a(lib_a-nano-freer.o)
 .text          0x00000000        0x0 c:/program files (x86)/cypress/psoc creator/4.2/psoc creator/import/gnu/arm/5.4.1/bin/../lib/gcc/arm-none-eabi/5.4.1/../../../../arm-none-eabi/lib/armv7-m\libg_nano.a(lib_a-nano-mallocr.o)
 .data          0x00000000        0x0 c:/program files (x86)/cypress/psoc creator/4.2/psoc creator/import/gnu/arm/5.4.1/bin/../lib/gcc/arm-none-eabi/5.4.1/../../../../arm-none-eabi/lib/armv7-m\libg_nano.a(lib_a-nano-mallocr.o)
 .bss           0x00000000        0x0 c:/program files (x86)/cypress/psoc creator/4.2/psoc creator/import/gnu/arm/5.4.1/bin/../lib/gcc/arm-none-eabi/5.4.1/../../../../arm-none-eabi/lib/armv7-m\libg_nano.a(lib_a-nano-mallocr.o)
 .text          0x00000000        0x0 c:/program files (x86)/cypress/psoc creator/4.2/psoc creator/import/gnu/arm/5.4.1/bin/../lib/gcc/arm-none-eabi/5.4.1/../../../../arm-none-eabi/lib/armv7-m\libg_nano.a(lib_a-sbrkr.o)
 .data          0x00000000        0x0 c:/program files (x86)/cypress/psoc creator/4.2/psoc creator/import/gnu/arm/5.4.1/bin/../lib/gcc/arm-none-eabi/5.4.1/../../../../arm-none-eabi/lib/armv7-m\libg_nano.a(lib_a-sbrkr.o)
 .bss           0x00000000        0x0 c:/program files (x86)/cypress/psoc creator/4.2/psoc creator/import/gnu/arm/5.4.1/bin/../lib/gcc/arm-none-eabi/5.4.1/../../../../arm-none-eabi/lib/armv7-m\libg_nano.a(lib_a-sbrkr.o)
 .text          0x00000000        0x0 c:/program files (x86)/cypress/psoc creator/4.2/psoc creator/import/gnu/arm/5.4.1/bin/../lib/gcc/arm-none-eabi/5.4.1/../../../../arm-none-eabi/lib/armv7-m\libg_nano.a(lib_a-mlock.o)
 .data          0x00000000        0x0 c:/program files (x86)/cypress/psoc creator/4.2/psoc creator/import/gnu/arm/5.4.1/bin/../lib/gcc/arm-none-eabi/5.4.1/../../../../arm-none-eabi/lib/armv7-m\libg_nano.a(lib_a-mlock.o)
 .bss           0x00000000        0x0 c:/program files (x86)/cypress/psoc creator/4.2/psoc creator/import/gnu/arm/5.4.1/bin/../lib/gcc/arm-none-eabi/5.4.1/../../../../arm-none-eabi/lib/armv7-m\libg_nano.a(lib_a-mlock.o)
 .text          0x00000000        0x0 c:/program files (x86)/cypress/psoc creator/4.2/psoc creator/import/gnu/arm/5.4.1/bin/../lib/gcc/arm-none-eabi/5.4.1/../../../../arm-none-eabi/lib/armv7-m\libg_nano.a(lib_a-reent.o)
 .data          0x00000000        0x0 c:/program files (x86)/cypress/psoc creator/4.2/psoc creator/import/gnu/arm/5.4.1/bin/../lib/gcc/arm-none-eabi/5.4.1/../../../../arm-none-eabi/lib/armv7-m\libg_nano.a(lib_a-reent.o)
 .bss           0x00000000        0x0 c:/program files (x86)/cypress/psoc creator/4.2/psoc creator/import/gnu/arm/5.4.1/bin/../lib/gcc/arm-none-eabi/5.4.1/../../../../arm-none-eabi/lib/armv7-m\libg_nano.a(lib_a-reent.o)
 .text.cleanup_glue
                0x00000000       0x1a c:/program files (x86)/cypress/psoc creator/4.2/psoc creator/import/gnu/arm/5.4.1/bin/../lib/gcc/arm-none-eabi/5.4.1/../../../../arm-none-eabi/lib/armv7-m\libg_nano.a(lib_a-reent.o)
 .text._reclaim_reent
                0x00000000       0xb4 c:/program files (x86)/cypress/psoc creator/4.2/psoc creator/import/gnu/arm/5.4.1/bin/../lib/gcc/arm-none-eabi/5.4.1/../../../../arm-none-eabi/lib/armv7-m\libg_nano.a(lib_a-reent.o)
 .text          0x00000000        0x0 c:/program files (x86)/cypress/psoc creator/4.2/psoc creator/import/gnu/arm/5.4.1/bin/../lib/gcc/arm-none-eabi/5.4.1/armv7-m/crtend.o
 .data          0x00000000        0x0 c:/program files (x86)/cypress/psoc creator/4.2/psoc creator/import/gnu/arm/5.4.1/bin/../lib/gcc/arm-none-eabi/5.4.1/armv7-m/crtend.o
 .bss           0x00000000        0x0 c:/program files (x86)/cypress/psoc creator/4.2/psoc creator/import/gnu/arm/5.4.1/bin/../lib/gcc/arm-none-eabi/5.4.1/armv7-m/crtend.o
 .text          0x00000000        0x0 c:/program files (x86)/cypress/psoc creator/4.2/psoc creator/import/gnu/arm/5.4.1/bin/../lib/gcc/arm-none-eabi/5.4.1/armv7-m/crtn.o
 .data          0x00000000        0x0 c:/program files (x86)/cypress/psoc creator/4.2/psoc creator/import/gnu/arm/5.4.1/bin/../lib/gcc/arm-none-eabi/5.4.1/armv7-m/crtn.o
 .bss           0x00000000        0x0 c:/program files (x86)/cypress/psoc creator/4.2/psoc creator/import/gnu/arm/5.4.1/bin/../lib/gcc/arm-none-eabi/5.4.1/armv7-m/crtn.o

Memory Configuration

Name             Origin             Length             Attributes
rom              0x00000000         0x00040000         xr
ram              0x1fff8000         0x00010000         xrw
*default*        0x00000000         0xffffffff

Linker script and memory map

LOAD c:/program files (x86)/cypress/psoc creator/4.2/psoc creator/import/gnu/arm/5.4.1/bin/../lib/gcc/arm-none-eabi/5.4.1/armv7-m/crti.o
LOAD c:/program files (x86)/cypress/psoc creator/4.2/psoc creator/import/gnu/arm/5.4.1/bin/../lib/gcc/arm-none-eabi/5.4.1/armv7-m/crtbegin.o
LOAD c:/program files (x86)/cypress/psoc creator/4.2/psoc creator/import/gnu/arm/5.4.1/bin/../lib/gcc/arm-none-eabi/5.4.1/../../../../arm-none-eabi/lib/armv7-m/crt0.o
START GROUP
LOAD .\CortexM3\ARM_GCC_541\Debug\main.o
LOAD .\CortexM3\ARM_GCC_541\Debug\cyfitter_cfg.o
LOAD .\CortexM3\ARM_GCC_541\Debug\cymetadata.o
LOAD .\CortexM3\ARM_GCC_541\Debug\Cm3Start.o
LOAD .\CortexM3\ARM_GCC_541\Debug\Led_Display_Extra_Credit.a
LOAD C:\Program Files (x86)\Cypress\PSoC Creator\4.2\PSoC Creator\psoc\content\cycomponentlibrary\CyComponentLibrary.cylib\CortexM3\ARM_GCC_541\Debug\CyComponentLibrary.a
END GROUP
START GROUP
LOAD c:/program files (x86)/cypress/psoc creator/4.2/psoc creator/import/gnu/arm/5.4.1/bin/../lib/gcc/arm-none-eabi/5.4.1/armv7-m\libgcc.a
LOAD c:/program files (x86)/cypress/psoc creator/4.2/psoc creator/import/gnu/arm/5.4.1/bin/../lib/gcc/arm-none-eabi/5.4.1/../../../../arm-none-eabi/lib/armv7-m\libg_nano.a
LOAD c:/program files (x86)/cypress/psoc creator/4.2/psoc creator/import/gnu/arm/5.4.1/bin/../lib/gcc/arm-none-eabi/5.4.1/../../../../arm-none-eabi/lib/armv7-m\libc_nano.a
END GROUP
START GROUP
LOAD c:/program files (x86)/cypress/psoc creator/4.2/psoc creator/import/gnu/arm/5.4.1/bin/../lib/gcc/arm-none-eabi/5.4.1/armv7-m\libgcc.a
LOAD c:/program files (x86)/cypress/psoc creator/4.2/psoc creator/import/gnu/arm/5.4.1/bin/../lib/gcc/arm-none-eabi/5.4.1/../../../../arm-none-eabi/lib/armv7-m\libc_nano.a
END GROUP
LOAD c:/program files (x86)/cypress/psoc creator/4.2/psoc creator/import/gnu/arm/5.4.1/bin/../lib/gcc/arm-none-eabi/5.4.1/armv7-m/crtend.o
LOAD c:/program files (x86)/cypress/psoc creator/4.2/psoc creator/import/gnu/arm/5.4.1/bin/../lib/gcc/arm-none-eabi/5.4.1/armv7-m/crtn.o
START GROUP
LOAD c:/program files (x86)/cypress/psoc creator/4.2/psoc creator/import/gnu/arm/5.4.1/bin/../lib/gcc/arm-none-eabi/5.4.1/armv7-m\libgcc.a
LOAD c:/program files (x86)/cypress/psoc creator/4.2/psoc creator/import/gnu/arm/5.4.1/bin/../lib/gcc/arm-none-eabi/5.4.1/../../../../arm-none-eabi/lib/armv7-m\libc.a
LOAD c:/program files (x86)/cypress/psoc creator/4.2/psoc creator/import/gnu/arm/5.4.1/bin/../lib/gcc/arm-none-eabi/5.4.1/../../../../arm-none-eabi/lib/armv7-m\libnosys.a
END GROUP
                0x00000000                CY_APPL_ORIGIN = 0x0
                0x00000100                CY_FLASH_ROW_SIZE = 0x100
                0x00000020                CY_ECC_ROW_SIZE = 0x20
                0x00000000                CY_EE_IN_BTLDR = 0x0
                0x00000000                CY_APPL_LOADABLE = 0x0
                0x00000800                CY_EE_SIZE = 0x800
                0x00000001                CY_APPL_NUM = 0x1
                0x00000001                CY_APPL_MAX = 0x1
                0x00000040                CY_METADATA_SIZE = 0x40
                0x00000000                CY_APPL_LOADABLE = 0x0
                0x00000000                CY_CHECKSUM_EXCLUDE_SIZE = ALIGN (0x0, CY_FLASH_ROW_SIZE)
                [!provide]                PROVIDE (__cy_heap_start, _end)
                0x00000001                PROVIDE (__cy_region_num, ((__cy_regions_end - __cy_regions) / 0x10))
                0x20008000                PROVIDE (__cy_stack, (ORIGIN (ram) + LENGTH (ram)))
                [!provide]                PROVIDE (__cy_heap_end, (__cy_stack - 0x800))

.cybootloader   0x00000000        0x0
 *(.cybootloader)
                0x00000000                appl1_start = CY_APPL_ORIGIN?CY_APPL_ORIGIN:ALIGN (CY_FLASH_ROW_SIZE)
                0x0001ff00                appl2_start = (appl1_start + ALIGN ((((LENGTH (rom) - appl1_start) - (0x2 * CY_FLASH_ROW_SIZE)) / 0x2), CY_FLASH_ROW_SIZE))
                0x00000000                appl_start = (CY_APPL_NUM == 0x1)?appl1_start:appl2_start
                0x00000000                ecc_offset = ((appl_start / CY_FLASH_ROW_SIZE) * CY_ECC_ROW_SIZE)
                0x00000000                ee_offset = (CY_APPL_LOADABLE && ! (CY_EE_IN_BTLDR))?((CY_EE_SIZE / CY_APPL_MAX) * (CY_APPL_NUM - 0x1)):0x0
                0x00000800                ee_size = (CY_APPL_LOADABLE && ! (CY_EE_IN_BTLDR))?(CY_EE_SIZE / CY_APPL_MAX):CY_EE_SIZE
                [!provide]                PROVIDE (CY_ECC_OFFSET, ecc_offset)

.text           0x00000000      0xcf4
 CREATE_OBJECT_SYMBOLS
                0x00000000                PROVIDE (__cy_interrupt_vector, RomVectors)
 *(.romvectors)
 .romvectors    0x00000000       0x10 .\CortexM3\ARM_GCC_541\Debug\Cm3Start.o
                0x00000000                RomVectors
                0x00000001                ASSERT ((. != __cy_interrupt_vector), No interrupt vector)
                0x00000001                ASSERT (CY_APPL_ORIGIN?(SIZEOF (.cybootloader) <= CY_APPL_ORIGIN):0x1, Wrong image location)
                0x00000010                PROVIDE (__cy_reset, Reset)
 *(.text.Reset)
 .text.Reset    0x00000010       0x18 .\CortexM3\ARM_GCC_541\Debug\Cm3Start.o
                0x00000010                Reset
                0x00000001                ASSERT ((. != __cy_reset), No reset code)
 *(.dma_init)
                0x00000001                ASSERT ((((appl_start + .) <= 0x10000) || 0x1), DMA Init must be within the first 64k of flash)
 *(.text .text.* .gnu.linkonce.t.*)
 .text          0x00000028       0x5c c:/program files (x86)/cypress/psoc creator/4.2/psoc creator/import/gnu/arm/5.4.1/bin/../lib/gcc/arm-none-eabi/5.4.1/armv7-m/crtbegin.o
 .text.random_4digit
                0x00000084       0x30 .\CortexM3\ARM_GCC_541\Debug\main.o
                0x00000084                random_4digit
 .text.numbers  0x000000b4       0x24 .\CortexM3\ARM_GCC_541\Debug\main.o
                0x000000b4                numbers
 .text.check_victory
                0x000000d8       0x48 .\CortexM3\ARM_GCC_541\Debug\main.o
                0x000000d8                check_victory
 .text.blink    0x00000120       0x30 .\CortexM3\ARM_GCC_541\Debug\main.o
                0x00000120                blink
 .text.main     0x00000150       0xc0 .\CortexM3\ARM_GCC_541\Debug\main.o
                0x00000150                main
 .text.CyClockStartupError
                0x00000210        0x4 .\CortexM3\ARM_GCC_541\Debug\cyfitter_cfg.o
 .text.cfg_write_bytes32
                0x00000214       0x34 .\CortexM3\ARM_GCC_541\Debug\cyfitter_cfg.o
 .text.AnalogSetDefault
                0x00000248       0x28 .\CortexM3\ARM_GCC_541\Debug\cyfitter_cfg.o
 .text.CYMEMZERO
                0x00000270        0xc .\CortexM3\ARM_GCC_541\Debug\cyfitter_cfg.o
 .text.ClockSetup
                0x0000027c       0xb8 .\CortexM3\ARM_GCC_541\Debug\cyfitter_cfg.o
 .text.CYCONFIGCPY
                0x00000334        0x8 .\CortexM3\ARM_GCC_541\Debug\cyfitter_cfg.o
 .text.cyfitter_cfg
                0x0000033c      0x10c .\CortexM3\ARM_GCC_541\Debug\cyfitter_cfg.o
                0x0000033c                cyfitter_cfg
 .text.IntDefaultHandler
                0x00000448       0x10 .\CortexM3\ARM_GCC_541\Debug\Cm3Start.o
                0x00000448                IntDefaultHandler
 .text._sbrk    0x00000458       0x30 .\CortexM3\ARM_GCC_541\Debug\Cm3Start.o
                0x00000458                _sbrk
 .text.Start_c  0x00000488       0x4c .\CortexM3\ARM_GCC_541\Debug\Cm3Start.o
                0x00000488                Start_c
 .text.initialize_psoc
                0x000004d4       0x6c .\CortexM3\ARM_GCC_541\Debug\Cm3Start.o
                0x000004d4                initialize_psoc
 .text.nSW_Read
                0x00000540       0x10 .\CortexM3\ARM_GCC_541\Debug\Led_Display_Extra_Credit.a(nSW.o)
                0x00000540                nSW_Read
 .text.CyDmacConfigure
                0x00000550       0x34 .\CortexM3\ARM_GCC_541\Debug\Led_Display_Extra_Credit.a(CyDmac.o)
                0x00000550                CyDmacConfigure
 .text.CyDmaChEnable
                0x00000584       0x38 .\CortexM3\ARM_GCC_541\Debug\Led_Display_Extra_Credit.a(CyDmac.o)
                0x00000584                CyDmaChEnable
 .text.CyDmaChPriority
                0x000005bc       0x24 .\CortexM3\ARM_GCC_541\Debug\Led_Display_Extra_Credit.a(CyDmac.o)
                0x000005bc                CyDmaChPriority
 .text.CyDmaChSetExtendedAddress
                0x000005e0       0x34 .\CortexM3\ARM_GCC_541\Debug\Led_Display_Extra_Credit.a(CyDmac.o)
                0x000005e0                CyDmaChSetExtendedAddress
 .text.CyDmaChSetInitialTd
                0x00000614       0x18 .\CortexM3\ARM_GCC_541\Debug\Led_Display_Extra_Credit.a(CyDmac.o)
                0x00000614                CyDmaChSetInitialTd
 .text.CyDmaChSetConfiguration
                0x0000062c       0x44 .\CortexM3\ARM_GCC_541\Debug\Led_Display_Extra_Credit.a(CyDmac.o)
                0x0000062c                CyDmaChSetConfiguration
 .text.CyDmaTdAllocate
                0x00000670       0x34 .\CortexM3\ARM_GCC_541\Debug\Led_Display_Extra_Credit.a(CyDmac.o)
                0x00000670                CyDmaTdAllocate
 .text.CyDmaTdSetConfiguration
                0x000006a4       0x28 .\CortexM3\ARM_GCC_541\Debug\Led_Display_Extra_Credit.a(CyDmac.o)
                0x000006a4                CyDmaTdSetConfiguration
 .text.CyDmaTdSetAddress
                0x000006cc       0x1c .\CortexM3\ARM_GCC_541\Debug\Led_Display_Extra_Credit.a(CyDmac.o)
                0x000006cc                CyDmaTdSetAddress
 .text.CyDelay  0x000006e8       0x2c .\CortexM3\ARM_GCC_541\Debug\Led_Display_Extra_Credit.a(CyLib.o)
                0x000006e8                CyDelay
 .text.LED_DmaInit
                0x00000714      0x128 .\CortexM3\ARM_GCC_541\Debug\Led_Display_Extra_Credit.a(LED.o)
 .text.LED_DmaEnable
                0x0000083c       0x2c .\CortexM3\ARM_GCC_541\Debug\Led_Display_Extra_Credit.a(LED.o)
 .text.LED_Enable
                0x00000868       0x14 .\CortexM3\ARM_GCC_541\Debug\Led_Display_Extra_Credit.a(LED.o)
                0x00000868                LED_Enable
 .text.LED_ClearDisplay
                0x0000087c       0x10 .\CortexM3\ARM_GCC_541\Debug\Led_Display_Extra_Credit.a(LED.o)
                0x0000087c                LED_ClearDisplay
 .text.LED_ClearDisplayAll
                0x0000088c       0x18 .\CortexM3\ARM_GCC_541\Debug\Led_Display_Extra_Credit.a(LED.o)
                0x0000088c                LED_ClearDisplayAll
 .text.LED_Init
                0x000008a4       0x1c .\CortexM3\ARM_GCC_541\Debug\Led_Display_Extra_Credit.a(LED.o)
                0x000008a4                LED_Init
 .text.LED_EncodeNumber7Seg
                0x000008c0       0x10 .\CortexM3\ARM_GCC_541\Debug\Led_Display_Extra_Credit.a(LED.o)
                0x000008c0                LED_EncodeNumber7Seg
 .text.LED_EncodeChar7Seg
                0x000008d0       0x24 .\CortexM3\ARM_GCC_541\Debug\Led_Display_Extra_Credit.a(LED.o)
                0x000008d0                LED_EncodeChar7Seg
 .text.LED_Write7SegNumberDec
                0x000008f4      0x180 .\CortexM3\ARM_GCC_541\Debug\Led_Display_Extra_Credit.a(LED.o)
                0x000008f4                LED_Write7SegNumberDec
 .text.LED_DMA_Com_DmaInitialize
                0x00000a74       0x3c .\CortexM3\ARM_GCC_541\Debug\Led_Display_Extra_Credit.a(LED_DMA_Com_dma.o)
                0x00000a74                LED_DMA_Com_DmaInitialize
 .text.LED_DMA_Seg_DmaInitialize
                0x00000ab0       0x3c .\CortexM3\ARM_GCC_541\Debug\Led_Display_Extra_Credit.a(LED_DMA_Seg_dma.o)
                0x00000ab0                LED_DMA_Seg_DmaInitialize
 *fill*         0x00000aec        0x4 
 .text          0x00000af0       0x20 .\CortexM3\ARM_GCC_541\Debug\Led_Display_Extra_Credit.a(CyBootAsmGnu.o)
                0x00000af0                CyDelayCycles
                0x00000b00                CyEnterCriticalSection
                0x00000b08                CyExitCriticalSection
 .text.__errno  0x00000b10        0xc c:/program files (x86)/cypress/psoc creator/4.2/psoc creator/import/gnu/arm/5.4.1/bin/../lib/gcc/arm-none-eabi/5.4.1/../../../../arm-none-eabi/lib/armv7-m\libg_nano.a(lib_a-errno.o)
                0x00000b10                __errno
 .text.__libc_init_array
                0x00000b1c       0x4c c:/program files (x86)/cypress/psoc creator/4.2/psoc creator/import/gnu/arm/5.4.1/bin/../lib/gcc/arm-none-eabi/5.4.1/../../../../arm-none-eabi/lib/armv7-m\libg_nano.a(lib_a-init.o)
                0x00000b1c                __libc_init_array
 .text.memcpy   0x00000b68       0x16 c:/program files (x86)/cypress/psoc creator/4.2/psoc creator/import/gnu/arm/5.4.1/bin/../lib/gcc/arm-none-eabi/5.4.1/../../../../arm-none-eabi/lib/armv7-m\libg_nano.a(lib_a-memcpy-stub.o)
                0x00000b68                memcpy
 .text.memset   0x00000b7e       0x10 c:/program files (x86)/cypress/psoc creator/4.2/psoc creator/import/gnu/arm/5.4.1/bin/../lib/gcc/arm-none-eabi/5.4.1/../../../../arm-none-eabi/lib/armv7-m\libg_nano.a(lib_a-memset.o)
                0x00000b7e                memset
 *fill*         0x00000b8e        0x2 
 .text.rand     0x00000b90       0x74 c:/program files (x86)/cypress/psoc creator/4.2/psoc creator/import/gnu/arm/5.4.1/bin/../lib/gcc/arm-none-eabi/5.4.1/../../../../arm-none-eabi/lib/armv7-m\libg_nano.a(lib_a-rand.o)
                0x00000b90                rand
 .text.malloc   0x00000c04       0x10 c:/program files (x86)/cypress/psoc creator/4.2/psoc creator/import/gnu/arm/5.4.1/bin/../lib/gcc/arm-none-eabi/5.4.1/../../../../arm-none-eabi/lib/armv7-m\libg_nano.a(lib_a-malloc.o)
                0x00000c04                malloc
 .text._malloc_r
                0x00000c14       0xbc c:/program files (x86)/cypress/psoc creator/4.2/psoc creator/import/gnu/arm/5.4.1/bin/../lib/gcc/arm-none-eabi/5.4.1/../../../../arm-none-eabi/lib/armv7-m\libg_nano.a(lib_a-nano-mallocr.o)
                0x00000c14                _malloc_r
 .text._sbrk_r  0x00000cd0       0x20 c:/program files (x86)/cypress/psoc creator/4.2/psoc creator/import/gnu/arm/5.4.1/bin/../lib/gcc/arm-none-eabi/5.4.1/../../../../arm-none-eabi/lib/armv7-m\libg_nano.a(lib_a-sbrkr.o)
                0x00000cd0                _sbrk_r
 .text.__malloc_lock
                0x00000cf0        0x2 c:/program files (x86)/cypress/psoc creator/4.2/psoc creator/import/gnu/arm/5.4.1/bin/../lib/gcc/arm-none-eabi/5.4.1/../../../../arm-none-eabi/lib/armv7-m\libg_nano.a(lib_a-mlock.o)
                0x00000cf0                __malloc_lock
 .text.__malloc_unlock
                0x00000cf2        0x2 c:/program files (x86)/cypress/psoc creator/4.2/psoc creator/import/gnu/arm/5.4.1/bin/../lib/gcc/arm-none-eabi/5.4.1/../../../../arm-none-eabi/lib/armv7-m\libg_nano.a(lib_a-mlock.o)
                0x00000cf2                __malloc_unlock
 *(.plt)
 *(.gnu.warning)
 *(.glue_7t)
 .glue_7t       0x00000cf4        0x0 linker stubs
 *(.glue_7)
 .glue_7        0x00000cf4        0x0 linker stubs
 *(.vfp11_veneer)
 .vfp11_veneer  0x00000cf4        0x0 linker stubs
 *(.bootloader)
 *(.ARM.extab* .gnu.linkonce.armextab.*)
 *(.gcc_except_table)

.v4_bx          0x00000cf4        0x0
 .v4_bx         0x00000cf4        0x0 linker stubs

.iplt           0x00000cf4        0x0
 .iplt          0x00000cf4        0x0 c:/program files (x86)/cypress/psoc creator/4.2/psoc creator/import/gnu/arm/5.4.1/bin/../lib/gcc/arm-none-eabi/5.4.1/armv7-m/crtbegin.o

.eh_frame_hdr
 *(.eh_frame_hdr)

.eh_frame       0x00000cf4        0x4
 *(.eh_frame)
 .eh_frame      0x00000cf4        0x0 c:/program files (x86)/cypress/psoc creator/4.2/psoc creator/import/gnu/arm/5.4.1/bin/../lib/gcc/arm-none-eabi/5.4.1/armv7-m/crtbegin.o
 .eh_frame      0x00000cf4        0x4 c:/program files (x86)/cypress/psoc creator/4.2/psoc creator/import/gnu/arm/5.4.1/bin/../lib/gcc/arm-none-eabi/5.4.1/armv7-m/crtend.o
                [!provide]                PROVIDE (__exidx_start, .)

.ARM.exidx
 *(.ARM.exidx* .gnu.linkonce.armexidx.*)
                0x00000cf8                __exidx_end = .

.rodata         0x00000cf8      0x298
 *(.rodata .rodata.* .gnu.linkonce.r.*)
 .rodata        0x00000cf8       0x30 .\CortexM3\ARM_GCC_541\Debug\cyfitter_cfg.o
 .rodata        0x00000d28      0x230 .\CortexM3\ARM_GCC_541\Debug\Led_Display_Extra_Credit.a(LED.o)
 .rodata.str1.1
                0x00000f58        0x2 c:/program files (x86)/cypress/psoc creator/4.2/psoc creator/import/gnu/arm/5.4.1/bin/../lib/gcc/arm-none-eabi/5.4.1/../../../../arm-none-eabi/lib/armv7-m\libg_nano.a(lib_a-impure.o)
                0x00000f5c                . = ALIGN (0x4)
 *fill*         0x00000f5a        0x2 
 *(.init)
 .init          0x00000f5c        0x4 c:/program files (x86)/cypress/psoc creator/4.2/psoc creator/import/gnu/arm/5.4.1/bin/../lib/gcc/arm-none-eabi/5.4.1/armv7-m/crti.o
                0x00000f5c                _init
 .init          0x00000f60        0x8 c:/program files (x86)/cypress/psoc creator/4.2/psoc creator/import/gnu/arm/5.4.1/bin/../lib/gcc/arm-none-eabi/5.4.1/armv7-m/crtn.o
                0x00000f68                . = ALIGN (0x4)
                0x00000f68                __preinit_array_start = .
 *(.preinit_array)
                0x00000f68                __preinit_array_end = .
                0x00000f68                . = ALIGN (0x4)
                0x00000f68                __init_array_start = .
 *(SORT(.init_array.*))
 *(.init_array)
 .init_array    0x00000f68        0x4 c:/program files (x86)/cypress/psoc creator/4.2/psoc creator/import/gnu/arm/5.4.1/bin/../lib/gcc/arm-none-eabi/5.4.1/armv7-m/crtbegin.o
 .init_array    0x00000f6c        0x4 .\CortexM3\ARM_GCC_541\Debug\Cm3Start.o
                0x00000f70                __init_array_end = .
                0x00000f70                . = ALIGN (0x4)
 *(.fini)
 .fini          0x00000f70        0x4 c:/program files (x86)/cypress/psoc creator/4.2/psoc creator/import/gnu/arm/5.4.1/bin/../lib/gcc/arm-none-eabi/5.4.1/armv7-m/crti.o
                0x00000f70                _fini
 .fini          0x00000f74        0x8 c:/program files (x86)/cypress/psoc creator/4.2/psoc creator/import/gnu/arm/5.4.1/bin/../lib/gcc/arm-none-eabi/5.4.1/armv7-m/crtn.o
                0x00000f7c                . = ALIGN (0x4)
                0x00000f7c                __fini_array_start = .
 *(.fini_array)
 .fini_array    0x00000f7c        0x4 c:/program files (x86)/cypress/psoc creator/4.2/psoc creator/import/gnu/arm/5.4.1/bin/../lib/gcc/arm-none-eabi/5.4.1/armv7-m/crtbegin.o
 *(SORT(.fini_array.*))
                0x00000f80                __fini_array_end = .
                0x00000f80                . = ALIGN (0x4)
 *crtbegin.o(.ctors)
 *(EXCLUDE_FILE(*crtend.o) .ctors)
 *(SORT(.ctors.*))
 *crtend.o(.ctors)
                0x00000f80                . = ALIGN (0x4)
 *crtbegin.o(.dtors)
 *(EXCLUDE_FILE(*crtend.o) .dtors)
 *(SORT(.dtors.*))
 *crtend.o(.dtors)
                0x00000f80                . = ALIGN (0x4)
                0x00000f80                __cy_regions = .
                0x00000f80        0x4 LONG 0xf90 __cy_region_init_ram
                0x00000f84        0x4 LONG 0x1fff80c8 __cy_region_start_data
                0x00000f88        0x4 LONG 0x98 __cy_region_init_size_ram
                0x00000f8c        0x4 LONG 0x48 __cy_region_zero_size_ram
                0x00000f90                __cy_regions_end = .
                0x00000f90                . = ALIGN (0x8)
                0x00000f90                _etext = .

.cy_checksum_exclude
                0x00000f90        0x0
 *(.cy_checksum_exclude)

.ramvectors     0x1fff8000       0xc0
                0x1fff8000                __cy_region_start_ram = .
 *(.ramvectors)
 .ramvectors    0x1fff8000       0xc0 .\CortexM3\ARM_GCC_541\Debug\Cm3Start.o
                0x1fff8000                CyRamVectors

.noinit         0x1fff80c0        0x1
 *(.noinit)
 .noinit        0x1fff80c0        0x1 .\CortexM3\ARM_GCC_541\Debug\Led_Display_Extra_Credit.a(CyLib.o)
                0x1fff80c0                CyResetStatus

.data           0x1fff80c8       0x98 load address 0x00000f90
                0x1fff80c8                __cy_region_start_data = .
 *(.jcr)
 .jcr           0x1fff80c8        0x0 c:/program files (x86)/cypress/psoc creator/4.2/psoc creator/import/gnu/arm/5.4.1/bin/../lib/gcc/arm-none-eabi/5.4.1/armv7-m/crtbegin.o
 .jcr           0x1fff80c8        0x4 c:/program files (x86)/cypress/psoc creator/4.2/psoc creator/import/gnu/arm/5.4.1/bin/../lib/gcc/arm-none-eabi/5.4.1/armv7-m/crtend.o
 *(.got.plt)
 *(.got)
 *(.shdata)
 *(.data .data.* .gnu.linkonce.d.*)
 .data          0x1fff80cc        0x4 .\CortexM3\ARM_GCC_541\Debug\Cm3Start.o
 .data          0x1fff80d0        0x8 .\CortexM3\ARM_GCC_541\Debug\Led_Display_Extra_Credit.a(CyDmac.o)
 .data          0x1fff80d8       0x10 .\CortexM3\ARM_GCC_541\Debug\Led_Display_Extra_Credit.a(CyLib.o)
                0x1fff80d8                cydelay_32k_ms
                0x1fff80dc                cydelay_freq_khz
                0x1fff80e0                cydelay_freq_mhz
                0x1fff80e4                cydelay_freq_hz
 .data          0x1fff80e8       0x10 .\CortexM3\ARM_GCC_541\Debug\Led_Display_Extra_Credit.a(LED.o)
 .data          0x1fff80f8        0x1 .\CortexM3\ARM_GCC_541\Debug\Led_Display_Extra_Credit.a(LED_DMA_Com_dma.o)
                0x1fff80f8                LED_DMA_Com_DmaHandle
 .data          0x1fff80f9        0x1 .\CortexM3\ARM_GCC_541\Debug\Led_Display_Extra_Credit.a(LED_DMA_Seg_dma.o)
                0x1fff80f9                LED_DMA_Seg_DmaHandle
 *fill*         0x1fff80fa        0x2 
 .data.impure_data
                0x1fff80fc       0x60 c:/program files (x86)/cypress/psoc creator/4.2/psoc creator/import/gnu/arm/5.4.1/bin/../lib/gcc/arm-none-eabi/5.4.1/../../../../arm-none-eabi/lib/armv7-m\libg_nano.a(lib_a-impure.o)
 .data._impure_ptr
                0x1fff815c        0x4 c:/program files (x86)/cypress/psoc creator/4.2/psoc creator/import/gnu/arm/5.4.1/bin/../lib/gcc/arm-none-eabi/5.4.1/../../../../arm-none-eabi/lib/armv7-m\libg_nano.a(lib_a-impure.o)
                0x1fff815c                _impure_ptr
                0x1fff8160                . = ALIGN (0x8)
 *(.ram)
                0x1fff8160                _edata = .

.igot.plt       0x1fff8160        0x0 load address 0x00001028
 .igot.plt      0x1fff8160        0x0 c:/program files (x86)/cypress/psoc creator/4.2/psoc creator/import/gnu/arm/5.4.1/bin/../lib/gcc/arm-none-eabi/5.4.1/armv7-m/crtbegin.o

.bss            0x1fff8160       0x48 load address 0x00001028
                0x1fff8160                PROVIDE (__bss_start__, .)
 *(.shbss)
 *(.bss .bss.* .gnu.linkonce.b.*)
 .bss           0x1fff8160       0x1c c:/program files (x86)/cypress/psoc creator/4.2/psoc creator/import/gnu/arm/5.4.1/bin/../lib/gcc/arm-none-eabi/5.4.1/armv7-m/crtbegin.o
 .bss           0x1fff817c       0x17 .\CortexM3\ARM_GCC_541\Debug\Led_Display_Extra_Credit.a(LED.o)
                0x1fff8190                LED_enableVar
                0x1fff8192                LED_initVar
 *fill*         0x1fff8193        0x1 
 .bss.__malloc_sbrk_start
                0x1fff8194        0x4 c:/program files (x86)/cypress/psoc creator/4.2/psoc creator/import/gnu/arm/5.4.1/bin/../lib/gcc/arm-none-eabi/5.4.1/../../../../arm-none-eabi/lib/armv7-m\libg_nano.a(lib_a-nano-mallocr.o)
                0x1fff8194                __malloc_sbrk_start
 .bss.__malloc_free_list
                0x1fff8198        0x4 c:/program files (x86)/cypress/psoc creator/4.2/psoc creator/import/gnu/arm/5.4.1/bin/../lib/gcc/arm-none-eabi/5.4.1/../../../../arm-none-eabi/lib/armv7-m\libg_nano.a(lib_a-nano-mallocr.o)
                0x1fff8198                __malloc_free_list
 *(COMMON)
 COMMON         0x1fff819c        0x4 .\CortexM3\ARM_GCC_541\Debug\Led_Display_Extra_Credit.a(LED.o)
                0x1fff819c                LED_segLBuffer
 COMMON         0x1fff81a0        0x4 c:/program files (x86)/cypress/psoc creator/4.2/psoc creator/import/gnu/arm/5.4.1/bin/../lib/gcc/arm-none-eabi/5.4.1/../../../../arm-none-eabi/lib/armv7-m\libg_nano.a(lib_a-reent.o)
                0x1fff81a0                errno
                0x1fff81a8                . = ALIGN (0x8)
 *fill*         0x1fff81a4        0x4 
 *(.ram.b)
                0x1fff81a8                _end = .
                0x1fff81a8                __end = .
                0x1fff81a8                PROVIDE (end, .)
                0x1fff81a8                PROVIDE (__bss_end__, .)
                0x00000f90                __cy_region_init_ram = LOADADDR (.data)
                0x00000098                __cy_region_init_size_ram = (_edata - ADDR (.data))
                0x00000048                __cy_region_zero_size_ram = (_end - _edata)

.heap           0x1fff81a8       0x80 load address 0x00001028
                0x1fff81a8                . = _end
                0x1fff8228                . = (. + 0x80)
 *fill*         0x1fff81a8       0x80 
                0x1fff8228                __cy_heap_limit = .

.stack          0x20007800      0x800
                0x20007800                __cy_stack_limit = .
                0x20008000                . = (. + 0x800)
 *fill*         0x20007800      0x800 
                0x00000001                ASSERT ((__cy_stack_limit >= __cy_heap_limit), region RAM overflowed with stack)
                0x00000000                cy_checksum_exclude_size = (CY_APPL_LOADABLE == 0x1)?SIZEOF (.cy_checksum_exclude):0x0
                0x00000001                ASSERT ((cy_checksum_exclude_size <= CY_CHECKSUM_EXCLUDE_SIZE), CY_BOOT: Section .cy_checksum_exclude size exceedes specified limit.)

.cyloadermeta
 *(.cyloadermeta)

.cyloadablemeta
 *(.cyloadablemeta)

.cyconfigecc    0x80000000      0x180
 *(.cyconfigecc)
 .cyconfigecc   0x80000000      0x180 .\CortexM3\ARM_GCC_541\Debug\cymetadata.o
                0x80000000                cy_meta_configecc

.cycustnvl      0x90000000        0x4
 *(.cycustnvl)
 .cycustnvl     0x90000000        0x4 .\CortexM3\ARM_GCC_541\Debug\cymetadata.o
                0x90000000                cy_meta_custnvl

.cywolatch      0x90100000        0x4
 *(.cywolatch)
 .cywolatch     0x90100000        0x4 .\CortexM3\ARM_GCC_541\Debug\cymetadata.o
                0x90100000                cy_meta_wonvl

.cyeeprom       0x90200000        0x0
 *(.cyeeprom)
                0x00000001                ASSERT ((. <= ((0x90200000 + ee_offset) + ee_size)), .cyeeprom data will not fit in EEPROM)

.cyflashprotect
                0x90400000      0x100
 *(.cyflashprotect)
 .cyflashprotect
                0x90400000      0x100 .\CortexM3\ARM_GCC_541\Debug\cymetadata.o
                0x90400000                cy_meta_flashprotect

.cymeta         0x90500000        0xc
 *(.cymeta)
 .cymeta        0x90500000        0xc .\CortexM3\ARM_GCC_541\Debug\cymetadata.o
                0x90500000                cy_metadata

.rel.dyn        0x00001028        0x0 load address 0x9050000c
 .rel.iplt      0x00001028        0x0 c:/program files (x86)/cypress/psoc creator/4.2/psoc creator/import/gnu/arm/5.4.1/bin/../lib/gcc/arm-none-eabi/5.4.1/armv7-m/crtbegin.o

.stab
 *(.stab)

.stabstr
 *(.stabstr)

.debug
 *(.debug)

.line
 *(.line)

.debug_srcinfo
 *(.debug_srcinfo)

.debug_sfnames
 *(.debug_sfnames)

.debug_aranges  0x00000000      0x838
 *(.debug_aranges)
 .debug_aranges
                0x00000000       0x40 .\CortexM3\ARM_GCC_541\Debug\main.o
 .debug_aranges
                0x00000040       0x58 .\CortexM3\ARM_GCC_541\Debug\cyfitter_cfg.o
 .debug_aranges
                0x00000098       0x18 .\CortexM3\ARM_GCC_541\Debug\cymetadata.o
 .debug_aranges
                0x000000b0       0x48 .\CortexM3\ARM_GCC_541\Debug\Cm3Start.o
 .debug_aranges
                0x000000f8       0x38 .\CortexM3\ARM_GCC_541\Debug\Led_Display_Extra_Credit.a(nSW.o)
 .debug_aranges
                0x00000130       0xd8 .\CortexM3\ARM_GCC_541\Debug\Led_Display_Extra_Credit.a(CyDmac.o)
 .debug_aranges
                0x00000208      0x2a0 .\CortexM3\ARM_GCC_541\Debug\Led_Display_Extra_Credit.a(CyLib.o)
 .debug_aranges
                0x000004a8       0x98 .\CortexM3\ARM_GCC_541\Debug\Led_Display_Extra_Credit.a(cyPm.o)
 .debug_aranges
                0x00000540      0x158 .\CortexM3\ARM_GCC_541\Debug\Led_Display_Extra_Credit.a(LED.o)
 .debug_aranges
                0x00000698       0x28 .\CortexM3\ARM_GCC_541\Debug\Led_Display_Extra_Credit.a(LED_Com_Driver.o)
 .debug_aranges
                0x000006c0       0x28 .\CortexM3\ARM_GCC_541\Debug\Led_Display_Extra_Credit.a(LED_DMA_Com_dma.o)
 .debug_aranges
                0x000006e8       0x28 .\CortexM3\ARM_GCC_541\Debug\Led_Display_Extra_Credit.a(LED_DMA_Seg_dma.o)
 .debug_aranges
                0x00000710       0x20 .\CortexM3\ARM_GCC_541\Debug\Led_Display_Extra_Credit.a(CyBootAsmGnu.o)
 .debug_aranges
                0x00000730       0x88 .\CortexM3\ARM_GCC_541\Debug\Led_Display_Extra_Credit.a(CyFlash.o)
 .debug_aranges
                0x000007b8       0x80 .\CortexM3\ARM_GCC_541\Debug\Led_Display_Extra_Credit.a(CySpc.o)

.debug_pubnames
 *(.debug_pubnames)

.debug_info     0x00000000     0x5c3d
 *(.debug_info .gnu.linkonce.wi.*)
 .debug_info    0x00000000      0x477 .\CortexM3\ARM_GCC_541\Debug\main.o
 .debug_info    0x00000477      0x50a .\CortexM3\ARM_GCC_541\Debug\cyfitter_cfg.o
 .debug_info    0x00000981      0x135 .\CortexM3\ARM_GCC_541\Debug\cymetadata.o
 .debug_info    0x00000ab6      0x3cf .\CortexM3\ARM_GCC_541\Debug\Cm3Start.o
 .debug_info    0x00000e85      0x11f .\CortexM3\ARM_GCC_541\Debug\Led_Display_Extra_Credit.a(nSW.o)
 .debug_info    0x00000fa4      0x94e .\CortexM3\ARM_GCC_541\Debug\Led_Display_Extra_Credit.a(CyDmac.o)
 .debug_info    0x000018f2     0x1374 .\CortexM3\ARM_GCC_541\Debug\Led_Display_Extra_Credit.a(CyLib.o)
 .debug_info    0x00002c66      0xa2a .\CortexM3\ARM_GCC_541\Debug\Led_Display_Extra_Credit.a(cyPm.o)
 .debug_info    0x00003690     0x154e .\CortexM3\ARM_GCC_541\Debug\Led_Display_Extra_Credit.a(LED.o)
 .debug_info    0x00004bde       0xd6 .\CortexM3\ARM_GCC_541\Debug\Led_Display_Extra_Credit.a(LED_Com_Driver.o)
 .debug_info    0x00004cb4      0x1aa .\CortexM3\ARM_GCC_541\Debug\Led_Display_Extra_Credit.a(LED_DMA_Com_dma.o)
 .debug_info    0x00004e5e      0x1a8 .\CortexM3\ARM_GCC_541\Debug\Led_Display_Extra_Credit.a(LED_DMA_Seg_dma.o)
 .debug_info    0x00005006       0x9a .\CortexM3\ARM_GCC_541\Debug\Led_Display_Extra_Credit.a(CyBootAsmGnu.o)
 .debug_info    0x000050a0      0x64d .\CortexM3\ARM_GCC_541\Debug\Led_Display_Extra_Credit.a(CyFlash.o)
 .debug_info    0x000056ed      0x550 .\CortexM3\ARM_GCC_541\Debug\Led_Display_Extra_Credit.a(CySpc.o)

.debug_abbrev   0x00000000     0x1336
 *(.debug_abbrev)
 .debug_abbrev  0x00000000      0x167 .\CortexM3\ARM_GCC_541\Debug\main.o
 .debug_abbrev  0x00000167      0x1fe .\CortexM3\ARM_GCC_541\Debug\cyfitter_cfg.o
 .debug_abbrev  0x00000365       0x66 .\CortexM3\ARM_GCC_541\Debug\cymetadata.o
 .debug_abbrev  0x000003cb      0x1e8 .\CortexM3\ARM_GCC_541\Debug\Cm3Start.o
 .debug_abbrev  0x000005b3       0x90 .\CortexM3\ARM_GCC_541\Debug\Led_Display_Extra_Credit.a(nSW.o)
 .debug_abbrev  0x00000643      0x1b2 .\CortexM3\ARM_GCC_541\Debug\Led_Display_Extra_Credit.a(CyDmac.o)
 .debug_abbrev  0x000007f5      0x254 .\CortexM3\ARM_GCC_541\Debug\Led_Display_Extra_Credit.a(CyLib.o)
 .debug_abbrev  0x00000a49      0x1ab .\CortexM3\ARM_GCC_541\Debug\Led_Display_Extra_Credit.a(cyPm.o)
 .debug_abbrev  0x00000bf4      0x1d8 .\CortexM3\ARM_GCC_541\Debug\Led_Display_Extra_Credit.a(LED.o)
 .debug_abbrev  0x00000dcc       0x81 .\CortexM3\ARM_GCC_541\Debug\Led_Display_Extra_Credit.a(LED_Com_Driver.o)
 .debug_abbrev  0x00000e4d       0xcd .\CortexM3\ARM_GCC_541\Debug\Led_Display_Extra_Credit.a(LED_DMA_Com_dma.o)
 .debug_abbrev  0x00000f1a       0xcd .\CortexM3\ARM_GCC_541\Debug\Led_Display_Extra_Credit.a(LED_DMA_Seg_dma.o)
 .debug_abbrev  0x00000fe7       0x14 .\CortexM3\ARM_GCC_541\Debug\Led_Display_Extra_Credit.a(CyBootAsmGnu.o)
 .debug_abbrev  0x00000ffb      0x1a7 .\CortexM3\ARM_GCC_541\Debug\Led_Display_Extra_Credit.a(CyFlash.o)
 .debug_abbrev  0x000011a2      0x194 .\CortexM3\ARM_GCC_541\Debug\Led_Display_Extra_Credit.a(CySpc.o)

.debug_line     0x00000000     0x2521
 *(.debug_line)
 .debug_line    0x00000000      0x2b2 .\CortexM3\ARM_GCC_541\Debug\main.o
 .debug_line    0x000002b2      0x1d9 .\CortexM3\ARM_GCC_541\Debug\cyfitter_cfg.o
 .debug_line    0x0000048b      0x141 .\CortexM3\ARM_GCC_541\Debug\cymetadata.o
 .debug_line    0x000005cc      0x241 .\CortexM3\ARM_GCC_541\Debug\Cm3Start.o
 .debug_line    0x0000080d       0x90 .\CortexM3\ARM_GCC_541\Debug\Led_Display_Extra_Credit.a(nSW.o)
 .debug_line    0x0000089d      0x2e4 .\CortexM3\ARM_GCC_541\Debug\Led_Display_Extra_Credit.a(CyDmac.o)
 .debug_line    0x00000b81      0x816 .\CortexM3\ARM_GCC_541\Debug\Led_Display_Extra_Credit.a(CyLib.o)
 .debug_line    0x00001397      0x367 .\CortexM3\ARM_GCC_541\Debug\Led_Display_Extra_Credit.a(cyPm.o)
 .debug_line    0x000016fe      0x7bd .\CortexM3\ARM_GCC_541\Debug\Led_Display_Extra_Credit.a(LED.o)
 .debug_line    0x00001ebb       0x76 .\CortexM3\ARM_GCC_541\Debug\Led_Display_Extra_Credit.a(LED_Com_Driver.o)
 .debug_line    0x00001f31       0x88 .\CortexM3\ARM_GCC_541\Debug\Led_Display_Extra_Credit.a(LED_DMA_Com_dma.o)
 .debug_line    0x00001fb9       0x88 .\CortexM3\ARM_GCC_541\Debug\Led_Display_Extra_Credit.a(LED_DMA_Seg_dma.o)
 .debug_line    0x00002041       0x66 .\CortexM3\ARM_GCC_541\Debug\Led_Display_Extra_Credit.a(CyBootAsmGnu.o)
 .debug_line    0x000020a7      0x21a .\CortexM3\ARM_GCC_541\Debug\Led_Display_Extra_Credit.a(CyFlash.o)
 .debug_line    0x000022c1      0x260 .\CortexM3\ARM_GCC_541\Debug\Led_Display_Extra_Credit.a(CySpc.o)

.debug_frame    0x00000000     0x188c
 *(.debug_frame)
 .debug_frame   0x00000000       0xb0 .\CortexM3\ARM_GCC_541\Debug\main.o
 .debug_frame   0x000000b0       0xe4 .\CortexM3\ARM_GCC_541\Debug\cyfitter_cfg.o
 .debug_frame   0x00000194       0xb8 .\CortexM3\ARM_GCC_541\Debug\Cm3Start.o
 .debug_frame   0x0000024c       0x50 .\CortexM3\ARM_GCC_541\Debug\Led_Display_Extra_Credit.a(nSW.o)
 .debug_frame   0x0000029c      0x1f8 .\CortexM3\ARM_GCC_541\Debug\Led_Display_Extra_Credit.a(CyDmac.o)
 .debug_frame   0x00000494      0x738 .\CortexM3\ARM_GCC_541\Debug\Led_Display_Extra_Credit.a(CyLib.o)
 .debug_frame   0x00000bcc      0x1f8 .\CortexM3\ARM_GCC_541\Debug\Led_Display_Extra_Credit.a(cyPm.o)
 .debug_frame   0x00000dc4      0x490 .\CortexM3\ARM_GCC_541\Debug\Led_Display_Extra_Credit.a(LED.o)
 .debug_frame   0x00001254       0x30 .\CortexM3\ARM_GCC_541\Debug\Led_Display_Extra_Credit.a(LED_Com_Driver.o)
 .debug_frame   0x00001284       0x54 .\CortexM3\ARM_GCC_541\Debug\Led_Display_Extra_Credit.a(LED_DMA_Com_dma.o)
 .debug_frame   0x000012d8       0x54 .\CortexM3\ARM_GCC_541\Debug\Led_Display_Extra_Credit.a(LED_DMA_Seg_dma.o)
 .debug_frame   0x0000132c      0x194 .\CortexM3\ARM_GCC_541\Debug\Led_Display_Extra_Credit.a(CyFlash.o)
 .debug_frame   0x000014c0      0x180 .\CortexM3\ARM_GCC_541\Debug\Led_Display_Extra_Credit.a(CySpc.o)
 .debug_frame   0x00001640       0x20 c:/program files (x86)/cypress/psoc creator/4.2/psoc creator/import/gnu/arm/5.4.1/bin/../lib/gcc/arm-none-eabi/5.4.1/../../../../arm-none-eabi/lib/armv7-m\libg_nano.a(lib_a-errno.o)
 .debug_frame   0x00001660       0x28 c:/program files (x86)/cypress/psoc creator/4.2/psoc creator/import/gnu/arm/5.4.1/bin/../lib/gcc/arm-none-eabi/5.4.1/../../../../arm-none-eabi/lib/armv7-m\libg_nano.a(lib_a-exit.o)
 .debug_frame   0x00001688       0x2c c:/program files (x86)/cypress/psoc creator/4.2/psoc creator/import/gnu/arm/5.4.1/bin/../lib/gcc/arm-none-eabi/5.4.1/../../../../arm-none-eabi/lib/armv7-m\libg_nano.a(lib_a-init.o)
 .debug_frame   0x000016b4       0x28 c:/program files (x86)/cypress/psoc creator/4.2/psoc creator/import/gnu/arm/5.4.1/bin/../lib/gcc/arm-none-eabi/5.4.1/../../../../arm-none-eabi/lib/armv7-m\libg_nano.a(lib_a-memcpy-stub.o)
 .debug_frame   0x000016dc       0x20 c:/program files (x86)/cypress/psoc creator/4.2/psoc creator/import/gnu/arm/5.4.1/bin/../lib/gcc/arm-none-eabi/5.4.1/../../../../arm-none-eabi/lib/armv7-m\libg_nano.a(lib_a-memset.o)
 .debug_frame   0x000016fc       0x44 c:/program files (x86)/cypress/psoc creator/4.2/psoc creator/import/gnu/arm/5.4.1/bin/../lib/gcc/arm-none-eabi/5.4.1/../../../../arm-none-eabi/lib/armv7-m\libg_nano.a(lib_a-rand.o)
 .debug_frame   0x00001740       0x30 c:/program files (x86)/cypress/psoc creator/4.2/psoc creator/import/gnu/arm/5.4.1/bin/../lib/gcc/arm-none-eabi/5.4.1/../../../../arm-none-eabi/lib/armv7-m\libg_nano.a(lib_a-malloc.o)
 .debug_frame   0x00001770       0x38 c:/program files (x86)/cypress/psoc creator/4.2/psoc creator/import/gnu/arm/5.4.1/bin/../lib/gcc/arm-none-eabi/5.4.1/../../../../arm-none-eabi/lib/armv7-m\libg_nano.a(lib_a-nano-freer.o)
 .debug_frame   0x000017a8       0x2c c:/program files (x86)/cypress/psoc creator/4.2/psoc creator/import/gnu/arm/5.4.1/bin/../lib/gcc/arm-none-eabi/5.4.1/../../../../arm-none-eabi/lib/armv7-m\libg_nano.a(lib_a-nano-mallocr.o)
 .debug_frame   0x000017d4       0x2c c:/program files (x86)/cypress/psoc creator/4.2/psoc creator/import/gnu/arm/5.4.1/bin/../lib/gcc/arm-none-eabi/5.4.1/../../../../arm-none-eabi/lib/armv7-m\libg_nano.a(lib_a-sbrkr.o)
 .debug_frame   0x00001800       0x30 c:/program files (x86)/cypress/psoc creator/4.2/psoc creator/import/gnu/arm/5.4.1/bin/../lib/gcc/arm-none-eabi/5.4.1/../../../../arm-none-eabi/lib/armv7-m\libg_nano.a(lib_a-mlock.o)
 .debug_frame   0x00001830       0x5c c:/program files (x86)/cypress/psoc creator/4.2/psoc creator/import/gnu/arm/5.4.1/bin/../lib/gcc/arm-none-eabi/5.4.1/../../../../arm-none-eabi/lib/armv7-m\libg_nano.a(lib_a-reent.o)

.debug_str      0x00000000     0x1d8d
 *(.debug_str)
 .debug_str     0x00000000      0x21b .\CortexM3\ARM_GCC_541\Debug\main.o
                                0x26c (size before relaxing)
 .debug_str     0x0000021b      0x181 .\CortexM3\ARM_GCC_541\Debug\cyfitter_cfg.o
                                0x319 (size before relaxing)
 .debug_str     0x0000039c       0x7f .\CortexM3\ARM_GCC_541\Debug\cymetadata.o
                                0x1ee (size before relaxing)
 .debug_str     0x0000041b      0x154 .\CortexM3\ARM_GCC_541\Debug\Cm3Start.o
                                0x324 (size before relaxing)
 .debug_str     0x0000056f       0x58 .\CortexM3\ARM_GCC_541\Debug\Led_Display_Extra_Credit.a(nSW.o)
                                0x1e2 (size before relaxing)
 .debug_str     0x000005c7      0x392 .\CortexM3\ARM_GCC_541\Debug\Led_Display_Extra_Credit.a(CyDmac.o)
                                0x554 (size before relaxing)
 .debug_str     0x00000959      0x7e5 .\CortexM3\ARM_GCC_541\Debug\Led_Display_Extra_Credit.a(CyLib.o)
                                0xa51 (size before relaxing)
 .debug_str     0x0000113e      0x365 .\CortexM3\ARM_GCC_541\Debug\Led_Display_Extra_Credit.a(cyPm.o)
                                0x73d (size before relaxing)
 .debug_str     0x000014a3      0x558 .\CortexM3\ARM_GCC_541\Debug\Led_Display_Extra_Credit.a(LED.o)
                                0x815 (size before relaxing)
 .debug_str     0x000019fb       0x44 .\CortexM3\ARM_GCC_541\Debug\Led_Display_Extra_Credit.a(LED_Com_Driver.o)
                                0x1d4 (size before relaxing)
 .debug_str     0x00001a3f       0x91 .\CortexM3\ARM_GCC_541\Debug\Led_Display_Extra_Credit.a(LED_DMA_Com_dma.o)
                                0x28e (size before relaxing)
 .debug_str     0x00001ad0       0x56 .\CortexM3\ARM_GCC_541\Debug\Led_Display_Extra_Credit.a(LED_DMA_Seg_dma.o)
                                0x28e (size before relaxing)
 .debug_str     0x00001b26      0x1bb .\CortexM3\ARM_GCC_541\Debug\Led_Display_Extra_Credit.a(CyFlash.o)
                                0x3ca (size before relaxing)
 .debug_str     0x00001ce1       0xac .\CortexM3\ARM_GCC_541\Debug\Led_Display_Extra_Credit.a(CySpc.o)
                                0x342 (size before relaxing)

.debug_loc      0x00000000     0x4034
 *(.debug_loc)
 .debug_loc     0x00000000      0x243 .\CortexM3\ARM_GCC_541\Debug\main.o
 .debug_loc     0x00000243      0x1d7 .\CortexM3\ARM_GCC_541\Debug\cyfitter_cfg.o
 .debug_loc     0x0000041a      0x144 .\CortexM3\ARM_GCC_541\Debug\Cm3Start.o
 .debug_loc     0x0000055e       0x42 .\CortexM3\ARM_GCC_541\Debug\Led_Display_Extra_Credit.a(nSW.o)
 .debug_loc     0x000005a0      0xb8e .\CortexM3\ARM_GCC_541\Debug\Led_Display_Extra_Credit.a(CyDmac.o)
 .debug_loc     0x0000112e      0xa11 .\CortexM3\ARM_GCC_541\Debug\Led_Display_Extra_Credit.a(CyLib.o)
 .debug_loc     0x00001b3f      0x1e4 .\CortexM3\ARM_GCC_541\Debug\Led_Display_Extra_Credit.a(cyPm.o)
 .debug_loc     0x00001d23     0x1752 .\CortexM3\ARM_GCC_541\Debug\Led_Display_Extra_Credit.a(LED.o)
 .debug_loc     0x00003475       0x84 .\CortexM3\ARM_GCC_541\Debug\Led_Display_Extra_Credit.a(LED_DMA_Com_dma.o)
 .debug_loc     0x000034f9       0x84 .\CortexM3\ARM_GCC_541\Debug\Led_Display_Extra_Credit.a(LED_DMA_Seg_dma.o)
 .debug_loc     0x0000357d      0x3b2 .\CortexM3\ARM_GCC_541\Debug\Led_Display_Extra_Credit.a(CyFlash.o)
 .debug_loc     0x0000392f      0x705 .\CortexM3\ARM_GCC_541\Debug\Led_Display_Extra_Credit.a(CySpc.o)

.debug_macinfo
 *(.debug_macinfo)

.debug_ranges   0x00000000      0x768
 *(.debug_ranges)
 .debug_ranges  0x00000000       0x68 .\CortexM3\ARM_GCC_541\Debug\main.o
 .debug_ranges  0x00000068       0x48 .\CortexM3\ARM_GCC_541\Debug\cyfitter_cfg.o
 .debug_ranges  0x000000b0       0x38 .\CortexM3\ARM_GCC_541\Debug\Cm3Start.o
 .debug_ranges  0x000000e8       0x28 .\CortexM3\ARM_GCC_541\Debug\Led_Display_Extra_Credit.a(nSW.o)
 .debug_ranges  0x00000110       0xc8 .\CortexM3\ARM_GCC_541\Debug\Led_Display_Extra_Credit.a(CyDmac.o)
 .debug_ranges  0x000001d8      0x290 .\CortexM3\ARM_GCC_541\Debug\Led_Display_Extra_Credit.a(CyLib.o)
 .debug_ranges  0x00000468       0x88 .\CortexM3\ARM_GCC_541\Debug\Led_Display_Extra_Credit.a(cyPm.o)
 .debug_ranges  0x000004f0      0x148 .\CortexM3\ARM_GCC_541\Debug\Led_Display_Extra_Credit.a(LED.o)
 .debug_ranges  0x00000638       0x18 .\CortexM3\ARM_GCC_541\Debug\Led_Display_Extra_Credit.a(LED_Com_Driver.o)
 .debug_ranges  0x00000650       0x18 .\CortexM3\ARM_GCC_541\Debug\Led_Display_Extra_Credit.a(LED_DMA_Com_dma.o)
 .debug_ranges  0x00000668       0x18 .\CortexM3\ARM_GCC_541\Debug\Led_Display_Extra_Credit.a(LED_DMA_Seg_dma.o)
 .debug_ranges  0x00000680       0x78 .\CortexM3\ARM_GCC_541\Debug\Led_Display_Extra_Credit.a(CyFlash.o)
 .debug_ranges  0x000006f8       0x70 .\CortexM3\ARM_GCC_541\Debug\Led_Display_Extra_Credit.a(CySpc.o)

.comment        0x00000000       0x6e
 .comment       0x00000000       0x6e .\CortexM3\ARM_GCC_541\Debug\main.o
                                 0x6f (size before relaxing)
 .comment       0x0000006e       0x6f .\CortexM3\ARM_GCC_541\Debug\cyfitter_cfg.o
 .comment       0x0000006e       0x6f .\CortexM3\ARM_GCC_541\Debug\cymetadata.o
 .comment       0x0000006e       0x6f .\CortexM3\ARM_GCC_541\Debug\Cm3Start.o
 .comment       0x0000006e       0x6f .\CortexM3\ARM_GCC_541\Debug\Led_Display_Extra_Credit.a(nSW.o)
 .comment       0x0000006e       0x6f .\CortexM3\ARM_GCC_541\Debug\Led_Display_Extra_Credit.a(CyDmac.o)
 .comment       0x0000006e       0x6f .\CortexM3\ARM_GCC_541\Debug\Led_Display_Extra_Credit.a(CyLib.o)
 .comment       0x0000006e       0x6f .\CortexM3\ARM_GCC_541\Debug\Led_Display_Extra_Credit.a(cyPm.o)
 .comment       0x0000006e       0x6f .\CortexM3\ARM_GCC_541\Debug\Led_Display_Extra_Credit.a(LED.o)
 .comment       0x0000006e       0x6f .\CortexM3\ARM_GCC_541\Debug\Led_Display_Extra_Credit.a(LED_Com_Driver.o)
 .comment       0x0000006e       0x6f .\CortexM3\ARM_GCC_541\Debug\Led_Display_Extra_Credit.a(LED_DMA_Com_dma.o)
 .comment       0x0000006e       0x6f .\CortexM3\ARM_GCC_541\Debug\Led_Display_Extra_Credit.a(LED_DMA_Seg_dma.o)
 .comment       0x0000006e       0x6f .\CortexM3\ARM_GCC_541\Debug\Led_Display_Extra_Credit.a(CyFlash.o)
 .comment       0x0000006e       0x6f .\CortexM3\ARM_GCC_541\Debug\Led_Display_Extra_Credit.a(CySpc.o)

.debug_weaknames
 *(.debug_weaknames)

.debug_funcnames
 *(.debug_funcnames)

.debug_typenames
 *(.debug_typenames)

.debug_varnames
 *(.debug_varnames)

.note.gnu.arm.ident
 *(.note.gnu.arm.ident)

.ARM.attributes
                0x00000000       0x29
 *(.ARM.attributes)
 .ARM.attributes
                0x00000000       0x1d c:/program files (x86)/cypress/psoc creator/4.2/psoc creator/import/gnu/arm/5.4.1/bin/../lib/gcc/arm-none-eabi/5.4.1/armv7-m/crti.o
 .ARM.attributes
                0x0000001d       0x2d c:/program files (x86)/cypress/psoc creator/4.2/psoc creator/import/gnu/arm/5.4.1/bin/../lib/gcc/arm-none-eabi/5.4.1/armv7-m/crtbegin.o
 .ARM.attributes
                0x0000004a       0x1b c:/program files (x86)/cypress/psoc creator/4.2/psoc creator/import/gnu/arm/5.4.1/bin/../lib/gcc/arm-none-eabi/5.4.1/../../../../arm-none-eabi/lib/armv7-m/crt0.o
 .ARM.attributes
                0x00000065       0x33 .\CortexM3\ARM_GCC_541\Debug\main.o
 .ARM.attributes
                0x00000098       0x33 .\CortexM3\ARM_GCC_541\Debug\cyfitter_cfg.o
 .ARM.attributes
                0x000000cb       0x33 .\CortexM3\ARM_GCC_541\Debug\cymetadata.o
 .ARM.attributes
                0x000000fe       0x33 .\CortexM3\ARM_GCC_541\Debug\Cm3Start.o
 .ARM.attributes
                0x00000131       0x33 .\CortexM3\ARM_GCC_541\Debug\Led_Display_Extra_Credit.a(nSW.o)
 .ARM.attributes
                0x00000164       0x33 .\CortexM3\ARM_GCC_541\Debug\Led_Display_Extra_Credit.a(CyDmac.o)
 .ARM.attributes
                0x00000197       0x33 .\CortexM3\ARM_GCC_541\Debug\Led_Display_Extra_Credit.a(CyLib.o)
 .ARM.attributes
                0x000001ca       0x33 .\CortexM3\ARM_GCC_541\Debug\Led_Display_Extra_Credit.a(cyPm.o)
 .ARM.attributes
                0x000001fd       0x33 .\CortexM3\ARM_GCC_541\Debug\Led_Display_Extra_Credit.a(LED.o)
 .ARM.attributes
                0x00000230       0x33 .\CortexM3\ARM_GCC_541\Debug\Led_Display_Extra_Credit.a(LED_Com_Driver.o)
 .ARM.attributes
                0x00000263       0x33 .\CortexM3\ARM_GCC_541\Debug\Led_Display_Extra_Credit.a(LED_DMA_Com_dma.o)
 .ARM.attributes
                0x00000296       0x33 .\CortexM3\ARM_GCC_541\Debug\Led_Display_Extra_Credit.a(LED_DMA_Seg_dma.o)
 .ARM.attributes
                0x000002c9       0x21 .\CortexM3\ARM_GCC_541\Debug\Led_Display_Extra_Credit.a(CyBootAsmGnu.o)
 .ARM.attributes
                0x000002ea       0x33 .\CortexM3\ARM_GCC_541\Debug\Led_Display_Extra_Credit.a(CyFlash.o)
 .ARM.attributes
                0x0000031d       0x33 .\CortexM3\ARM_GCC_541\Debug\Led_Display_Extra_Credit.a(CySpc.o)
 .ARM.attributes
                0x00000350       0x2d c:/program files (x86)/cypress/psoc creator/4.2/psoc creator/import/gnu/arm/5.4.1/bin/../lib/gcc/arm-none-eabi/5.4.1/../../../../arm-none-eabi/lib/armv7-m\libg_nano.a(lib_a-errno.o)
 .ARM.attributes
                0x0000037d       0x2d c:/program files (x86)/cypress/psoc creator/4.2/psoc creator/import/gnu/arm/5.4.1/bin/../lib/gcc/arm-none-eabi/5.4.1/../../../../arm-none-eabi/lib/armv7-m\libg_nano.a(lib_a-exit.o)
 .ARM.attributes
                0x000003aa       0x2d c:/program files (x86)/cypress/psoc creator/4.2/psoc creator/import/gnu/arm/5.4.1/bin/../lib/gcc/arm-none-eabi/5.4.1/../../../../arm-none-eabi/lib/armv7-m\libg_nano.a(lib_a-impure.o)
 .ARM.attributes
                0x000003d7       0x2d c:/program files (x86)/cypress/psoc creator/4.2/psoc creator/import/gnu/arm/5.4.1/bin/../lib/gcc/arm-none-eabi/5.4.1/../../../../arm-none-eabi/lib/armv7-m\libg_nano.a(lib_a-init.o)
 .ARM.attributes
                0x00000404       0x2d c:/program files (x86)/cypress/psoc creator/4.2/psoc creator/import/gnu/arm/5.4.1/bin/../lib/gcc/arm-none-eabi/5.4.1/../../../../arm-none-eabi/lib/armv7-m\libg_nano.a(lib_a-memcpy-stub.o)
 .ARM.attributes
                0x00000431       0x2d c:/program files (x86)/cypress/psoc creator/4.2/psoc creator/import/gnu/arm/5.4.1/bin/../lib/gcc/arm-none-eabi/5.4.1/../../../../arm-none-eabi/lib/armv7-m\libg_nano.a(lib_a-memset.o)
 .ARM.attributes
                0x0000045e       0x2d c:/program files (x86)/cypress/psoc creator/4.2/psoc creator/import/gnu/arm/5.4.1/bin/../lib/gcc/arm-none-eabi/5.4.1/../../../../arm-none-eabi/lib/armv7-m\libg_nano.a(lib_a-rand.o)
 .ARM.attributes
                0x0000048b       0x17 c:/program files (x86)/cypress/psoc creator/4.2/psoc creator/import/gnu/arm/5.4.1/bin/../lib/gcc/arm-none-eabi/5.4.1/../../../../arm-none-eabi/lib/armv7-m\libg_nano.a(lib_a-strlen.o)
 .ARM.attributes
                0x000004a2       0x2d c:/program files (x86)/cypress/psoc creator/4.2/psoc creator/import/gnu/arm/5.4.1/bin/../lib/gcc/arm-none-eabi/5.4.1/../../../../arm-none-eabi/lib/armv7-m\libg_nano.a(lib_a-malloc.o)
 .ARM.attributes
                0x000004cf       0x2d c:/program files (x86)/cypress/psoc creator/4.2/psoc creator/import/gnu/arm/5.4.1/bin/../lib/gcc/arm-none-eabi/5.4.1/../../../../arm-none-eabi/lib/armv7-m\libg_nano.a(lib_a-nano-freer.o)
 .ARM.attributes
                0x000004fc       0x2d c:/program files (x86)/cypress/psoc creator/4.2/psoc creator/import/gnu/arm/5.4.1/bin/../lib/gcc/arm-none-eabi/5.4.1/../../../../arm-none-eabi/lib/armv7-m\libg_nano.a(lib_a-nano-mallocr.o)
 .ARM.attributes
                0x00000529       0x2d c:/program files (x86)/cypress/psoc creator/4.2/psoc creator/import/gnu/arm/5.4.1/bin/../lib/gcc/arm-none-eabi/5.4.1/../../../../arm-none-eabi/lib/armv7-m\libg_nano.a(lib_a-sbrkr.o)
 .ARM.attributes
                0x00000556       0x2d c:/program files (x86)/cypress/psoc creator/4.2/psoc creator/import/gnu/arm/5.4.1/bin/../lib/gcc/arm-none-eabi/5.4.1/../../../../arm-none-eabi/lib/armv7-m\libg_nano.a(lib_a-mlock.o)
 .ARM.attributes
                0x00000583       0x2d c:/program files (x86)/cypress/psoc creator/4.2/psoc creator/import/gnu/arm/5.4.1/bin/../lib/gcc/arm-none-eabi/5.4.1/../../../../arm-none-eabi/lib/armv7-m\libg_nano.a(lib_a-reent.o)
 .ARM.attributes
                0x000005b0       0x2d c:/program files (x86)/cypress/psoc creator/4.2/psoc creator/import/gnu/arm/5.4.1/bin/../lib/gcc/arm-none-eabi/5.4.1/armv7-m/crtend.o
 .ARM.attributes
                0x000005dd       0x1d c:/program files (x86)/cypress/psoc creator/4.2/psoc creator/import/gnu/arm/5.4.1/bin/../lib/gcc/arm-none-eabi/5.4.1/armv7-m/crtn.o

/DISCARD/
 *(.note.GNU-stack)
OUTPUT(C:\Users\Tri94\Documents\PSoC Creator\EE4450\Led_Display_Extra_Credit.cydsn\CortexM3\ARM_GCC_541\Debug\Led_Display_Extra_Credit.elf elf32-littlearm)
